Archive member included to satisfy reference by file (symbol)

d:/gcc-arm-none-eabi/bin/../lib/gcc/arm-none-eabi/9.3.1/thumb/v7-m/nofp\libgcc.a(_arm_muldf3.o)
                              CMakeFiles/newfolder.elf.dir/Hardware/adc1.c.obj (__aeabi_dmul)
d:/gcc-arm-none-eabi/bin/../lib/gcc/arm-none-eabi/9.3.1/thumb/v7-m/nofp\libgcc.a(_arm_addsubdf3.o)
                              CMakeFiles/newfolder.elf.dir/Hardware/adc1.c.obj (__aeabi_ui2d)
d:/gcc-arm-none-eabi/bin/../lib/gcc/arm-none-eabi/9.3.1/thumb/v7-m/nofp\libgcc.a(_arm_truncdfsf2.o)
                              CMakeFiles/newfolder.elf.dir/Hardware/adc1.c.obj (__aeabi_d2f)
d:/gcc-arm-none-eabi/bin/../lib/gcc/arm-none-eabi/9.3.1/thumb/v7-m/nofp\libgcc.a(_arm_addsubsf3.o)
                              CMakeFiles/newfolder.elf.dir/Hardware/adc1.c.obj (__aeabi_fadd)
d:/gcc-arm-none-eabi/bin/../lib/gcc/arm-none-eabi/9.3.1/thumb/v7-m/nofp\libgcc.a(_arm_fixunssfsi.o)
                              CMakeFiles/newfolder.elf.dir/Hardware/adc1.c.obj (__aeabi_f2uiz)
d:/gcc-arm-none-eabi/bin/../lib/gcc/arm-none-eabi/9.3.1/../../../../arm-none-eabi/lib/thumb/v7-m/nofp\libg.a(lib_a-errno.o)
                              CMakeFiles/newfolder.elf.dir/Core/Src/syscalls.c.obj (__errno)
d:/gcc-arm-none-eabi/bin/../lib/gcc/arm-none-eabi/9.3.1/../../../../arm-none-eabi/lib/thumb/v7-m/nofp\libg.a(lib_a-exit.o)
                              d:/gcc-arm-none-eabi/bin/../lib/gcc/arm-none-eabi/9.3.1/../../../../arm-none-eabi/lib/thumb/v7-m/nofp/crt0.o (exit)
d:/gcc-arm-none-eabi/bin/../lib/gcc/arm-none-eabi/9.3.1/../../../../arm-none-eabi/lib/thumb/v7-m/nofp\libg.a(lib_a-impure.o)
                              d:/gcc-arm-none-eabi/bin/../lib/gcc/arm-none-eabi/9.3.1/../../../../arm-none-eabi/lib/thumb/v7-m/nofp\libg.a(lib_a-exit.o) (_global_impure_ptr)
d:/gcc-arm-none-eabi/bin/../lib/gcc/arm-none-eabi/9.3.1/../../../../arm-none-eabi/lib/thumb/v7-m/nofp\libg.a(lib_a-init.o)
                              d:/gcc-arm-none-eabi/bin/../lib/gcc/arm-none-eabi/9.3.1/../../../../arm-none-eabi/lib/thumb/v7-m/nofp/crt0.o (__libc_init_array)
d:/gcc-arm-none-eabi/bin/../lib/gcc/arm-none-eabi/9.3.1/../../../../arm-none-eabi/lib/thumb/v7-m/nofp\libg.a(lib_a-memset.o)
                              d:/gcc-arm-none-eabi/bin/../lib/gcc/arm-none-eabi/9.3.1/../../../../arm-none-eabi/lib/thumb/v7-m/nofp/crt0.o (memset)
d:/gcc-arm-none-eabi/bin/../lib/gcc/arm-none-eabi/9.3.1/../../../../arm-none-eabi/lib/thumb/v7-m/nofp\libg.a(lib_a-strlen-stub.o)
                              CMakeFiles/newfolder.elf.dir/Hardware/uart.c.obj (strlen)
d:/gcc-arm-none-eabi/bin/../lib/gcc/arm-none-eabi/9.3.1/../../../../arm-none-eabi/lib/thumb/v7-m/nofp\libg.a(lib_a-vsprintf.o)
                              CMakeFiles/newfolder.elf.dir/Hardware/uart.c.obj (vsprintf)
d:/gcc-arm-none-eabi/bin/../lib/gcc/arm-none-eabi/9.3.1/../../../../arm-none-eabi/lib/thumb/v7-m/nofp\libg.a(lib_a-__call_atexit.o)
                              d:/gcc-arm-none-eabi/bin/../lib/gcc/arm-none-eabi/9.3.1/../../../../arm-none-eabi/lib/thumb/v7-m/nofp\libg.a(lib_a-exit.o) (__call_exitprocs)
d:/gcc-arm-none-eabi/bin/../lib/gcc/arm-none-eabi/9.3.1/../../../../arm-none-eabi/lib/thumb/v7-m/nofp\libg.a(lib_a-atexit.o)
                              d:/gcc-arm-none-eabi/bin/../lib/gcc/arm-none-eabi/9.3.1/../../../../arm-none-eabi/lib/thumb/v7-m/nofp\libg.a(lib_a-__call_atexit.o) (atexit)
d:/gcc-arm-none-eabi/bin/../lib/gcc/arm-none-eabi/9.3.1/../../../../arm-none-eabi/lib/thumb/v7-m/nofp\libg.a(lib_a-fini.o)
                              d:/gcc-arm-none-eabi/bin/../lib/gcc/arm-none-eabi/9.3.1/../../../../arm-none-eabi/lib/thumb/v7-m/nofp\libg.a(lib_a-__call_atexit.o) (__libc_fini_array)
d:/gcc-arm-none-eabi/bin/../lib/gcc/arm-none-eabi/9.3.1/../../../../arm-none-eabi/lib/thumb/v7-m/nofp\libg.a(lib_a-lock.o)
                              d:/gcc-arm-none-eabi/bin/../lib/gcc/arm-none-eabi/9.3.1/../../../../arm-none-eabi/lib/thumb/v7-m/nofp\libg.a(lib_a-__call_atexit.o) (__retarget_lock_acquire_recursive)
d:/gcc-arm-none-eabi/bin/../lib/gcc/arm-none-eabi/9.3.1/../../../../arm-none-eabi/lib/thumb/v7-m/nofp\libg.a(lib_a-svfprintf.o)
                              d:/gcc-arm-none-eabi/bin/../lib/gcc/arm-none-eabi/9.3.1/../../../../arm-none-eabi/lib/thumb/v7-m/nofp\libg.a(lib_a-vsprintf.o) (_svfprintf_r)
d:/gcc-arm-none-eabi/bin/../lib/gcc/arm-none-eabi/9.3.1/../../../../arm-none-eabi/lib/thumb/v7-m/nofp\libg.a(lib_a-__atexit.o)
                              d:/gcc-arm-none-eabi/bin/../lib/gcc/arm-none-eabi/9.3.1/../../../../arm-none-eabi/lib/thumb/v7-m/nofp\libg.a(lib_a-atexit.o) (__register_exitproc)
d:/gcc-arm-none-eabi/bin/../lib/gcc/arm-none-eabi/9.3.1/../../../../arm-none-eabi/lib/thumb/v7-m/nofp\libg.a(lib_a-dtoa.o)
                              d:/gcc-arm-none-eabi/bin/../lib/gcc/arm-none-eabi/9.3.1/../../../../arm-none-eabi/lib/thumb/v7-m/nofp\libg.a(lib_a-svfprintf.o) (_dtoa_r)
[...]
Memory Configuration

Name             Origin             Length             Attributes
RAM              0x20000000         0x00010000         xrw
FLASH            0x08000000         0x00080000         xr
*default*        0x00000000         0xffffffff

Linker script and memory map

LOAD d:/gcc-arm-none-eabi/bin/../lib/gcc/arm-none-eabi/9.3.1/thumb/v7-m/nofp/crti.o
LOAD d:/gcc-arm-none-eabi/bin/../lib/gcc/arm-none-eabi/9.3.1/thumb/v7-m/nofp/crtbegin.o
LOAD d:/gcc-arm-none-eabi/bin/../lib/gcc/arm-none-eabi/9.3.1/../../../../arm-none-eabi/lib/thumb/v7-m/nofp/crt0.o
LOAD CMakeFiles/newfolder.elf.dir/Core/Src/main.c.obj
LOAD CMakeFiles/newfolder.elf.dir/Core/Src/stm32f1xx_hal_msp.c.obj
LOAD CMakeFiles/newfolder.elf.dir/Core/Src/stm32f1xx_it.c.obj
LOAD CMakeFiles/newfolder.elf.dir/Core/Src/syscalls.c.obj
LOAD CMakeFiles/newfolder.elf.dir/Core/Src/system_stm32f1xx.c.obj
LOAD CMakeFiles/newfolder.elf.dir/Drivers/STM32F1xx_HAL_Driver/Src/stm32f1xx_hal.c.obj
LOAD CMakeFiles/newfolder.elf.dir/Drivers/STM32F1xx_HAL_Driver/Src/stm32f1xx_hal_adc.c.obj
LOAD CMakeFiles/newfolder.elf.dir/Drivers/STM32F1xx_HAL_Driver/Src/stm32f1xx_hal_adc_ex.c.obj
LOAD CMakeFiles/newfolder.elf.dir/Drivers/STM32F1xx_HAL_Driver/Src/stm32f1xx_hal_cortex.c.obj
LOAD CMakeFiles/newfolder.elf.dir/Drivers/STM32F1xx_HAL_Driver/Src/stm32f1xx_hal_dma.c.obj
LOAD CMakeFiles/newfolder.elf.dir/Drivers/STM32F1xx_HAL_Driver/Src/stm32f1xx_hal_exti.c.obj
LOAD CMakeFiles/newfolder.elf.dir/Drivers/STM32F1xx_HAL_Driver/Src/stm32f1xx_hal_flash.c.obj
LOAD CMakeFiles/newfolder.elf.dir/Drivers/STM32F1xx_HAL_Driver/Src/stm32f1xx_hal_flash_ex.c.obj
LOAD CMakeFiles/newfolder.elf.dir/Drivers/STM32F1xx_HAL_Driver/Src/stm32f1xx_hal_gpio.c.obj
LOAD CMakeFiles/newfolder.elf.dir/Drivers/STM32F1xx_HAL_Driver/Src/stm32f1xx_hal_gpio_ex.c.obj
LOAD CMakeFiles/newfolder.elf.dir/Drivers/STM32F1xx_HAL_Driver/Src/stm32f1xx_hal_iwdg.c.obj
LOAD CMakeFiles/newfolder.elf.dir/Drivers/STM32F1xx_HAL_Driver/Src/stm32f1xx_hal_pwr.c.obj
LOAD CMakeFiles/newfolder.elf.dir/Drivers/STM32F1xx_HAL_Driver/Src/stm32f1xx_hal_rcc.c.obj
LOAD CMakeFiles/newfolder.elf.dir/Drivers/STM32F1xx_HAL_Driver/Src/stm32f1xx_hal_rcc_ex.c.obj
LOAD CMakeFiles/newfolder.elf.dir/Drivers/STM32F1xx_HAL_Driver/Src/stm32f1xx_hal_tim.c.obj
LOAD CMakeFiles/newfolder.elf.dir/Drivers/STM32F1xx_HAL_Driver/Src/stm32f1xx_hal_tim_ex.c.obj
LOAD CMakeFiles/newfolder.elf.dir/Drivers/STM32F1xx_HAL_Driver/Src/stm32f1xx_hal_uart.c.obj
LOAD CMakeFiles/newfolder.elf.dir/Drivers/STM32F1xx_HAL_Driver/Src/stm32f1xx_hal_wwdg.c.obj
LOAD CMakeFiles/newfolder.elf.dir/Hardware/Exti.c.obj
LOAD CMakeFiles/newfolder.elf.dir/Hardware/Key.c.obj
LOAD CMakeFiles/newfolder.elf.dir/Hardware/Led.c.obj
LOAD CMakeFiles/newfolder.elf.dir/Hardware/Timer2.c.obj
LOAD CMakeFiles/newfolder.elf.dir/Hardware/adc1.c.obj
LOAD CMakeFiles/newfolder.elf.dir/Hardware/iwg.c.obj
LOAD CMakeFiles/newfolder.elf.dir/Hardware/uart.c.obj
LOAD CMakeFiles/newfolder.elf.dir/Hardware/wwdg.c.obj
LOAD CMakeFiles/newfolder.elf.dir/USMART/usmart.c.obj
LOAD CMakeFiles/newfolder.elf.dir/USMART/usmart_config.c.obj
LOAD CMakeFiles/newfolder.elf.dir/USMART/usmart_str.c.obj
LOAD CMakeFiles/newfolder.elf.dir/startup/startup_stm32f103xe.s.obj
START GROUP
LOAD d:/gcc-arm-none-eabi/bin/../lib/gcc/arm-none-eabi/9.3.1/thumb/v7-m/nofp\libgcc.a
LOAD d:/gcc-arm-none-eabi/bin/../lib/gcc/arm-none-eabi/9.3.1/../../../../arm-none-eabi/lib/thumb/v7-m/nofp\libg.a
LOAD d:/gcc-arm-none-eabi/bin/../lib/gcc/arm-none-eabi/9.3.1/../../../../arm-none-eabi/lib/thumb/v7-m/nofp\libc.a
END GROUP
LOAD d:/gcc-arm-none-eabi/bin/../lib/gcc/arm-none-eabi/9.3.1/thumb/v7-m/nofp/crtend.o
LOAD d:/gcc-arm-none-eabi/bin/../lib/gcc/arm-none-eabi/9.3.1/thumb/v7-m/nofp/crtn.o
                0x20010000                _estack = 0x20010000
                0x00000400                _Min_Heap_Size = 0x400
                0x00000800                _Min_Stack_Size = 0x800

.isr_vector     0x08000000      0x1e4
                0x08000000                . = ALIGN (0x4)
 *(.isr_vector)
 .isr_vector    0x08000000      0x1e4 CMakeFiles/newfolder.elf.dir/startup/startup_stm32f103xe.s.obj
                0x08000000                g_pfnVectors
                0x080001e4                . = ALIGN (0x4)

.text           0x080001e8     0x86a0
                0x080001e8                . = ALIGN (0x4)
 *(.text)
 .text          0x080001e8       0x40 d:/gcc-arm-none-eabi/bin/../lib/gcc/arm-none-eabi/9.3.1/thumb/v7-m/nofp/crtbegin.o
 .text          0x08000228      0x378 d:/gcc-arm-none-eabi/bin/../lib/gcc/arm-none-eabi/9.3.1/thumb/v7-m/nofp\libgcc.a(_arm_addsubdf3.o)
                0x08000228                __aeabi_drsub
                0x08000230                __aeabi_dsub
                0x08000230                __subdf3
                0x08000234                __aeabi_dadd
                0x08000234                __adddf3
                0x080004ac                __floatunsidf
                0x080004ac                __aeabi_ui2d
                0x080004cc                __floatsidf
                0x080004cc                __aeabi_i2d
                0x080004f0                __aeabi_f2d
                0x080004f0                __extendsfdf2
                0x08000534                __floatundidf
                0x08000534                __aeabi_ul2d
                0x08000544                __floatdidf
                0x08000544                __aeabi_l2d
 .text          0x080005a0       0xa0 d:/gcc-arm-none-eabi/bin/../lib/gcc/arm-none-eabi/9.3.1/thumb/v7-m/nofp\libgcc.a(_arm_truncdfsf2.o)
                0x080005a0                __truncdfsf2
                0x080005a0                __aeabi_d2f
 .text          0x08000640       0xec d:/gcc-arm-none-eabi/bin/../lib/gcc/arm-none-eabi/9.3.1/../../../../arm-none-eabi/lib/thumb/v7-m/nofp\libg.a(lib_a-memcpy.o)
                0x08000640                memcpy
 .text          0x0800072c      0x424 d:/gcc-arm-none-eabi/bin/../lib/gcc/arm-none-eabi/9.3.1/thumb/v7-m/nofp\libgcc.a(_arm_muldivdf3.o)
                0x0800072c                __aeabi_dmul
                0x0800072c                __muldf3
                0x08000980                __divdf3
                0x08000980                __aeabi_ddiv
 .text          0x08000b50      0x110 d:/gcc-arm-none-eabi/bin/../lib/gcc/arm-none-eabi/9.3.1/thumb/v7-m/nofp\libgcc.a(_arm_cmpdf2.o)
                0x08000b50                __gtdf2
                0x08000b50                __gedf2
                0x08000b58                __ltdf2
                0x08000b58                __ledf2
                0x08000b60                __nedf2
                0x08000b60                __eqdf2
                0x08000b60                __cmpdf2
                0x08000bdc                __aeabi_cdrcmple
                0x08000bec                __aeabi_cdcmpeq
                0x08000bec                __aeabi_cdcmple
                0x08000bfc                __aeabi_dcmpeq
                0x08000c10                __aeabi_dcmplt
                0x08000c24                __aeabi_dcmple
                0x08000c38                __aeabi_dcmpge
                0x08000c4c                __aeabi_dcmpgt
 .text          0x08000c60       0x2c d:/gcc-arm-none-eabi/bin/../lib/gcc/arm-none-eabi/9.3.1/thumb/v7-m/nofp\libgcc.a(_arm_unorddf2.o)
                0x08000c60                __unorddf2
                0x08000c60                __aeabi_dcmpun
 .text          0x08000c8c       0x50 d:/gcc-arm-none-eabi/bin/../lib/gcc/arm-none-eabi/9.3.1/thumb/v7-m/nofp\libgcc.a(_arm_fixdfsi.o)
                0x08000c8c                __aeabi_d2iz
                0x08000c8c                __fixdfsi
 .text          0x08000cdc       0x30 d:/gcc-arm-none-eabi/bin/../lib/gcc/arm-none-eabi/9.3.1/thumb/v7-m/nofp\libgcc.a(_aeabi_uldivmod.o)
                0x08000cdc                __aeabi_uldivmod
 .text          0x08000d0c      0x2c4 d:/gcc-arm-none-eabi/bin/../lib/gcc/arm-none-eabi/9.3.1/thumb/v7-m/nofp\libgcc.a(_udivmoddi4.o)
                0x08000d0c                __udivmoddi4
 .text          0x08000fd0        0x4 d:/gcc-arm-none-eabi/bin/../lib/gcc/arm-none-eabi/9.3.1/thumb/v7-m/nofp\libgcc.a(_dvmd_tls.o)
                0x08000fd0                __aeabi_idiv0
                0x08000fd0                __aeabi_ldiv0
 *(.text*)
 .text.SystemClock_Config
                0x08000fd4       0x6e CMakeFiles/newfolder.elf.dir/Core/Src/main.c.obj
                0x08000fd4                SystemClock_Config
 *fill*         0x08001042        0x2 
 .text.main     0x08001044       0x40 CMakeFiles/newfolder.elf.dir/Core/Src/main.c.obj
                0x08001044                main
 .text.HAL_MspInit
                0x08001084       0x44 CMakeFiles/newfolder.elf.dir/Core/Src/stm32f1xx_hal_msp.c.obj
                0x08001084                HAL_MspInit
 .text.HAL_ADC_MspInit
                0x080010c8       0x60 CMakeFiles/newfolder.elf.dir/Core/Src/stm32f1xx_hal_msp.c.obj
                0x080010c8                HAL_ADC_MspInit
 .text.HAL_UART_MspInit
                0x08001128        0x2 CMakeFiles/newfolder.elf.dir/Core/Src/stm32f1xx_hal_msp.c.obj
                0x08001128                HAL_UART_MspInit
 .text.NMI_Handler
                0x0800112a        0x2 CMakeFiles/newfolder.elf.dir/Core/Src/stm32f1xx_it.c.obj
                0x0800112a                NMI_Handler
 .text.HardFault_Handler
                0x0800112c        0x2 CMakeFiles/newfolder.elf.dir/Core/Src/stm32f1xx_it.c.obj
                0x0800112c                HardFault_Handler
 .text.MemManage_Handler
                0x0800112e        0x2 CMakeFiles/newfolder.elf.dir/Core/Src/stm32f1xx_it.c.obj
                0x0800112e                MemManage_Handler
 .text.BusFault_Handler
                0x08001130        0x2 CMakeFiles/newfolder.elf.dir/Core/Src/stm32f1xx_it.c.obj
                0x08001130                BusFault_Handler
 .text.UsageFault_Handler
                0x08001132        0x2 CMakeFiles/newfolder.elf.dir/Core/Src/stm32f1xx_it.c.obj
                0x08001132                UsageFault_Handler
 .text.SVC_Handler
                0x08001134        0x2 CMakeFiles/newfolder.elf.dir/Core/Src/stm32f1xx_it.c.obj
                0x08001134                SVC_Handler
 .text.DebugMon_Handler
                0x08001136        0x2 CMakeFiles/newfolder.elf.dir/Core/Src/stm32f1xx_it.c.obj
                0x08001136                DebugMon_Handler
 .text.PendSV_Handler
                0x08001138        0x2 CMakeFiles/newfolder.elf.dir/Core/Src/stm32f1xx_it.c.obj
                0x08001138                PendSV_Handler
 .text.SysTick_Handler
                0x0800113a        0x8 CMakeFiles/newfolder.elf.dir/Core/Src/stm32f1xx_it.c.obj
                0x0800113a                SysTick_Handler
 .text.WWDG_IRQHandler
                0x08001142        0x2 CMakeFiles/newfolder.elf.dir/Core/Src/stm32f1xx_it.c.obj
                0x08001142                WWDG_IRQHandler
 .text.DMA1_Channel4_IRQHandler
                0x08001144        0x2 CMakeFiles/newfolder.elf.dir/Core/Src/stm32f1xx_it.c.obj
                0x08001144                DMA1_Channel4_IRQHandler
 .text.DMA1_Channel5_IRQHandler
                0x08001146        0x2 CMakeFiles/newfolder.elf.dir/Core/Src/stm32f1xx_it.c.obj
                0x08001146                DMA1_Channel5_IRQHandler
 .text.TIM2_IRQHandler
                0x08001148        0x2 CMakeFiles/newfolder.elf.dir/Core/Src/stm32f1xx_it.c.obj
                0x08001148                TIM2_IRQHandler
 .text.USART1_IRQHandler
                0x0800114a        0x2 CMakeFiles/newfolder.elf.dir/Core/Src/stm32f1xx_it.c.obj
                0x0800114a                USART1_IRQHandler
 .text.EXTI15_10_IRQHandler
                0x0800114c        0x2 CMakeFiles/newfolder.elf.dir/Core/Src/stm32f1xx_it.c.obj
                0x0800114c                EXTI15_10_IRQHandler
 .text._getpid  0x0800114e        0x4 CMakeFiles/newfolder.elf.dir/Core/Src/syscalls.c.obj
                0x0800114e                _getpid
 .text._kill    0x08001152       0x10 CMakeFiles/newfolder.elf.dir/Core/Src/syscalls.c.obj
                0x08001152                _kill
 .text._exit    0x08001162        0xc CMakeFiles/newfolder.elf.dir/Core/Src/syscalls.c.obj
                0x08001162                _exit
 .text._read    0x0800116e       0x20 CMakeFiles/newfolder.elf.dir/Core/Src/syscalls.c.obj
                0x0800116e                _read
 .text._write   0x0800118e       0x1c CMakeFiles/newfolder.elf.dir/Core/Src/syscalls.c.obj
                0x0800118e                _write
 *fill*         0x080011aa        0x2 
 .text._sbrk    0x080011ac       0x3c CMakeFiles/newfolder.elf.dir/Core/Src/syscalls.c.obj
                0x080011ac                _sbrk
 .text._close   0x080011e8        0x6 CMakeFiles/newfolder.elf.dir/Core/Src/syscalls.c.obj
                0x080011e8                _close
 .text._fstat   0x080011ee        0xa CMakeFiles/newfolder.elf.dir/Core/Src/syscalls.c.obj
                0x080011ee                _fstat
 .text._isatty  0x080011f8        0x4 CMakeFiles/newfolder.elf.dir/Core/Src/syscalls.c.obj
                0x080011f8                _isatty
 .text._lseek   0x080011fc        0x4 CMakeFiles/newfolder.elf.dir/Core/Src/syscalls.c.obj
                0x080011fc                _lseek
 .text.SystemInit
                0x08001200        0x2 CMakeFiles/newfolder.elf.dir/Core/Src/system_stm32f1xx.c.obj
                0x08001200                SystemInit
 *fill*         0x08001202        0x2 
 .text.HAL_InitTick
                0x08001204       0x4c CMakeFiles/newfolder.elf.dir/Drivers/STM32F1xx_HAL_Driver/Src/stm32f1xx_hal.c.obj
                0x08001204                HAL_InitTick
 .text.HAL_Init
                0x08001250       0x24 CMakeFiles/newfolder.elf.dir/Drivers/STM32F1xx_HAL_Driver/Src/stm32f1xx_hal.c.obj
                0x08001250                HAL_Init
 .text.HAL_IncTick
                0x08001274       0x18 CMakeFiles/newfolder.elf.dir/Drivers/STM32F1xx_HAL_Driver/Src/stm32f1xx_hal.c.obj
                0x08001274                HAL_IncTick
 .text.HAL_GetTick
                0x0800128c        0xc CMakeFiles/newfolder.elf.dir/Drivers/STM32F1xx_HAL_Driver/Src/stm32f1xx_hal.c.obj
                0x0800128c                HAL_GetTick
 .text.HAL_Delay
                0x08001298       0x28 CMakeFiles/newfolder.elf.dir/Drivers/STM32F1xx_HAL_Driver/Src/stm32f1xx_hal.c.obj
                0x08001298                HAL_Delay
 .text.HAL_ADC_PollForConversion
                0x080012c0      0x16c CMakeFiles/newfolder.elf.dir/Drivers/STM32F1xx_HAL_Driver/Src/stm32f1xx_hal_adc.c.obj
                0x080012c0                HAL_ADC_PollForConversion
 .text.HAL_ADC_GetValue
                0x0800142c        0x6 CMakeFiles/newfolder.elf.dir/Drivers/STM32F1xx_HAL_Driver/Src/stm32f1xx_hal_adc.c.obj
                0x0800142c                HAL_ADC_GetValue
 *fill*         0x08001432        0x2 
 .text.HAL_ADC_ConfigChannel
                0x08001434      0x138 CMakeFiles/newfolder.elf.dir/Drivers/STM32F1xx_HAL_Driver/Src/stm32f1xx_hal_adc.c.obj
                0x08001434                HAL_ADC_ConfigChannel
 .text.ADC_Enable
                0x0800156c       0x7c CMakeFiles/newfolder.elf.dir/Drivers/STM32F1xx_HAL_Driver/Src/stm32f1xx_hal_adc.c.obj
                0x0800156c                ADC_Enable
 .text.HAL_ADC_Start
                0x080015e8       0xe8 CMakeFiles/newfolder.elf.dir/Drivers/STM32F1xx_HAL_Driver/Src/stm32f1xx_hal_adc.c.obj
                0x080015e8                HAL_ADC_Start
 .text.ADC_ConversionStop_Disable
                0x080016d0       0x4c CMakeFiles/newfolder.elf.dir/Drivers/STM32F1xx_HAL_Driver/Src/stm32f1xx_hal_adc.c.obj
                0x080016d0                ADC_ConversionStop_Disable
 .text.HAL_ADC_Init
                0x0800171c      0x124 CMakeFiles/newfolder.elf.dir/Drivers/STM32F1xx_HAL_Driver/Src/stm32f1xx_hal_adc.c.obj
                0x0800171c                HAL_ADC_Init
 .text.HAL_ADCEx_Calibration_Start
                0x08001840       0xe8 CMakeFiles/newfolder.elf.dir/Drivers/STM32F1xx_HAL_Driver/Src/stm32f1xx_hal_adc_ex.c.obj
                0x08001840                HAL_ADCEx_Calibration_Start
 .text.HAL_NVIC_SetPriorityGrouping
                0x08001928       0x24 CMakeFiles/newfolder.elf.dir/Drivers/STM32F1xx_HAL_Driver/Src/stm32f1xx_hal_cortex.c.obj
                0x08001928                HAL_NVIC_SetPriorityGrouping
 .text.HAL_NVIC_SetPriority
                0x0800194c       0x68 CMakeFiles/newfolder.elf.dir/Drivers/STM32F1xx_HAL_Driver/Src/stm32f1xx_hal_cortex.c.obj
                0x0800194c                HAL_NVIC_SetPriority
 .text.HAL_NVIC_EnableIRQ
                0x080019b4       0x1c CMakeFiles/newfolder.elf.dir/Drivers/STM32F1xx_HAL_Driver/Src/stm32f1xx_hal_cortex.c.obj
                0x080019b4                HAL_NVIC_EnableIRQ
 .text.HAL_SYSTICK_Config
                0x080019d0       0x2c CMakeFiles/newfolder.elf.dir/Drivers/STM32F1xx_HAL_Driver/Src/stm32f1xx_hal_cortex.c.obj
                0x080019d0                HAL_SYSTICK_Config
 .text.HAL_GPIO_Init
                0x080019fc      0x238 CMakeFiles/newfolder.elf.dir/Drivers/STM32F1xx_HAL_Driver/Src/stm32f1xx_hal_gpio.c.obj
                0x080019fc                HAL_GPIO_Init
 .text.HAL_GPIO_WritePin
                0x08001c34        0xc CMakeFiles/newfolder.elf.dir/Drivers/STM32F1xx_HAL_Driver/Src/stm32f1xx_hal_gpio.c.obj
                0x08001c34                HAL_GPIO_WritePin
 .text.RCC_Delay
                0x08001c40       0x2c CMakeFiles/newfolder.elf.dir/Drivers/STM32F1xx_HAL_Driver/Src/stm32f1xx_hal_rcc.c.obj
 .text.HAL_RCC_OscConfig
                0x08001c6c      0x410 CMakeFiles/newfolder.elf.dir/Drivers/STM32F1xx_HAL_Driver/Src/stm32f1xx_hal_rcc.c.obj
                0x08001c6c                HAL_RCC_OscConfig
 .text.HAL_RCC_GetSysClockFreq
                0x0800207c       0x6c CMakeFiles/newfolder.elf.dir/Drivers/STM32F1xx_HAL_Driver/Src/stm32f1xx_hal_rcc.c.obj
                0x0800207c                HAL_RCC_GetSysClockFreq
 .text.HAL_RCC_ClockConfig
                0x080020e8      0x16c CMakeFiles/newfolder.elf.dir/Drivers/STM32F1xx_HAL_Driver/Src/stm32f1xx_hal_rcc.c.obj
                0x080020e8                HAL_RCC_ClockConfig
 .text.HAL_RCC_GetHCLKFreq
                0x08002254        0xc CMakeFiles/newfolder.elf.dir/Drivers/STM32F1xx_HAL_Driver/Src/stm32f1xx_hal_rcc.c.obj
                0x08002254                HAL_RCC_GetHCLKFreq
 .text.HAL_RCC_GetPCLK1Freq
                0x08002260       0x20 CMakeFiles/newfolder.elf.dir/Drivers/STM32F1xx_HAL_Driver/Src/stm32f1xx_hal_rcc.c.obj
                0x08002260                HAL_RCC_GetPCLK1Freq
 .text.HAL_RCC_GetPCLK2Freq
                0x08002280       0x20 CMakeFiles/newfolder.elf.dir/Drivers/STM32F1xx_HAL_Driver/Src/stm32f1xx_hal_rcc.c.obj
                0x08002280                HAL_RCC_GetPCLK2Freq
 .text.HAL_RCCEx_PeriphCLKConfig
                0x080022a0      0x114 CMakeFiles/newfolder.elf.dir/Drivers/STM32F1xx_HAL_Driver/Src/stm32f1xx_hal_rcc_ex.c.obj
                0x080022a0                HAL_RCCEx_PeriphCLKConfig
 .text.HAL_RCCEx_GetPeriphCLKFreq
                0x080023b4      0x110 CMakeFiles/newfolder.elf.dir/Drivers/STM32F1xx_HAL_Driver/Src/stm32f1xx_hal_rcc_ex.c.obj
                0x080023b4                HAL_RCCEx_GetPeriphCLKFreq
 .text.UART_SetConfig
                0x080024c4       0x90 CMakeFiles/newfolder.elf.dir/Drivers/STM32F1xx_HAL_Driver/Src/stm32f1xx_hal_uart.c.obj
 .text.UART_WaitOnFlagUntilTimeout
                0x08002554       0x68 CMakeFiles/newfolder.elf.dir/Drivers/STM32F1xx_HAL_Driver/Src/stm32f1xx_hal_uart.c.obj
 .text.HAL_UART_Init
                0x080025bc       0x5e CMakeFiles/newfolder.elf.dir/Drivers/STM32F1xx_HAL_Driver/Src/stm32f1xx_hal_uart.c.obj
                0x080025bc                HAL_UART_Init
 .text.HAL_UART_Transmit
                0x0800261a       0xd8 CMakeFiles/newfolder.elf.dir/Drivers/STM32F1xx_HAL_Driver/Src/stm32f1xx_hal_uart.c.obj
                0x0800261a                HAL_UART_Transmit
 *fill*         0x080026f2        0x2 
 .text.MX_ADC1_Init
                0x080026f4       0x74 CMakeFiles/newfolder.elf.dir/Hardware/adc1.c.obj
                0x080026f4                MX_ADC1_Init
 .text.ADC1_GET
                0x08002768       0x54 CMakeFiles/newfolder.elf.dir/Hardware/adc1.c.obj
                0x08002768                ADC1_GET
 .text.print_usart1
                0x080027bc       0x44 CMakeFiles/newfolder.elf.dir/Hardware/uart.c.obj
                0x080027bc                print_usart1
 .text.MX_USART1_UART_Init
                0x08002800       0xac CMakeFiles/newfolder.elf.dir/Hardware/uart.c.obj
                0x08002800                MX_USART1_UART_Init
 .text.Reset_Handler
                0x080028ac       0x48 CMakeFiles/newfolder.elf.dir/startup/startup_stm32f103xe.s.obj
                0x080028ac                Reset_Handler
 .text.Default_Handler
                0x080028f4        0x2 CMakeFiles/newfolder.elf.dir/startup/startup_stm32f103xe.s.obj
                0x080028f4                RTC_Alarm_IRQHandler
                0x080028f4                EXTI2_IRQHandler
                0x080028f4                TIM8_TRG_COM_IRQHandler
                0x080028f4                TIM8_CC_IRQHandler
                0x080028f4                TIM1_CC_IRQHandler
                0x080028f4                TIM6_IRQHandler
                0x080028f4                PVD_IRQHandler
                0x080028f4                SDIO_IRQHandler
                0x080028f4                EXTI3_IRQHandler
                0x080028f4                EXTI0_IRQHandler
                0x080028f4                I2C2_EV_IRQHandler
                0x080028f4                ADC1_2_IRQHandler
                0x080028f4                SPI1_IRQHandler
                0x080028f4                TAMPER_IRQHandler
                0x080028f4                TIM8_UP_IRQHandler
                0x080028f4                DMA2_Channel2_IRQHandler
                0x080028f4                USART3_IRQHandler
                0x080028f4                RTC_IRQHandler
                0x080028f4                DMA1_Channel7_IRQHandler
                0x080028f4                CAN1_RX1_IRQHandler
                0x080028f4                UART5_IRQHandler
                0x080028f4                ADC3_IRQHandler
                0x080028f4                TIM4_IRQHandler
                0x080028f4                DMA2_Channel1_IRQHandler
                0x080028f4                I2C1_EV_IRQHandler
                0x080028f4                DMA1_Channel6_IRQHandler
                0x080028f4                UART4_IRQHandler
                0x080028f4                TIM3_IRQHandler
                0x080028f4                RCC_IRQHandler
                0x080028f4                TIM1_TRG_COM_IRQHandler
                0x080028f4                DMA1_Channel1_IRQHandler
                0x080028f4                Default_Handler
                0x080028f4                TIM7_IRQHandler
                0x080028f4                TIM5_IRQHandler
                0x080028f4                EXTI9_5_IRQHandler
                0x080028f4                SPI2_IRQHandler
                0x080028f4                EXTI4_IRQHandler
                0x080028f4                USB_LP_CAN1_RX0_IRQHandler
                0x080028f4                USB_HP_CAN1_TX_IRQHandler
                0x080028f4                DMA1_Channel3_IRQHandler
                0x080028f4                FSMC_IRQHandler
                0x080028f4                TIM1_UP_IRQHandler
                0x080028f4                TIM1_BRK_IRQHandler
                0x080028f4                EXTI1_IRQHandler
                0x080028f4                DMA2_Channel4_5_IRQHandler
                0x080028f4                USART2_IRQHandler
                0x080028f4                I2C2_ER_IRQHandler
                0x080028f4                DMA1_Channel2_IRQHandler
                0x080028f4                TIM8_BRK_IRQHandler
                0x080028f4                CAN1_SCE_IRQHandler
                0x080028f4                FLASH_IRQHandler
                0x080028f4                SPI3_IRQHandler
                0x080028f4                I2C1_ER_IRQHandler
                0x080028f4                USBWakeUp_IRQHandler
                0x080028f4                DMA2_Channel3_IRQHandler
 *fill*         0x080028f6        0x2 
 .text.__errno  0x080028f8        0xc d:/gcc-arm-none-eabi/bin/../lib/gcc/arm-none-eabi/9.3.1/../../../../arm-none-eabi/lib/thumb/v7-m/nofp\libg.a(lib_a-errno.o)
                0x080028f8                __errno
 .text.__libc_init_array
                0x08002904       0x48 d:/gcc-arm-none-eabi/bin/../lib/gcc/arm-none-eabi/9.3.1/../../../../arm-none-eabi/lib/thumb/v7-m/nofp\libg.a(lib_a-init.o)
                0x08002904                __libc_init_array
 .text.memset   0x0800294c       0xa0 d:/gcc-arm-none-eabi/bin/../lib/gcc/arm-none-eabi/9.3.1/../../../../arm-none-eabi/lib/thumb/v7-m/nofp\libg.a(lib_a-memset.o)
                0x0800294c                memset
 .text.strlen   0x080029ec       0x5c d:/gcc-arm-none-eabi/bin/../lib/gcc/arm-none-eabi/9.3.1/../../../../arm-none-eabi/lib/thumb/v7-m/nofp\libg.a(lib_a-strlen-stub.o)
                0x080029ec                strlen
 .text._vsprintf_r
                0x08002a48       0x28 d:/gcc-arm-none-eabi/bin/../lib/gcc/arm-none-eabi/9.3.1/../../../../arm-none-eabi/lib/thumb/v7-m/nofp\libg.a(lib_a-vsprintf.o)
                0x08002a48                _vsprintf_r
 .text.vsprintf
                0x08002a70       0x18 d:/gcc-arm-none-eabi/bin/../lib/gcc/arm-none-eabi/9.3.1/../../../../arm-none-eabi/lib/thumb/v7-m/nofp\libg.a(lib_a-vsprintf.o)
                0x08002a70                vsprintf
 .text.startup.register_fini
                0x08002a88       0x14 d:/gcc-arm-none-eabi/bin/../lib/gcc/arm-none-eabi/9.3.1/../../../../arm-none-eabi/lib/thumb/v7-m/nofp\libg.a(lib_a-__call_atexit.o)
 .text.atexit   0x08002a9c        0xc d:/gcc-arm-none-eabi/bin/../lib/gcc/arm-none-eabi/9.3.1/../../../../arm-none-eabi/lib/thumb/v7-m/nofp\libg.a(lib_a-atexit.o)
                0x08002a9c                atexit
 .text.__libc_fini_array
                0x08002aa8       0x2c d:/gcc-arm-none-eabi/bin/../lib/gcc/arm-none-eabi/9.3.1/../../../../arm-none-eabi/lib/thumb/v7-m/nofp\libg.a(lib_a-fini.o)
                0x08002aa8                __libc_fini_array
 .text.__retarget_lock_init_recursive
                0x08002ad4        0x4 d:/gcc-arm-none-eabi/bin/../lib/gcc/arm-none-eabi/9.3.1/../../../../arm-none-eabi/lib/thumb/v7-m/nofp\libg.a(lib_a-lock.o)
                0x08002ad4                __retarget_lock_init_recursive
 .text.__retarget_lock_close_recursive
                0x08002ad8        0x4 d:/gcc-arm-none-eabi/bin/../lib/gcc/arm-none-eabi/9.3.1/../../../../arm-none-eabi/lib/thumb/v7-m/nofp\libg.a(lib_a-lock.o)
                0x08002ad8                __retarget_lock_close_recursive
 .text.__retarget_lock_acquire_recursive
                0x08002adc        0x4 d:/gcc-arm-none-eabi/bin/../lib/gcc/arm-none-eabi/9.3.1/../../../../arm-none-eabi/lib/thumb/v7-m/nofp\libg.a(lib_a-lock.o)
                0x08002adc                __retarget_lock_acquire_recursive
 .text.__retarget_lock_release_recursive
                0x08002ae0        0x4 d:/gcc-arm-none-eabi/bin/../lib/gcc/arm-none-eabi/9.3.1/../../../../arm-none-eabi/lib/thumb/v7-m/nofp\libg.a(lib_a-lock.o)
                0x08002ae0                __retarget_lock_release_recursive
 .text._svfprintf_r
                0x08002ae4     0x1b50 d:/gcc-arm-none-eabi/bin/../lib/gcc/arm-none-eabi/9.3.1/../../../../arm-none-eabi/lib/thumb/v7-m/nofp\libg.a(lib_a-svfprintf.o)
                0x08002ae4                _svfprintf_r
 .text.__register_exitproc
                0x08004634       0x8c d:/gcc-arm-none-eabi/bin/../lib/gcc/arm-none-eabi/9.3.1/../../../../arm-none-eabi/lib/thumb/v7-m/nofp\libg.a(lib_a-__atexit.o)
                0x08004634                __register_exitproc
 .text.quorem   0x080046c0      0x120 d:/gcc-arm-none-eabi/bin/../lib/gcc/arm-none-eabi/9.3.1/../../../../arm-none-eabi/lib/thumb/v7-m/nofp\libg.a(lib_a-dtoa.o)
 .text._dtoa_r  0x080047e0      0xec8 d:/gcc-arm-none-eabi/bin/../lib/gcc/arm-none-eabi/9.3.1/../../../../arm-none-eabi/lib/thumb/v7-m/nofp\libg.a(lib_a-dtoa.o)
                0x080047e0                _dtoa_r
 .text._malloc_trim_r
                0x080056a8       0xa0 d:/gcc-arm-none-eabi/bin/../lib/gcc/arm-none-eabi/9.3.1/../../../../arm-none-eabi/lib/thumb/v7-m/nofp\libg.a(lib_a-freer.o)
                0x080056a8                _malloc_trim_r
 .text._free_r  0x08005748      0x20c d:/gcc-arm-none-eabi/bin/../lib/gcc/arm-none-eabi/9.3.1/../../../../arm-none-eabi/lib/thumb/v7-m/nofp\libg.a(lib_a-freer.o)
                0x08005748                _free_r
 .text._localeconv_r
                0x08005954        0x8 d:/gcc-arm-none-eabi/bin/../lib/gcc/arm-none-eabi/9.3.1/../../../../arm-none-eabi/lib/thumb/v7-m/nofp\libg.a(lib_a-localeconv.o)
                0x08005954                _localeconv_r
 .text._malloc_r
                0x0800595c      0x55c d:/gcc-arm-none-eabi/bin/../lib/gcc/arm-none-eabi/9.3.1/../../../../arm-none-eabi/lib/thumb/v7-m/nofp\libg.a(lib_a-mallocr.o)
                0x0800595c                _malloc_r
 .text.memchr   0x08005eb8       0x80 d:/gcc-arm-none-eabi/bin/../lib/gcc/arm-none-eabi/9.3.1/../../../../arm-none-eabi/lib/thumb/v7-m/nofp\libg.a(lib_a-memchr-stub.o)
                0x08005eb8                memchr
 .text.__malloc_lock
                0x08005f38        0xc d:/gcc-arm-none-eabi/bin/../lib/gcc/arm-none-eabi/9.3.1/../../../../arm-none-eabi/lib/thumb/v7-m/nofp\libg.a(lib_a-mlock.o)
                0x08005f38                __malloc_lock
 .text.__malloc_unlock
                0x08005f44        0xc d:/gcc-arm-none-eabi/bin/../lib/gcc/arm-none-eabi/9.3.1/../../../../arm-none-eabi/lib/thumb/v7-m/nofp\libg.a(lib_a-mlock.o)
                0x08005f44                __malloc_unlock
 .text._Balloc  0x08005f50       0x4c d:/gcc-arm-none-eabi/bin/../lib/gcc/arm-none-eabi/9.3.1/../../../../arm-none-eabi/lib/thumb/v7-m/nofp\libg.a(lib_a-mprec.o)
                0x08005f50                _Balloc
 .text._Bfree   0x08005f9c       0x14 d:/gcc-arm-none-eabi/bin/../lib/gcc/arm-none-eabi/9.3.1/../../../../arm-none-eabi/lib/thumb/v7-m/nofp\libg.a(lib_a-mprec.o)
                0x08005f9c                _Bfree
 .text.__multadd
                0x08005fb0       0x9c d:/gcc-arm-none-eabi/bin/../lib/gcc/arm-none-eabi/9.3.1/../../../../arm-none-eabi/lib/thumb/v7-m/nofp\libg.a(lib_a-mprec.o)
                0x08005fb0                __multadd
 .text.__hi0bits
                0x0800604c       0x40 d:/gcc-arm-none-eabi/bin/../lib/gcc/arm-none-eabi/9.3.1/../../../../arm-none-eabi/lib/thumb/v7-m/nofp\libg.a(lib_a-mprec.o)
                0x0800604c                __hi0bits
 .text.__lo0bits
                0x0800608c       0x60 d:/gcc-arm-none-eabi/bin/../lib/gcc/arm-none-eabi/9.3.1/../../../../arm-none-eabi/lib/thumb/v7-m/nofp\libg.a(lib_a-mprec.o)
                0x0800608c                __lo0bits
 .text.__i2b    0x080060ec       0x2c d:/gcc-arm-none-eabi/bin/../lib/gcc/arm-none-eabi/9.3.1/../../../../arm-none-eabi/lib/thumb/v7-m/nofp\libg.a(lib_a-mprec.o)
                0x080060ec                __i2b
 .text.__multiply
                0x08006118      0x160 d:/gcc-arm-none-eabi/bin/../lib/gcc/arm-none-eabi/9.3.1/../../../../arm-none-eabi/lib/thumb/v7-m/nofp\libg.a(lib_a-mprec.o)
                0x08006118                __multiply
 .text.__pow5mult
                0x08006278       0x98 d:/gcc-arm-none-eabi/bin/../lib/gcc/arm-none-eabi/9.3.1/../../../../arm-none-eabi/lib/thumb/v7-m/nofp\libg.a(lib_a-mprec.o)
                0x08006278                __pow5mult
 .text.__lshift
                0x08006310       0xe8 d:/gcc-arm-none-eabi/bin/../lib/gcc/arm-none-eabi/9.3.1/../../../../arm-none-eabi/lib/thumb/v7-m/nofp\libg.a(lib_a-mprec.o)
                0x08006310                __lshift
 .text.__mcmp   0x080063f8       0x3c d:/gcc-arm-none-eabi/bin/../lib/gcc/arm-none-eabi/9.3.1/../../../../arm-none-eabi/lib/thumb/v7-m/nofp\libg.a(lib_a-mprec.o)
                0x080063f8                __mcmp
 .text.__mdiff  0x08006434      0x150 d:/gcc-arm-none-eabi/bin/../lib/gcc/arm-none-eabi/9.3.1/../../../../arm-none-eabi/lib/thumb/v7-m/nofp\libg.a(lib_a-mprec.o)
                0x08006434                __mdiff
 .text.__d2b    0x08006584       0xc4 d:/gcc-arm-none-eabi/bin/../lib/gcc/arm-none-eabi/9.3.1/../../../../arm-none-eabi/lib/thumb/v7-m/nofp\libg.a(lib_a-mprec.o)
                0x08006584                __d2b
 .text.frexp    0x08006648       0x70 d:/gcc-arm-none-eabi/bin/../lib/gcc/arm-none-eabi/9.3.1/../../../../arm-none-eabi/lib/thumb/v7-m/nofp\libg.a(lib_a-s_frexp.o)
                0x08006648                frexp
 .text._sbrk_r  0x080066b8       0x24 d:/gcc-arm-none-eabi/bin/../lib/gcc/arm-none-eabi/9.3.1/../../../../arm-none-eabi/lib/thumb/v7-m/nofp\libg.a(lib_a-sbrkr.o)
                0x080066b8                _sbrk_r
 .text.strncpy  0x080066dc       0x68 d:/gcc-arm-none-eabi/bin/../lib/gcc/arm-none-eabi/9.3.1/../../../../arm-none-eabi/lib/thumb/v7-m/nofp\libg.a(lib_a-strncpy.o)
                0x080066dc                strncpy
 .text.__ssprint_r
                0x08006744       0xf8 d:/gcc-arm-none-eabi/bin/../lib/gcc/arm-none-eabi/9.3.1/../../../../arm-none-eabi/lib/thumb/v7-m/nofp\libg.a(lib_a-svfiprintf.o)
                0x08006744                __ssprint_r
 .text.__assert_func
                0x0800683c       0x3c d:/gcc-arm-none-eabi/bin/../lib/gcc/arm-none-eabi/9.3.1/../../../../arm-none-eabi/lib/thumb/v7-m/nofp\libg.a(lib_a-assert.o)
                0x0800683c                __assert_func
 .text._calloc_r
                0x08006878       0x60 d:/gcc-arm-none-eabi/bin/../lib/gcc/arm-none-eabi/9.3.1/../../../../arm-none-eabi/lib/thumb/v7-m/nofp\libg.a(lib_a-callocr.o)
                0x08006878                _calloc_r
 .text.fiprintf
                0x080068d8       0x28 d:/gcc-arm-none-eabi/bin/../lib/gcc/arm-none-eabi/9.3.1/../../../../arm-none-eabi/lib/thumb/v7-m/nofp\libg.a(lib_a-fiprintf.o)
                0x080068d8                fiprintf
 .text.__locale_mb_cur_max
                0x08006900        0xc d:/gcc-arm-none-eabi/bin/../lib/gcc/arm-none-eabi/9.3.1/../../../../arm-none-eabi/lib/thumb/v7-m/nofp\libg.a(lib_a-locale.o)
                0x08006900                __locale_mb_cur_max
 .text.__ascii_mbtowc
                0x0800690c       0x2c d:/gcc-arm-none-eabi/bin/../lib/gcc/arm-none-eabi/9.3.1/../../../../arm-none-eabi/lib/thumb/v7-m/nofp\libg.a(lib_a-mbtowc_r.o)
                0x0800690c                __ascii_mbtowc
 .text.memmove  0x08006938       0xd4 d:/gcc-arm-none-eabi/bin/../lib/gcc/arm-none-eabi/9.3.1/../../../../arm-none-eabi/lib/thumb/v7-m/nofp\libg.a(lib_a-memmove.o)
                0x08006938                memmove
 .text._realloc_r
                0x08006a0c      0x3e0 d:/gcc-arm-none-eabi/bin/../lib/gcc/arm-none-eabi/9.3.1/../../../../arm-none-eabi/lib/thumb/v7-m/nofp\libg.a(lib_a-reallocr.o)
                0x08006a0c                _realloc_r
 .text.__sprint_r.part.0
                0x08006dec       0x78 d:/gcc-arm-none-eabi/bin/../lib/gcc/arm-none-eabi/9.3.1/../../../../arm-none-eabi/lib/thumb/v7-m/nofp\libg.a(lib_a-vfiprintf.o)
 .text._vfiprintf_r
                0x08006e64      0xd2c d:/gcc-arm-none-eabi/bin/../lib/gcc/arm-none-eabi/9.3.1/../../../../arm-none-eabi/lib/thumb/v7-m/nofp\libg.a(lib_a-vfiprintf.o)
                0x08006e64                _vfiprintf_r
 .text.__sbprintf
                0x08007b90       0x88 d:/gcc-arm-none-eabi/bin/../lib/gcc/arm-none-eabi/9.3.1/../../../../arm-none-eabi/lib/thumb/v7-m/nofp\libg.a(lib_a-vfiprintf.o)
 .text.__ascii_wctomb
                0x08007c18       0x1c d:/gcc-arm-none-eabi/bin/../lib/gcc/arm-none-eabi/9.3.1/../../../../arm-none-eabi/lib/thumb/v7-m/nofp\libg.a(lib_a-wctomb_r.o)
                0x08007c18                __ascii_wctomb
 .text.__swsetup_r
                0x08007c34       0xd0 d:/gcc-arm-none-eabi/bin/../lib/gcc/arm-none-eabi/9.3.1/../../../../arm-none-eabi/lib/thumb/v7-m/nofp\libg.a(lib_a-wsetup.o)
                0x08007c34                __swsetup_r
 .text.abort    0x08007d04       0x10 d:/gcc-arm-none-eabi/bin/../lib/gcc/arm-none-eabi/9.3.1/../../../../arm-none-eabi/lib/thumb/v7-m/nofp\libg.a(lib_a-abort.o)
                0x08007d04                abort
 .text.__sflush_r
                0x08007d14      0x130 d:/gcc-arm-none-eabi/bin/../lib/gcc/arm-none-eabi/9.3.1/../../../../arm-none-eabi/lib/thumb/v7-m/nofp\libg.a(lib_a-fflush.o)
                0x08007d14                __sflush_r
 .text._fflush_r
                0x08007e44       0x5c d:/gcc-arm-none-eabi/bin/../lib/gcc/arm-none-eabi/9.3.1/../../../../arm-none-eabi/lib/thumb/v7-m/nofp\libg.a(lib_a-fflush.o)
                0x08007e44                _fflush_r
 .text.std      0x08007ea0       0x50 d:/gcc-arm-none-eabi/bin/../lib/gcc/arm-none-eabi/9.3.1/../../../../arm-none-eabi/lib/thumb/v7-m/nofp\libg.a(lib_a-findfp.o)
 .text._cleanup_r
                0x08007ef0        0xc d:/gcc-arm-none-eabi/bin/../lib/gcc/arm-none-eabi/9.3.1/../../../../arm-none-eabi/lib/thumb/v7-m/nofp\libg.a(lib_a-findfp.o)
                0x08007ef0                _cleanup_r
 .text.__sinit  0x08007efc       0x5c d:/gcc-arm-none-eabi/bin/../lib/gcc/arm-none-eabi/9.3.1/../../../../arm-none-eabi/lib/thumb/v7-m/nofp\libg.a(lib_a-findfp.o)
                0x08007efc                __sinit
 .text.__sfp_lock_acquire
                0x08007f58        0xc d:/gcc-arm-none-eabi/bin/../lib/gcc/arm-none-eabi/9.3.1/../../../../arm-none-eabi/lib/thumb/v7-m/nofp\libg.a(lib_a-findfp.o)
                0x08007f58                __sfp_lock_acquire
 .text.__sfp_lock_release
                0x08007f64        0xc d:/gcc-arm-none-eabi/bin/../lib/gcc/arm-none-eabi/9.3.1/../../../../arm-none-eabi/lib/thumb/v7-m/nofp\libg.a(lib_a-findfp.o)
                0x08007f64                __sfp_lock_release
 .text.__fputwc
                0x08007f70       0xa0 d:/gcc-arm-none-eabi/bin/../lib/gcc/arm-none-eabi/9.3.1/../../../../arm-none-eabi/lib/thumb/v7-m/nofp\libg.a(lib_a-fputwc.o)
                0x08007f70                __fputwc
 .text._fputwc_r
                0x08008010       0x68 d:/gcc-arm-none-eabi/bin/../lib/gcc/arm-none-eabi/9.3.1/../../../../arm-none-eabi/lib/thumb/v7-m/nofp\libg.a(lib_a-fputwc.o)
                0x08008010                _fputwc_r
 .text.__sfvwrite_r
                0x08008078      0x2ec d:/gcc-arm-none-eabi/bin/../lib/gcc/arm-none-eabi/9.3.1/../../../../arm-none-eabi/lib/thumb/v7-m/nofp\libg.a(lib_a-fvwrite.o)
                0x08008078                __sfvwrite_r
 .text._fwalk_reent
                0x08008364       0x48 d:/gcc-arm-none-eabi/bin/../lib/gcc/arm-none-eabi/9.3.1/../../../../arm-none-eabi/lib/thumb/v7-m/nofp\libg.a(lib_a-fwalk.o)
                0x08008364                _fwalk_reent
 .text.__swhatbuf_r
                0x080083ac       0x5c d:/gcc-arm-none-eabi/bin/../lib/gcc/arm-none-eabi/9.3.1/../../../../arm-none-eabi/lib/thumb/v7-m/nofp\libg.a(lib_a-makebuf.o)
                0x080083ac                __swhatbuf_r
 .text.__smakebuf_r
                0x08008408       0x94 d:/gcc-arm-none-eabi/bin/../lib/gcc/arm-none-eabi/9.3.1/../../../../arm-none-eabi/lib/thumb/v7-m/nofp\libg.a(lib_a-makebuf.o)
                0x08008408                __smakebuf_r
 .text._raise_r
                0x0800849c       0x58 d:/gcc-arm-none-eabi/bin/../lib/gcc/arm-none-eabi/9.3.1/../../../../arm-none-eabi/lib/thumb/v7-m/nofp\libg.a(lib_a-signal.o)
                0x0800849c                _raise_r
 .text.raise    0x080084f4       0x10 d:/gcc-arm-none-eabi/bin/../lib/gcc/arm-none-eabi/9.3.1/../../../../arm-none-eabi/lib/thumb/v7-m/nofp\libg.a(lib_a-signal.o)
                0x080084f4                raise
 .text._kill_r  0x08008504       0x2c d:/gcc-arm-none-eabi/bin/../lib/gcc/arm-none-eabi/9.3.1/../../../../arm-none-eabi/lib/thumb/v7-m/nofp\libg.a(lib_a-signalr.o)
                0x08008504                _kill_r
 .text._getpid_r
                0x08008530        0x4 d:/gcc-arm-none-eabi/bin/../lib/gcc/arm-none-eabi/9.3.1/../../../../arm-none-eabi/lib/thumb/v7-m/nofp\libg.a(lib_a-signalr.o)
                0x08008530                _getpid_r
 .text.__sread  0x08008534       0x24 d:/gcc-arm-none-eabi/bin/../lib/gcc/arm-none-eabi/9.3.1/../../../../arm-none-eabi/lib/thumb/v7-m/nofp\libg.a(lib_a-stdio.o)
                0x08008534                __sread
 .text.__swrite
                0x08008558       0x40 d:/gcc-arm-none-eabi/bin/../lib/gcc/arm-none-eabi/9.3.1/../../../../arm-none-eabi/lib/thumb/v7-m/nofp\libg.a(lib_a-stdio.o)
                0x08008558                __swrite
 .text.__sseek  0x08008598       0x20 d:/gcc-arm-none-eabi/bin/../lib/gcc/arm-none-eabi/9.3.1/../../../../arm-none-eabi/lib/thumb/v7-m/nofp\libg.a(lib_a-stdio.o)
                0x08008598                __sseek
 .text.__sclose
                0x080085b8        0x8 d:/gcc-arm-none-eabi/bin/../lib/gcc/arm-none-eabi/9.3.1/../../../../arm-none-eabi/lib/thumb/v7-m/nofp\libg.a(lib_a-stdio.o)
                0x080085b8                __sclose
 .text.__swbuf_r
                0x080085c0       0xb0 d:/gcc-arm-none-eabi/bin/../lib/gcc/arm-none-eabi/9.3.1/../../../../arm-none-eabi/lib/thumb/v7-m/nofp\libg.a(lib_a-wbuf.o)
                0x080085c0                __swbuf_r
 .text._wcrtomb_r
                0x08008670       0x3c d:/gcc-arm-none-eabi/bin/../lib/gcc/arm-none-eabi/9.3.1/../../../../arm-none-eabi/lib/thumb/v7-m/nofp\libg.a(lib_a-wcrtomb.o)
                0x08008670                _wcrtomb_r
 .text._write_r
                0x080086ac       0x2c d:/gcc-arm-none-eabi/bin/../lib/gcc/arm-none-eabi/9.3.1/../../../../arm-none-eabi/lib/thumb/v7-m/nofp\libg.a(lib_a-writer.o)
                0x080086ac                _write_r
 .text._close_r
                0x080086d8       0x24 d:/gcc-arm-none-eabi/bin/../lib/gcc/arm-none-eabi/9.3.1/../../../../arm-none-eabi/lib/thumb/v7-m/nofp\libg.a(lib_a-closer.o)
                0x080086d8                _close_r
 .text._fclose_r
                0x080086fc       0xcc d:/gcc-arm-none-eabi/bin/../lib/gcc/arm-none-eabi/9.3.1/../../../../arm-none-eabi/lib/thumb/v7-m/nofp\libg.a(lib_a-fclose.o)
                0x080086fc                _fclose_r
 .text._fstat_r
                0x080087c8       0x2c d:/gcc-arm-none-eabi/bin/../lib/gcc/arm-none-eabi/9.3.1/../../../../arm-none-eabi/lib/thumb/v7-m/nofp\libg.a(lib_a-fstatr.o)
                0x080087c8                _fstat_r
 .text._isatty_r
                0x080087f4       0x24 d:/gcc-arm-none-eabi/bin/../lib/gcc/arm-none-eabi/9.3.1/../../../../arm-none-eabi/lib/thumb/v7-m/nofp\libg.a(lib_a-isattyr.o)
                0x080087f4                _isatty_r
 .text._lseek_r
                0x08008818       0x2c d:/gcc-arm-none-eabi/bin/../lib/gcc/arm-none-eabi/9.3.1/../../../../arm-none-eabi/lib/thumb/v7-m/nofp\libg.a(lib_a-lseekr.o)
                0x08008818                _lseek_r
 .text._read_r  0x08008844       0x2c d:/gcc-arm-none-eabi/bin/../lib/gcc/arm-none-eabi/9.3.1/../../../../arm-none-eabi/lib/thumb/v7-m/nofp\libg.a(lib_a-readr.o)
                0x08008844                _read_r
 *(.glue_7)
 .glue_7        0x08008870        0x0 linker stubs
 *(.glue_7t)
 .glue_7t       0x08008870        0x0 linker stubs
 *(.eh_frame)
 .eh_frame      0x08008870        0x0 d:/gcc-arm-none-eabi/bin/../lib/gcc/arm-none-eabi/9.3.1/thumb/v7-m/nofp/crtbegin.o
 *(.init)
 .init          0x08008870        0x4 d:/gcc-arm-none-eabi/bin/../lib/gcc/arm-none-eabi/9.3.1/thumb/v7-m/nofp/crti.o
                0x08008870                _init
 .init          0x08008874        0x8 d:/gcc-arm-none-eabi/bin/../lib/gcc/arm-none-eabi/9.3.1/thumb/v7-m/nofp/crtn.o
 *(.fini)
 .fini          0x0800887c        0x4 d:/gcc-arm-none-eabi/bin/../lib/gcc/arm-none-eabi/9.3.1/thumb/v7-m/nofp/crti.o
                0x0800887c                _fini
 .fini          0x08008880        0x8 d:/gcc-arm-none-eabi/bin/../lib/gcc/arm-none-eabi/9.3.1/thumb/v7-m/nofp/crtn.o
                0x08008888                . = ALIGN (0x4)
                0x08008888                _etext = .

.vfp11_veneer   0x08008888        0x0
 .vfp11_veneer  0x08008888        0x0 linker stubs

.v4_bx          0x08008888        0x0
 .v4_bx         0x08008888        0x0 linker stubs

.iplt           0x08008888        0x0
 .iplt          0x08008888        0x0 d:/gcc-arm-none-eabi/bin/../lib/gcc/arm-none-eabi/9.3.1/thumb/v7-m/nofp/crtbegin.o

.rodata         0x08008888      0x430
                0x08008888                . = ALIGN (0x4)
 *(.rodata)
 *(.rodata*)
 .rodata.main.str1.4
                0x08008888        0x5 CMakeFiles/newfolder.elf.dir/Core/Src/main.c.obj
 *fill*         0x0800888d        0x3 
 .rodata.AHBPrescTable
                0x08008890       0x10 CMakeFiles/newfolder.elf.dir/Core/Src/system_stm32f1xx.c.obj
                0x08008890                AHBPrescTable
 .rodata.APBPrescTable
                0x080088a0        0x8 CMakeFiles/newfolder.elf.dir/Core/Src/system_stm32f1xx.c.obj
                0x080088a0                APBPrescTable
 .rodata.HAL_RCC_GetSysClockFreq.str1.4
                0x080088a8       0x11 CMakeFiles/newfolder.elf.dir/Drivers/STM32F1xx_HAL_Driver/Src/stm32f1xx_hal_rcc.c.obj
 .rodata.HAL_RCCEx_GetPeriphCLKFreq.str1.4
                0x080088b9       0x11 CMakeFiles/newfolder.elf.dir/Drivers/STM32F1xx_HAL_Driver/Src/stm32f1xx_hal_rcc_ex.c.obj
 *fill*         0x080088b9        0x3 
 .rodata._global_impure_ptr
                0x080088bc        0x4 d:/gcc-arm-none-eabi/bin/../lib/gcc/arm-none-eabi/9.3.1/../../../../arm-none-eabi/lib/thumb/v7-m/nofp\libg.a(lib_a-impure.o)
                0x080088bc                _global_impure_ptr
 .rodata._svfprintf_r.str1.4
                0x080088c0       0x42 d:/gcc-arm-none-eabi/bin/../lib/gcc/arm-none-eabi/9.3.1/../../../../arm-none-eabi/lib/thumb/v7-m/nofp\libg.a(lib_a-svfprintf.o)
 *fill*         0x08008902        0x2 
 .rodata.blanks.7335
                0x08008904       0x10 d:/gcc-arm-none-eabi/bin/../lib/gcc/arm-none-eabi/9.3.1/../../../../arm-none-eabi/lib/thumb/v7-m/nofp\libg.a(lib_a-svfprintf.o)
 .rodata.zeroes.7336
                0x08008914       0x10 d:/gcc-arm-none-eabi/bin/../lib/gcc/arm-none-eabi/9.3.1/../../../../arm-none-eabi/lib/thumb/v7-m/nofp\libg.a(lib_a-svfprintf.o)
 .rodata._dtoa_r.str1.4
                0x08008924       0xa0 d:/gcc-arm-none-eabi/bin/../lib/gcc/arm-none-eabi/9.3.1/../../../../arm-none-eabi/lib/thumb/v7-m/nofp\libg.a(lib_a-dtoa.o)
                                 0xa4 (size before relaxing)
 .rodata.__multadd.str1.4
                0x080089c4       0x7d d:/gcc-arm-none-eabi/bin/../lib/gcc/arm-none-eabi/9.3.1/../../../../arm-none-eabi/lib/thumb/v7-m/nofp\libg.a(lib_a-mprec.o)
                                 0x91 (size before relaxing)
 *fill*         0x08008a41        0x7 
 .rodata.__mprec_bigtens
                0x08008a48       0x28 d:/gcc-arm-none-eabi/bin/../lib/gcc/arm-none-eabi/9.3.1/../../../../arm-none-eabi/lib/thumb/v7-m/nofp\libg.a(lib_a-mprec.o)
                0x08008a48                __mprec_bigtens
 .rodata.__mprec_tens
                0x08008a70       0xc8 d:/gcc-arm-none-eabi/bin/../lib/gcc/arm-none-eabi/9.3.1/../../../../arm-none-eabi/lib/thumb/v7-m/nofp\libg.a(lib_a-mprec.o)
                0x08008a70                __mprec_tens
 .rodata.p05.6122
                0x08008b38        0xc d:/gcc-arm-none-eabi/bin/../lib/gcc/arm-none-eabi/9.3.1/../../../../arm-none-eabi/lib/thumb/v7-m/nofp\libg.a(lib_a-mprec.o)
 .rodata.__assert_func.str1.4
                0x08008b44       0x3f d:/gcc-arm-none-eabi/bin/../lib/gcc/arm-none-eabi/9.3.1/../../../../arm-none-eabi/lib/thumb/v7-m/nofp\libg.a(lib_a-assert.o)
                                 0x43 (size before relaxing)
 *fill*         0x08008b83        0x1 
 .rodata._setlocale_r.str1.4
                0x08008b84        0xa d:/gcc-arm-none-eabi/bin/../lib/gcc/arm-none-eabi/9.3.1/../../../../arm-none-eabi/lib/thumb/v7-m/nofp\libg.a(lib_a-locale.o)
                                  0xd (size before relaxing)
 *fill*         0x08008b8e        0x2 
 .rodata.str1.4
                0x08008b90        0x2 d:/gcc-arm-none-eabi/bin/../lib/gcc/arm-none-eabi/9.3.1/../../../../arm-none-eabi/lib/thumb/v7-m/nofp\libg.a(lib_a-locale.o)
 .rodata._vfiprintf_r.str1.4
                0x08008b92       0x2f d:/gcc-arm-none-eabi/bin/../lib/gcc/arm-none-eabi/9.3.1/../../../../arm-none-eabi/lib/thumb/v7-m/nofp\libg.a(lib_a-vfiprintf.o)
 *fill*         0x08008b92        0x2 
 .rodata.blanks.7328
                0x08008b94       0x10 d:/gcc-arm-none-eabi/bin/../lib/gcc/arm-none-eabi/9.3.1/../../../../arm-none-eabi/lib/thumb/v7-m/nofp\libg.a(lib_a-vfiprintf.o)
 .rodata.zeroes.7329
                0x08008ba4       0x10 d:/gcc-arm-none-eabi/bin/../lib/gcc/arm-none-eabi/9.3.1/../../../../arm-none-eabi/lib/thumb/v7-m/nofp\libg.a(lib_a-vfiprintf.o)
 .rodata._ctype_
                0x08008bb4      0x101 d:/gcc-arm-none-eabi/bin/../lib/gcc/arm-none-eabi/9.3.1/../../../../arm-none-eabi/lib/thumb/v7-m/nofp\libg.a(lib_a-ctype_.o)
                0x08008bb4                _ctype_
                0x08008cb8                . = ALIGN (0x4)
 *fill*         0x08008cb5        0x3 

.ARM.extab
 *(.ARM.extab* .gnu.linkonce.armextab.*)

.ARM            0x08008cb8        0x8
                0x08008cb8                __exidx_start = .
 *(.ARM.exidx*)
 .ARM.exidx     0x08008cb8        0x8 d:/gcc-arm-none-eabi/bin/../lib/gcc/arm-none-eabi/9.3.1/thumb/v7-m/nofp\libgcc.a(_udivmoddi4.o)
                0x08008cc0                __exidx_end = .

.rel.dyn        0x08008cc0        0x0
 .rel.iplt      0x08008cc0        0x0 d:/gcc-arm-none-eabi/bin/../lib/gcc/arm-none-eabi/9.3.1/thumb/v7-m/nofp/crtbegin.o

.preinit_array  0x08008cc0        0x0
                0x08008cc0                PROVIDE (__preinit_array_start = .)
 *(.preinit_array*)
                0x08008cc0                PROVIDE (__preinit_array_end = .)

.init_array     0x08008cc0        0x8
                0x08008cc0                PROVIDE (__init_array_start = .)
 *(SORT_BY_NAME(.init_array.*))
 .init_array.00000
                0x08008cc0        0x4 d:/gcc-arm-none-eabi/bin/../lib/gcc/arm-none-eabi/9.3.1/../../../../arm-none-eabi/lib/thumb/v7-m/nofp\libg.a(lib_a-__call_atexit.o)
 *(.init_array*)
 .init_array    0x08008cc4        0x4 d:/gcc-arm-none-eabi/bin/../lib/gcc/arm-none-eabi/9.3.1/thumb/v7-m/nofp/crtbegin.o
                0x08008cc8                PROVIDE (__init_array_end = .)

.fini_array     0x08008cc8        0x4
                0x08008cc8                PROVIDE (__fini_array_start = .)
 *(SORT_BY_NAME(.fini_array.*))
 *(.fini_array*)
 .fini_array    0x08008cc8        0x4 d:/gcc-arm-none-eabi/bin/../lib/gcc/arm-none-eabi/9.3.1/thumb/v7-m/nofp/crtbegin.o
                0x08008ccc                PROVIDE (__fini_array_end = .)
                0x08008ccc                _sidata = LOADADDR (.data)

.data           0x20000000      0x9b8 load address 0x08008ccc
                0x20000000                . = ALIGN (0x4)
                0x20000000                _sdata = .
 *(.data)
 *(.data*)
 .data.SystemCoreClock
                0x20000000        0x4 CMakeFiles/newfolder.elf.dir/Core/Src/system_stm32f1xx.c.obj
                0x20000000                SystemCoreClock
 .data.uwTickFreq
                0x20000004        0x1 CMakeFiles/newfolder.elf.dir/Drivers/STM32F1xx_HAL_Driver/Src/stm32f1xx_hal.c.obj
                0x20000004                uwTickFreq
 *fill*         0x20000005        0x3 
 .data.uwTickPrio
                0x20000008        0x4 CMakeFiles/newfolder.elf.dir/Drivers/STM32F1xx_HAL_Driver/Src/stm32f1xx_hal.c.obj
                0x20000008                uwTickPrio
 .data._impure_ptr
                0x2000000c        0x4 d:/gcc-arm-none-eabi/bin/../lib/gcc/arm-none-eabi/9.3.1/../../../../arm-none-eabi/lib/thumb/v7-m/nofp\libg.a(lib_a-impure.o)
                0x2000000c                _impure_ptr
 .data.impure_data
                0x20000010      0x428 d:/gcc-arm-none-eabi/bin/../lib/gcc/arm-none-eabi/9.3.1/../../../../arm-none-eabi/lib/thumb/v7-m/nofp\libg.a(lib_a-impure.o)
 .data.__atexit_recursive_mutex
                0x20000438        0x4 d:/gcc-arm-none-eabi/bin/../lib/gcc/arm-none-eabi/9.3.1/../../../../arm-none-eabi/lib/thumb/v7-m/nofp\libg.a(lib_a-__call_atexit.o)
                0x20000438                __atexit_recursive_mutex
 .data.__malloc_av_
                0x2000043c      0x408 d:/gcc-arm-none-eabi/bin/../lib/gcc/arm-none-eabi/9.3.1/../../../../arm-none-eabi/lib/thumb/v7-m/nofp\libg.a(lib_a-mallocr.o)
                0x2000043c                __malloc_av_
 .data.__malloc_sbrk_base
                0x20000844        0x4 d:/gcc-arm-none-eabi/bin/../lib/gcc/arm-none-eabi/9.3.1/../../../../arm-none-eabi/lib/thumb/v7-m/nofp\libg.a(lib_a-mallocr.o)
                0x20000844                __malloc_sbrk_base
 .data.__malloc_trim_threshold
                0x20000848        0x4 d:/gcc-arm-none-eabi/bin/../lib/gcc/arm-none-eabi/9.3.1/../../../../arm-none-eabi/lib/thumb/v7-m/nofp\libg.a(lib_a-mallocr.o)
                0x20000848                __malloc_trim_threshold
 .data.__global_locale
                0x2000084c      0x16c d:/gcc-arm-none-eabi/bin/../lib/gcc/arm-none-eabi/9.3.1/../../../../arm-none-eabi/lib/thumb/v7-m/nofp\libg.a(lib_a-locale.o)
                0x2000084c                __global_locale
                0x200009b8                . = ALIGN (0x4)
                0x200009b8                _edata = .

.igot.plt       0x200009b8        0x0 load address 0x08009684
 .igot.plt      0x200009b8        0x0 d:/gcc-arm-none-eabi/bin/../lib/gcc/arm-none-eabi/9.3.1/thumb/v7-m/nofp/crtbegin.o
                0x200009b8                . = ALIGN (0x4)

.bss            0x200009b8       0xf0 load address 0x08009684
                0x200009b8                _sbss = .
                0x200009b8                __bss_start__ = _sbss
 *(.bss)
 .bss           0x200009b8       0x1c d:/gcc-arm-none-eabi/bin/../lib/gcc/arm-none-eabi/9.3.1/thumb/v7-m/nofp/crtbegin.o
 *(.bss*)
 .bss.heap_end.6022
                0x200009d4        0x4 CMakeFiles/newfolder.elf.dir/Core/Src/syscalls.c.obj
 .bss.uwTick    0x200009d8        0x4 CMakeFiles/newfolder.elf.dir/Drivers/STM32F1xx_HAL_Driver/Src/stm32f1xx_hal.c.obj
                0x200009d8                uwTick
 .bss.hadc1     0x200009dc       0x30 CMakeFiles/newfolder.elf.dir/Hardware/adc1.c.obj
                0x200009dc                hadc1
 .bss.UART1_Handler
                0x20000a0c       0x40 CMakeFiles/newfolder.elf.dir/Hardware/uart.c.obj
                0x20000a0c                UART1_Handler
 .bss.__malloc_current_mallinfo
                0x20000a4c       0x28 d:/gcc-arm-none-eabi/bin/../lib/gcc/arm-none-eabi/9.3.1/../../../../arm-none-eabi/lib/thumb/v7-m/nofp\libg.a(lib_a-mallocr.o)
                0x20000a4c                __malloc_current_mallinfo
 .bss.__malloc_max_sbrked_mem
                0x20000a74        0x4 d:/gcc-arm-none-eabi/bin/../lib/gcc/arm-none-eabi/9.3.1/../../../../arm-none-eabi/lib/thumb/v7-m/nofp\libg.a(lib_a-mallocr.o)
                0x20000a74                __malloc_max_sbrked_mem
 .bss.__malloc_max_total_mem
                0x20000a78        0x4 d:/gcc-arm-none-eabi/bin/../lib/gcc/arm-none-eabi/9.3.1/../../../../arm-none-eabi/lib/thumb/v7-m/nofp\libg.a(lib_a-mallocr.o)
                0x20000a78                __malloc_max_total_mem
 .bss.__malloc_top_pad
                0x20000a7c        0x4 d:/gcc-arm-none-eabi/bin/../lib/gcc/arm-none-eabi/9.3.1/../../../../arm-none-eabi/lib/thumb/v7-m/nofp\libg.a(lib_a-mallocr.o)
                0x20000a7c                __malloc_top_pad
 *(COMMON)
 COMMON         0x20000a80       0x21 d:/gcc-arm-none-eabi/bin/../lib/gcc/arm-none-eabi/9.3.1/../../../../arm-none-eabi/lib/thumb/v7-m/nofp\libg.a(lib_a-lock.o)
                0x20000a80                __lock___atexit_recursive_mutex
                0x20000a84                __lock___arc4random_mutex
                0x20000a88                __lock___env_recursive_mutex
                0x20000a8c                __lock___sinit_recursive_mutex
                0x20000a90                __lock___malloc_recursive_mutex
                0x20000a94                __lock___at_quick_exit_mutex
                0x20000a98                __lock___dd_hash_mutex
                0x20000a9c                __lock___tz_mutex
                0x20000aa0                __lock___sfp_recursive_mutex
 *fill*         0x20000aa1        0x3 
 COMMON         0x20000aa4        0x4 d:/gcc-arm-none-eabi/bin/../lib/gcc/arm-none-eabi/9.3.1/../../../../arm-none-eabi/lib/thumb/v7-m/nofp\libg.a(lib_a-reent.o)
                0x20000aa4                errno
                0x20000aa8                . = ALIGN (0x4)
                0x20000aa8                _ebss = .
                0x20000aa8                __bss_end__ = _ebss

._user_heap_stack
                0x20000aa8      0xc00 load address 0x08009684
                0x20000aa8                . = ALIGN (0x8)
                0x20000aa8                PROVIDE (end = .)
                [!provide]                PROVIDE (_end = .)
                0x20000ea8                . = (. + _Min_Heap_Size)
 *fill*         0x20000aa8      0x400 
                0x200016a8                . = (. + _Min_Stack_Size)
 *fill*         0x20000ea8      0x800 
                0x200016a8                . = ALIGN (0x8)

/DISCARD/
 libc.a(*)
 libm.a(*)
 libgcc.a(*)

.ARM.attributes
                0x00000000       0x29
 *(.ARM.attributes)
 .ARM.attributes
                0x00000000       0x1d d:/gcc-arm-none-eabi/bin/../lib/gcc/arm-none-eabi/9.3.1/thumb/v7-m/nofp/crti.o
 .ARM.attributes
                0x0000001d       0x2d d:/gcc-arm-none-eabi/bin/../lib/gcc/arm-none-eabi/9.3.1/thumb/v7-m/nofp/crtbegin.o
 .ARM.attributes
                0x0000004a       0x2d CMakeFiles/newfolder.elf.dir/Core/Src/main.c.obj
 .ARM.attributes
                0x00000077       0x2d CMakeFiles/newfolder.elf.dir/Core/Src/stm32f1xx_hal_msp.c.obj
 .ARM.attributes
                0x000000a4       0x2d CMakeFiles/newfolder.elf.dir/Core/Src/stm32f1xx_it.c.obj
 .ARM.attributes
                0x000000d1       0x2d CMakeFiles/newfolder.elf.dir/Core/Src/syscalls.c.obj
 .ARM.attributes
                0x000000fe       0x2d CMakeFiles/newfolder.elf.dir/Core/Src/system_stm32f1xx.c.obj
 .ARM.attributes
                0x0000012b       0x2d CMakeFiles/newfolder.elf.dir/Drivers/STM32F1xx_HAL_Driver/Src/stm32f1xx_hal.c.obj
 .ARM.attributes
                0x00000158       0x2d CMakeFiles/newfolder.elf.dir/Drivers/STM32F1xx_HAL_Driver/Src/stm32f1xx_hal_adc.c.obj
 .ARM.attributes
                0x00000185       0x2d CMakeFiles/newfolder.elf.dir/Drivers/STM32F1xx_HAL_Driver/Src/stm32f1xx_hal_adc_ex.c.obj
 .ARM.attributes
                0x000001b2       0x2d CMakeFiles/newfolder.elf.dir/Drivers/STM32F1xx_HAL_Driver/Src/stm32f1xx_hal_cortex.c.obj
 .ARM.attributes
                0x000001df       0x2d CMakeFiles/newfolder.elf.dir/Drivers/STM32F1xx_HAL_Driver/Src/stm32f1xx_hal_gpio.c.obj
 .ARM.attributes
                0x0000020c       0x2d CMakeFiles/newfolder.elf.dir/Drivers/STM32F1xx_HAL_Driver/Src/stm32f1xx_hal_rcc.c.obj
 .ARM.attributes
                0x00000239       0x2d CMakeFiles/newfolder.elf.dir/Drivers/STM32F1xx_HAL_Driver/Src/stm32f1xx_hal_rcc_ex.c.obj
 .ARM.attributes
                0x00000266       0x2d CMakeFiles/newfolder.elf.dir/Drivers/STM32F1xx_HAL_Driver/Src/stm32f1xx_hal_uart.c.obj
 .ARM.attributes
                0x00000293       0x2d CMakeFiles/newfolder.elf.dir/Hardware/adc1.c.obj
 .ARM.attributes
                0x000002c0       0x2d CMakeFiles/newfolder.elf.dir/Hardware/uart.c.obj
 .ARM.attributes
                0x000002ed       0x21 CMakeFiles/newfolder.elf.dir/startup/startup_stm32f103xe.s.obj
 .ARM.attributes
                0x0000030e       0x1d d:/gcc-arm-none-eabi/bin/../lib/gcc/arm-none-eabi/9.3.1/thumb/v7-m/nofp\libgcc.a(_arm_addsubdf3.o)
 .ARM.attributes
                0x0000032b       0x1d d:/gcc-arm-none-eabi/bin/../lib/gcc/arm-none-eabi/9.3.1/thumb/v7-m/nofp\libgcc.a(_arm_truncdfsf2.o)
 .ARM.attributes
                0x00000348       0x2d d:/gcc-arm-none-eabi/bin/../lib/gcc/arm-none-eabi/9.3.1/../../../../arm-none-eabi/lib/thumb/v7-m/nofp\libg.a(lib_a-errno.o)
 .ARM.attributes
                0x00000375       0x2d d:/gcc-arm-none-eabi/bin/../lib/gcc/arm-none-eabi/9.3.1/../../../../arm-none-eabi/lib/thumb/v7-m/nofp\libg.a(lib_a-impure.o)
 .ARM.attributes
                0x000003a2       0x2d d:/gcc-arm-none-eabi/bin/../lib/gcc/arm-none-eabi/9.3.1/../../../../arm-none-eabi/lib/thumb/v7-m/nofp\libg.a(lib_a-init.o)
 .ARM.attributes
                0x000003cf       0x2d d:/gcc-arm-none-eabi/bin/../lib/gcc/arm-none-eabi/9.3.1/../../../../arm-none-eabi/lib/thumb/v7-m/nofp\libg.a(lib_a-memset.o)
 .ARM.attributes
                0x000003fc       0x2d d:/gcc-arm-none-eabi/bin/../lib/gcc/arm-none-eabi/9.3.1/../../../../arm-none-eabi/lib/thumb/v7-m/nofp\libg.a(lib_a-strlen-stub.o)
 .ARM.attributes
                0x00000429       0x2d d:/gcc-arm-none-eabi/bin/../lib/gcc/arm-none-eabi/9.3.1/../../../../arm-none-eabi/lib/thumb/v7-m/nofp\libg.a(lib_a-vsprintf.o)
 .ARM.attributes
                0x00000456       0x2d d:/gcc-arm-none-eabi/bin/../lib/gcc/arm-none-eabi/9.3.1/../../../../arm-none-eabi/lib/thumb/v7-m/nofp\libg.a(lib_a-__call_atexit.o)
 .ARM.attributes
                0x00000483       0x2d d:/gcc-arm-none-eabi/bin/../lib/gcc/arm-none-eabi/9.3.1/../../../../arm-none-eabi/lib/thumb/v7-m/nofp\libg.a(lib_a-atexit.o)
 .ARM.attributes
                0x000004b0       0x2d d:/gcc-arm-none-eabi/bin/../lib/gcc/arm-none-eabi/9.3.1/../../../../arm-none-eabi/lib/thumb/v7-m/nofp\libg.a(lib_a-fini.o)
 .ARM.attributes
                0x000004dd       0x2d d:/gcc-arm-none-eabi/bin/../lib/gcc/arm-none-eabi/9.3.1/../../../../arm-none-eabi/lib/thumb/v7-m/nofp\libg.a(lib_a-lock.o)
 .ARM.attributes
                0x0000050a       0x2d d:/gcc-arm-none-eabi/bin/../lib/gcc/arm-none-eabi/9.3.1/../../../../arm-none-eabi/lib/thumb/v7-m/nofp\libg.a(lib_a-svfprintf.o)
 .ARM.attributes
                0x00000537       0x2d d:/gcc-arm-none-eabi/bin/../lib/gcc/arm-none-eabi/9.3.1/../../../../arm-none-eabi/lib/thumb/v7-m/nofp\libg.a(lib_a-__atexit.o)
 .ARM.attributes
                0x00000564       0x2d d:/gcc-arm-none-eabi/bin/../lib/gcc/arm-none-eabi/9.3.1/../../../../arm-none-eabi/lib/thumb/v7-m/nofp\libg.a(lib_a-dtoa.o)
 .ARM.attributes
                0x00000591       0x2d d:/gcc-arm-none-eabi/bin/../lib/gcc/arm-none-eabi/9.3.1/../../../../arm-none-eabi/lib/thumb/v7-m/nofp\libg.a(lib_a-freer.o)
 .ARM.attributes
                0x000005be       0x2d d:/gcc-arm-none-eabi/bin/../lib/gcc/arm-none-eabi/9.3.1/../../../../arm-none-eabi/lib/thumb/v7-m/nofp\libg.a(lib_a-localeconv.o)
 .ARM.attributes
                0x000005eb       0x2d d:/gcc-arm-none-eabi/bin/../lib/gcc/arm-none-eabi/9.3.1/../../../../arm-none-eabi/lib/thumb/v7-m/nofp\libg.a(lib_a-mallocr.o)
 .ARM.attributes
                0x00000618       0x2d d:/gcc-arm-none-eabi/bin/../lib/gcc/arm-none-eabi/9.3.1/../../../../arm-none-eabi/lib/thumb/v7-m/nofp\libg.a(lib_a-memchr-stub.o)
 .ARM.attributes
                0x00000645       0x1b d:/gcc-arm-none-eabi/bin/../lib/gcc/arm-none-eabi/9.3.1/../../../../arm-none-eabi/lib/thumb/v7-m/nofp\libg.a(lib_a-memcpy.o)
 .ARM.attributes
                0x00000660       0x2d d:/gcc-arm-none-eabi/bin/../lib/gcc/arm-none-eabi/9.3.1/../../../../arm-none-eabi/lib/thumb/v7-m/nofp\libg.a(lib_a-mlock.o)
 .ARM.attributes
                0x0000068d       0x2d d:/gcc-arm-none-eabi/bin/../lib/gcc/arm-none-eabi/9.3.1/../../../../arm-none-eabi/lib/thumb/v7-m/nofp\libg.a(lib_a-mprec.o)
 .ARM.attributes
                0x000006ba       0x2d d:/gcc-arm-none-eabi/bin/../lib/gcc/arm-none-eabi/9.3.1/../../../../arm-none-eabi/lib/thumb/v7-m/nofp\libg.a(lib_a-s_frexp.o)
 .ARM.attributes
                0x000006e7       0x2d d:/gcc-arm-none-eabi/bin/../lib/gcc/arm-none-eabi/9.3.1/../../../../arm-none-eabi/lib/thumb/v7-m/nofp\libg.a(lib_a-sbrkr.o)
 .ARM.attributes
                0x00000714       0x2d d:/gcc-arm-none-eabi/bin/../lib/gcc/arm-none-eabi/9.3.1/../../../../arm-none-eabi/lib/thumb/v7-m/nofp\libg.a(lib_a-strncpy.o)
 .ARM.attributes
                0x00000741       0x2d d:/gcc-arm-none-eabi/bin/../lib/gcc/arm-none-eabi/9.3.1/../../../../arm-none-eabi/lib/thumb/v7-m/nofp\libg.a(lib_a-svfiprintf.o)
 .ARM.attributes
                0x0000076e       0x2d d:/gcc-arm-none-eabi/bin/../lib/gcc/arm-none-eabi/9.3.1/../../../../arm-none-eabi/lib/thumb/v7-m/nofp\libg.a(lib_a-assert.o)
 .ARM.attributes
                0x0000079b       0x2d d:/gcc-arm-none-eabi/bin/../lib/gcc/arm-none-eabi/9.3.1/../../../../arm-none-eabi/lib/thumb/v7-m/nofp\libg.a(lib_a-callocr.o)
 .ARM.attributes
                0x000007c8       0x2d d:/gcc-arm-none-eabi/bin/../lib/gcc/arm-none-eabi/9.3.1/../../../../arm-none-eabi/lib/thumb/v7-m/nofp\libg.a(lib_a-fiprintf.o)
 .ARM.attributes
                0x000007f5       0x2d d:/gcc-arm-none-eabi/bin/../lib/gcc/arm-none-eabi/9.3.1/../../../../arm-none-eabi/lib/thumb/v7-m/nofp\libg.a(lib_a-locale.o)
 .ARM.attributes
                0x00000822       0x2d d:/gcc-arm-none-eabi/bin/../lib/gcc/arm-none-eabi/9.3.1/../../../../arm-none-eabi/lib/thumb/v7-m/nofp\libg.a(lib_a-mbtowc_r.o)
 .ARM.attributes
                0x0000084f       0x2d d:/gcc-arm-none-eabi/bin/../lib/gcc/arm-none-eabi/9.3.1/../../../../arm-none-eabi/lib/thumb/v7-m/nofp\libg.a(lib_a-memmove.o)
 .ARM.attributes
                0x0000087c       0x2d d:/gcc-arm-none-eabi/bin/../lib/gcc/arm-none-eabi/9.3.1/../../../../arm-none-eabi/lib/thumb/v7-m/nofp\libg.a(lib_a-reallocr.o)
 .ARM.attributes
                0x000008a9       0x2d d:/gcc-arm-none-eabi/bin/../lib/gcc/arm-none-eabi/9.3.1/../../../../arm-none-eabi/lib/thumb/v7-m/nofp\libg.a(lib_a-reent.o)
 .ARM.attributes
                0x000008d6       0x2d d:/gcc-arm-none-eabi/bin/../lib/gcc/arm-none-eabi/9.3.1/../../../../arm-none-eabi/lib/thumb/v7-m/nofp\libg.a(lib_a-vfiprintf.o)
 .ARM.attributes
                0x00000903       0x2d d:/gcc-arm-none-eabi/bin/../lib/gcc/arm-none-eabi/9.3.1/../../../../arm-none-eabi/lib/thumb/v7-m/nofp\libg.a(lib_a-wctomb_r.o)
 .ARM.attributes
                0x00000930       0x2d d:/gcc-arm-none-eabi/bin/../lib/gcc/arm-none-eabi/9.3.1/../../../../arm-none-eabi/lib/thumb/v7-m/nofp\libg.a(lib_a-wsetup.o)
 .ARM.attributes
                0x0000095d       0x2d d:/gcc-arm-none-eabi/bin/../lib/gcc/arm-none-eabi/9.3.1/../../../../arm-none-eabi/lib/thumb/v7-m/nofp\libg.a(lib_a-abort.o)
 .ARM.attributes
                0x0000098a       0x2d d:/gcc-arm-none-eabi/bin/../lib/gcc/arm-none-eabi/9.3.1/../../../../arm-none-eabi/lib/thumb/v7-m/nofp\libg.a(lib_a-ctype_.o)
 .ARM.attributes
                0x000009b7       0x2d d:/gcc-arm-none-eabi/bin/../lib/gcc/arm-none-eabi/9.3.1/../../../../arm-none-eabi/lib/thumb/v7-m/nofp\libg.a(lib_a-fflush.o)
 .ARM.attributes
                0x000009e4       0x2d d:/gcc-arm-none-eabi/bin/../lib/gcc/arm-none-eabi/9.3.1/../../../../arm-none-eabi/lib/thumb/v7-m/nofp\libg.a(lib_a-findfp.o)
 .ARM.attributes
                0x00000a11       0x2d d:/gcc-arm-none-eabi/bin/../lib/gcc/arm-none-eabi/9.3.1/../../../../arm-none-eabi/lib/thumb/v7-m/nofp\libg.a(lib_a-fputwc.o)
 .ARM.attributes
                0x00000a3e       0x2d d:/gcc-arm-none-eabi/bin/../lib/gcc/arm-none-eabi/9.3.1/../../../../arm-none-eabi/lib/thumb/v7-m/nofp\libg.a(lib_a-fvwrite.o)
 .ARM.attributes
                0x00000a6b       0x2d d:/gcc-arm-none-eabi/bin/../lib/gcc/arm-none-eabi/9.3.1/../../../../arm-none-eabi/lib/thumb/v7-m/nofp\libg.a(lib_a-fwalk.o)
 .ARM.attributes
                0x00000a98       0x2d d:/gcc-arm-none-eabi/bin/../lib/gcc/arm-none-eabi/9.3.1/../../../../arm-none-eabi/lib/thumb/v7-m/nofp\libg.a(lib_a-makebuf.o)
 .ARM.attributes
                0x00000ac5       0x2d d:/gcc-arm-none-eabi/bin/../lib/gcc/arm-none-eabi/9.3.1/../../../../arm-none-eabi/lib/thumb/v7-m/nofp\libg.a(lib_a-signal.o)
 .ARM.attributes
                0x00000af2       0x2d d:/gcc-arm-none-eabi/bin/../lib/gcc/arm-none-eabi/9.3.1/../../../../arm-none-eabi/lib/thumb/v7-m/nofp\libg.a(lib_a-signalr.o)
 .ARM.attributes
                0x00000b1f       0x2d d:/gcc-arm-none-eabi/bin/../lib/gcc/arm-none-eabi/9.3.1/../../../../arm-none-eabi/lib/thumb/v7-m/nofp\libg.a(lib_a-stdio.o)
 .ARM.attributes
                0x00000b4c       0x2d d:/gcc-arm-none-eabi/bin/../lib/gcc/arm-none-eabi/9.3.1/../../../../arm-none-eabi/lib/thumb/v7-m/nofp\libg.a(lib_a-wbuf.o)
 .ARM.attributes
                0x00000b79       0x2d d:/gcc-arm-none-eabi/bin/../lib/gcc/arm-none-eabi/9.3.1/../../../../arm-none-eabi/lib/thumb/v7-m/nofp\libg.a(lib_a-wcrtomb.o)
 .ARM.attributes
                0x00000ba6       0x2d d:/gcc-arm-none-eabi/bin/../lib/gcc/arm-none-eabi/9.3.1/../../../../arm-none-eabi/lib/thumb/v7-m/nofp\libg.a(lib_a-writer.o)
 .ARM.attributes
                0x00000bd3       0x2d d:/gcc-arm-none-eabi/bin/../lib/gcc/arm-none-eabi/9.3.1/../../../../arm-none-eabi/lib/thumb/v7-m/nofp\libg.a(lib_a-closer.o)
 .ARM.attributes
                0x00000c00       0x2d d:/gcc-arm-none-eabi/bin/../lib/gcc/arm-none-eabi/9.3.1/../../../../arm-none-eabi/lib/thumb/v7-m/nofp\libg.a(lib_a-fclose.o)
 .ARM.attributes
                0x00000c2d       0x2d d:/gcc-arm-none-eabi/bin/../lib/gcc/arm-none-eabi/9.3.1/../../../../arm-none-eabi/lib/thumb/v7-m/nofp\libg.a(lib_a-fstatr.o)
 .ARM.attributes
                0x00000c5a       0x2d d:/gcc-arm-none-eabi/bin/../lib/gcc/arm-none-eabi/9.3.1/../../../../arm-none-eabi/lib/thumb/v7-m/nofp\libg.a(lib_a-isattyr.o)
 .ARM.attributes
                0x00000c87       0x2d d:/gcc-arm-none-eabi/bin/../lib/gcc/arm-none-eabi/9.3.1/../../../../arm-none-eabi/lib/thumb/v7-m/nofp\libg.a(lib_a-lseekr.o)
 .ARM.attributes
                0x00000cb4       0x2d d:/gcc-arm-none-eabi/bin/../lib/gcc/arm-none-eabi/9.3.1/../../../../arm-none-eabi/lib/thumb/v7-m/nofp\libg.a(lib_a-readr.o)
 .ARM.attributes
                0x00000ce1       0x1d d:/gcc-arm-none-eabi/bin/../lib/gcc/arm-none-eabi/9.3.1/thumb/v7-m/nofp\libgcc.a(_arm_muldivdf3.o)
 .ARM.attributes
                0x00000cfe       0x1d d:/gcc-arm-none-eabi/bin/../lib/gcc/arm-none-eabi/9.3.1/thumb/v7-m/nofp\libgcc.a(_arm_cmpdf2.o)
 .ARM.attributes
                0x00000d1b       0x1d d:/gcc-arm-none-eabi/bin/../lib/gcc/arm-none-eabi/9.3.1/thumb/v7-m/nofp\libgcc.a(_arm_unorddf2.o)
 .ARM.attributes
                0x00000d38       0x1d d:/gcc-arm-none-eabi/bin/../lib/gcc/arm-none-eabi/9.3.1/thumb/v7-m/nofp\libgcc.a(_arm_fixdfsi.o)
 .ARM.attributes
                0x00000d55       0x1d d:/gcc-arm-none-eabi/bin/../lib/gcc/arm-none-eabi/9.3.1/thumb/v7-m/nofp\libgcc.a(_aeabi_uldivmod.o)
 .ARM.attributes
                0x00000d72       0x2d d:/gcc-arm-none-eabi/bin/../lib/gcc/arm-none-eabi/9.3.1/thumb/v7-m/nofp\libgcc.a(_udivmoddi4.o)
 .ARM.attributes
                0x00000d9f       0x1d d:/gcc-arm-none-eabi/bin/../lib/gcc/arm-none-eabi/9.3.1/thumb/v7-m/nofp\libgcc.a(_dvmd_tls.o)
 .ARM.attributes
                0x00000dbc       0x1d d:/gcc-arm-none-eabi/bin/../lib/gcc/arm-none-eabi/9.3.1/thumb/v7-m/nofp/crtn.o
OUTPUT(newfolder.elf elf32-littlearm)
LOAD linker stubs
LOAD d:/gcc-arm-none-eabi/bin/../lib/gcc/arm-none-eabi/9.3.1/../../../../arm-none-eabi/lib/thumb/v7-m/nofp\libc.a
LOAD d:/gcc-arm-none-eabi/bin/../lib/gcc/arm-none-eabi/9.3.1/../../../../arm-none-eabi/lib/thumb/v7-m/nofp\libm.a
LOAD d:/gcc-arm-none-eabi/bin/../lib/gcc/arm-none-eabi/9.3.1/thumb/v7-m/nofp\libgcc.a

.debug_info     0x00000000     0xdad9
 .debug_info    0x00000000     0x12fb CMakeFiles/newfolder.elf.dir/Core/Src/main.c.obj
 .debug_info    0x000012fb     0x1bd9 CMakeFiles/newfolder.elf.dir/Core/Src/stm32f1xx_hal_msp.c.obj
 .debug_info    0x00002ed4     0x1429 CMakeFiles/newfolder.elf.dir/Core/Src/stm32f1xx_it.c.obj
 .debug_info    0x000042fd     0x112b CMakeFiles/newfolder.elf.dir/Core/Src/syscalls.c.obj
 .debug_info    0x00005428      0x2c9 CMakeFiles/newfolder.elf.dir/Core/Src/system_stm32f1xx.c.obj
 .debug_info    0x000056f1      0x897 CMakeFiles/newfolder.elf.dir/Drivers/STM32F1xx_HAL_Driver/Src/stm32f1xx_hal.c.obj
 .debug_info    0x00005f88      0xfd8 CMakeFiles/newfolder.elf.dir/Drivers/STM32F1xx_HAL_Driver/Src/stm32f1xx_hal_adc.c.obj
 .debug_info    0x00006f60      0xca9 CMakeFiles/newfolder.elf.dir/Drivers/STM32F1xx_HAL_Driver/Src/stm32f1xx_hal_adc_ex.c.obj
 .debug_info    0x00007c09      0xeac CMakeFiles/newfolder.elf.dir/Drivers/STM32F1xx_HAL_Driver/Src/stm32f1xx_hal_cortex.c.obj
 .debug_info    0x00008ab5      0x75b CMakeFiles/newfolder.elf.dir/Drivers/STM32F1xx_HAL_Driver/Src/stm32f1xx_hal_gpio.c.obj
 .debug_info    0x00009210      0xaab CMakeFiles/newfolder.elf.dir/Drivers/STM32F1xx_HAL_Driver/Src/stm32f1xx_hal_rcc.c.obj
 .debug_info    0x00009cbb      0x538 CMakeFiles/newfolder.elf.dir/Drivers/STM32F1xx_HAL_Driver/Src/stm32f1xx_hal_rcc_ex.c.obj
 .debug_info    0x0000a1f3     0x1919 CMakeFiles/newfolder.elf.dir/Drivers/STM32F1xx_HAL_Driver/Src/stm32f1xx_hal_uart.c.obj
 .debug_info    0x0000bb0c      0x9bc CMakeFiles/newfolder.elf.dir/Hardware/adc1.c.obj
 .debug_info    0x0000c4c8     0x15ef CMakeFiles/newfolder.elf.dir/Hardware/uart.c.obj
 .debug_info    0x0000dab7       0x22 CMakeFiles/newfolder.elf.dir/startup/startup_stm32f103xe.s.obj

.debug_abbrev   0x00000000     0x25c1
 .debug_abbrev  0x00000000      0x2c8 CMakeFiles/newfolder.elf.dir/Core/Src/main.c.obj
 .debug_abbrev  0x000002c8      0x315 CMakeFiles/newfolder.elf.dir/Core/Src/stm32f1xx_hal_msp.c.obj
 .debug_abbrev  0x000005dd      0x26a CMakeFiles/newfolder.elf.dir/Core/Src/stm32f1xx_it.c.obj
 .debug_abbrev  0x00000847      0x31e CMakeFiles/newfolder.elf.dir/Core/Src/syscalls.c.obj
 .debug_abbrev  0x00000b65      0x151 CMakeFiles/newfolder.elf.dir/Core/Src/system_stm32f1xx.c.obj
 .debug_abbrev  0x00000cb6      0x219 CMakeFiles/newfolder.elf.dir/Drivers/STM32F1xx_HAL_Driver/Src/stm32f1xx_hal.c.obj
 .debug_abbrev  0x00000ecf      0x228 CMakeFiles/newfolder.elf.dir/Drivers/STM32F1xx_HAL_Driver/Src/stm32f1xx_hal_adc.c.obj
 .debug_abbrev  0x000010f7      0x272 CMakeFiles/newfolder.elf.dir/Drivers/STM32F1xx_HAL_Driver/Src/stm32f1xx_hal_adc_ex.c.obj
 .debug_abbrev  0x00001369      0x367 CMakeFiles/newfolder.elf.dir/Drivers/STM32F1xx_HAL_Driver/Src/stm32f1xx_hal_cortex.c.obj
 .debug_abbrev  0x000016d0      0x213 CMakeFiles/newfolder.elf.dir/Drivers/STM32F1xx_HAL_Driver/Src/stm32f1xx_hal_gpio.c.obj
 .debug_abbrev  0x000018e3      0x28d CMakeFiles/newfolder.elf.dir/Drivers/STM32F1xx_HAL_Driver/Src/stm32f1xx_hal_rcc.c.obj
 .debug_abbrev  0x00001b70      0x1f8 CMakeFiles/newfolder.elf.dir/Drivers/STM32F1xx_HAL_Driver/Src/stm32f1xx_hal_rcc_ex.c.obj
 .debug_abbrev  0x00001d68      0x293 CMakeFiles/newfolder.elf.dir/Drivers/STM32F1xx_HAL_Driver/Src/stm32f1xx_hal_uart.c.obj
 .debug_abbrev  0x00001ffb      0x267 CMakeFiles/newfolder.elf.dir/Hardware/adc1.c.obj
 .debug_abbrev  0x00002262      0x34d CMakeFiles/newfolder.elf.dir/Hardware/uart.c.obj
 .debug_abbrev  0x000025af       0x12 CMakeFiles/newfolder.elf.dir/startup/startup_stm32f103xe.s.obj

.debug_aranges  0x00000000      0x850
 .debug_aranges
                0x00000000       0x30 CMakeFiles/newfolder.elf.dir/Core/Src/main.c.obj
 .debug_aranges
                0x00000030       0x58 CMakeFiles/newfolder.elf.dir/Core/Src/stm32f1xx_hal_msp.c.obj
 .debug_aranges
                0x00000088       0x90 CMakeFiles/newfolder.elf.dir/Core/Src/stm32f1xx_it.c.obj
 .debug_aranges
                0x00000118       0xb0 CMakeFiles/newfolder.elf.dir/Core/Src/syscalls.c.obj
 .debug_aranges
                0x000001c8       0x28 CMakeFiles/newfolder.elf.dir/Core/Src/system_stm32f1xx.c.obj
 .debug_aranges
                0x000001f0       0xe0 CMakeFiles/newfolder.elf.dir/Drivers/STM32F1xx_HAL_Driver/Src/stm32f1xx_hal.c.obj
 .debug_aranges
                0x000002d0       0xf0 CMakeFiles/newfolder.elf.dir/Drivers/STM32F1xx_HAL_Driver/Src/stm32f1xx_hal_adc.c.obj
 .debug_aranges
                0x000003c0       0x80 CMakeFiles/newfolder.elf.dir/Drivers/STM32F1xx_HAL_Driver/Src/stm32f1xx_hal_adc_ex.c.obj
 .debug_aranges
                0x00000440       0x90 CMakeFiles/newfolder.elf.dir/Drivers/STM32F1xx_HAL_Driver/Src/stm32f1xx_hal_cortex.c.obj
 .debug_aranges
                0x000004d0       0x58 CMakeFiles/newfolder.elf.dir/Drivers/STM32F1xx_HAL_Driver/Src/stm32f1xx_hal_gpio.c.obj
 .debug_aranges
                0x00000528       0x90 CMakeFiles/newfolder.elf.dir/Drivers/STM32F1xx_HAL_Driver/Src/stm32f1xx_hal_rcc.c.obj
 .debug_aranges
                0x000005b8       0x30 CMakeFiles/newfolder.elf.dir/Drivers/STM32F1xx_HAL_Driver/Src/stm32f1xx_hal_rcc_ex.c.obj
 .debug_aranges
                0x000005e8      0x1d0 CMakeFiles/newfolder.elf.dir/Drivers/STM32F1xx_HAL_Driver/Src/stm32f1xx_hal_uart.c.obj
 .debug_aranges
                0x000007b8       0x30 CMakeFiles/newfolder.elf.dir/Hardware/adc1.c.obj
 .debug_aranges
                0x000007e8       0x40 CMakeFiles/newfolder.elf.dir/Hardware/uart.c.obj
 .debug_aranges
                0x00000828       0x28 CMakeFiles/newfolder.elf.dir/startup/startup_stm32f103xe.s.obj

.debug_ranges   0x00000000      0x7f0
 .debug_ranges  0x00000000       0x20 CMakeFiles/newfolder.elf.dir/Core/Src/main.c.obj
 .debug_ranges  0x00000020       0x48 CMakeFiles/newfolder.elf.dir/Core/Src/stm32f1xx_hal_msp.c.obj
 .debug_ranges  0x00000068       0x80 CMakeFiles/newfolder.elf.dir/Core/Src/stm32f1xx_it.c.obj
 .debug_ranges  0x000000e8       0xa0 CMakeFiles/newfolder.elf.dir/Core/Src/syscalls.c.obj
 .debug_ranges  0x00000188       0x18 CMakeFiles/newfolder.elf.dir/Core/Src/system_stm32f1xx.c.obj
 .debug_ranges  0x000001a0       0xd0 CMakeFiles/newfolder.elf.dir/Drivers/STM32F1xx_HAL_Driver/Src/stm32f1xx_hal.c.obj
 .debug_ranges  0x00000270       0xe0 CMakeFiles/newfolder.elf.dir/Drivers/STM32F1xx_HAL_Driver/Src/stm32f1xx_hal_adc.c.obj
 .debug_ranges  0x00000350       0x70 CMakeFiles/newfolder.elf.dir/Drivers/STM32F1xx_HAL_Driver/Src/stm32f1xx_hal_adc_ex.c.obj
 .debug_ranges  0x000003c0       0xe0 CMakeFiles/newfolder.elf.dir/Drivers/STM32F1xx_HAL_Driver/Src/stm32f1xx_hal_cortex.c.obj
 .debug_ranges  0x000004a0       0x48 CMakeFiles/newfolder.elf.dir/Drivers/STM32F1xx_HAL_Driver/Src/stm32f1xx_hal_gpio.c.obj
 .debug_ranges  0x000004e8       0xa0 CMakeFiles/newfolder.elf.dir/Drivers/STM32F1xx_HAL_Driver/Src/stm32f1xx_hal_rcc.c.obj
 .debug_ranges  0x00000588       0x38 CMakeFiles/newfolder.elf.dir/Drivers/STM32F1xx_HAL_Driver/Src/stm32f1xx_hal_rcc_ex.c.obj
 .debug_ranges  0x000005c0      0x1c0 CMakeFiles/newfolder.elf.dir/Drivers/STM32F1xx_HAL_Driver/Src/stm32f1xx_hal_uart.c.obj
 .debug_ranges  0x00000780       0x20 CMakeFiles/newfolder.elf.dir/Hardware/adc1.c.obj
 .debug_ranges  0x000007a0       0x30 CMakeFiles/newfolder.elf.dir/Hardware/uart.c.obj
 .debug_ranges  0x000007d0       0x20 CMakeFiles/newfolder.elf.dir/startup/startup_stm32f103xe.s.obj

.debug_line     0x00000000     0x76af
 .debug_line    0x00000000      0x3d7 CMakeFiles/newfolder.elf.dir/Core/Src/main.c.obj
 .debug_line    0x000003d7      0x49c CMakeFiles/newfolder.elf.dir/Core/Src/stm32f1xx_hal_msp.c.obj
 .debug_line    0x00000873      0x428 CMakeFiles/newfolder.elf.dir/Core/Src/stm32f1xx_it.c.obj
 .debug_line    0x00000c9b      0x4c5 CMakeFiles/newfolder.elf.dir/Core/Src/syscalls.c.obj
 .debug_line    0x00001160      0x29a CMakeFiles/newfolder.elf.dir/Core/Src/system_stm32f1xx.c.obj
 .debug_line    0x000013fa      0x52a CMakeFiles/newfolder.elf.dir/Drivers/STM32F1xx_HAL_Driver/Src/stm32f1xx_hal.c.obj
 .debug_line    0x00001924      0xee3 CMakeFiles/newfolder.elf.dir/Drivers/STM32F1xx_HAL_Driver/Src/stm32f1xx_hal_adc.c.obj
 .debug_line    0x00002807      0xbb7 CMakeFiles/newfolder.elf.dir/Drivers/STM32F1xx_HAL_Driver/Src/stm32f1xx_hal_adc_ex.c.obj
 .debug_line    0x000033be      0x680 CMakeFiles/newfolder.elf.dir/Drivers/STM32F1xx_HAL_Driver/Src/stm32f1xx_hal_cortex.c.obj
 .debug_line    0x00003a3e      0x63d CMakeFiles/newfolder.elf.dir/Drivers/STM32F1xx_HAL_Driver/Src/stm32f1xx_hal_gpio.c.obj
 .debug_line    0x0000407b      0xc47 CMakeFiles/newfolder.elf.dir/Drivers/STM32F1xx_HAL_Driver/Src/stm32f1xx_hal_rcc.c.obj
 .debug_line    0x00004cc2      0x4fc CMakeFiles/newfolder.elf.dir/Drivers/STM32F1xx_HAL_Driver/Src/stm32f1xx_hal_rcc_ex.c.obj
 .debug_line    0x000051be     0x1bec CMakeFiles/newfolder.elf.dir/Drivers/STM32F1xx_HAL_Driver/Src/stm32f1xx_hal_uart.c.obj
 .debug_line    0x00006daa      0x364 CMakeFiles/newfolder.elf.dir/Hardware/adc1.c.obj
 .debug_line    0x0000710e      0x512 CMakeFiles/newfolder.elf.dir/Hardware/uart.c.obj
 .debug_line    0x00007620       0x8f CMakeFiles/newfolder.elf.dir/startup/startup_stm32f103xe.s.obj

.debug_str      0x00000000     0x30da
 .debug_str     0x00000000      0xc48 CMakeFiles/newfolder.elf.dir/Core/Src/main.c.obj
                                0xd21 (size before relaxing)
 .debug_str     0x00000c48      0x9c6 CMakeFiles/newfolder.elf.dir/Core/Src/stm32f1xx_hal_msp.c.obj
                               0x143e (size before relaxing)
 .debug_str     0x0000160e      0x14f CMakeFiles/newfolder.elf.dir/Core/Src/stm32f1xx_it.c.obj
                                0xeb1 (size before relaxing)
 .debug_str     0x0000175d      0x274 CMakeFiles/newfolder.elf.dir/Core/Src/syscalls.c.obj
                                0x83f (size before relaxing)
 .debug_str     0x000019d1       0x64 CMakeFiles/newfolder.elf.dir/Core/Src/system_stm32f1xx.c.obj
                                0x315 (size before relaxing)
 .debug_str     0x00001a35      0x290 CMakeFiles/newfolder.elf.dir/Drivers/STM32F1xx_HAL_Driver/Src/stm32f1xx_hal.c.obj
                                0x976 (size before relaxing)
 .debug_str     0x00001cc5      0x387 CMakeFiles/newfolder.elf.dir/Drivers/STM32F1xx_HAL_Driver/Src/stm32f1xx_hal_adc.c.obj
                                0x9b0 (size before relaxing)
 .debug_str     0x0000204c      0x2a3 CMakeFiles/newfolder.elf.dir/Drivers/STM32F1xx_HAL_Driver/Src/stm32f1xx_hal_adc_ex.c.obj
                                0x963 (size before relaxing)
 .debug_str     0x000022ef      0x3a6 CMakeFiles/newfolder.elf.dir/Drivers/STM32F1xx_HAL_Driver/Src/stm32f1xx_hal_cortex.c.obj
                                0xa92 (size before relaxing)
 .debug_str     0x00002695      0x12c CMakeFiles/newfolder.elf.dir/Drivers/STM32F1xx_HAL_Driver/Src/stm32f1xx_hal_gpio.c.obj
                                0x4ff (size before relaxing)
 .debug_str     0x000027c1      0x1f7 CMakeFiles/newfolder.elf.dir/Drivers/STM32F1xx_HAL_Driver/Src/stm32f1xx_hal_rcc.c.obj
                                0x6e1 (size before relaxing)
 .debug_str     0x000029b8       0x96 CMakeFiles/newfolder.elf.dir/Drivers/STM32F1xx_HAL_Driver/Src/stm32f1xx_hal_rcc_ex.c.obj
                                0x4fe (size before relaxing)
 .debug_str     0x00002a4e      0x567 CMakeFiles/newfolder.elf.dir/Drivers/STM32F1xx_HAL_Driver/Src/stm32f1xx_hal_uart.c.obj
                                0xc8f (size before relaxing)
 .debug_str     0x00002fb5       0x5f CMakeFiles/newfolder.elf.dir/Hardware/adc1.c.obj
                                0x741 (size before relaxing)
 .debug_str     0x00003014       0x85 CMakeFiles/newfolder.elf.dir/Hardware/uart.c.obj
                                0xfe6 (size before relaxing)
 .debug_str     0x00003099       0x41 CMakeFiles/newfolder.elf.dir/startup/startup_stm32f103xe.s.obj
                                 0x68 (size before relaxing)

.comment        0x00000000       0x4c
 .comment       0x00000000       0x4c CMakeFiles/newfolder.elf.dir/Core/Src/main.c.obj
                                 0x4d (size before relaxing)
 .comment       0x0000004c       0x4d CMakeFiles/newfolder.elf.dir/Core/Src/stm32f1xx_hal_msp.c.obj
 .comment       0x0000004c       0x4d CMakeFiles/newfolder.elf.dir/Core/Src/stm32f1xx_it.c.obj
 .comment       0x0000004c       0x4d CMakeFiles/newfolder.elf.dir/Core/Src/syscalls.c.obj
 .comment       0x0000004c       0x4d CMakeFiles/newfolder.elf.dir/Core/Src/system_stm32f1xx.c.obj
 .comment       0x0000004c       0x4d CMakeFiles/newfolder.elf.dir/Drivers/STM32F1xx_HAL_Driver/Src/stm32f1xx_hal.c.obj
 .comment       0x0000004c       0x4d CMakeFiles/newfolder.elf.dir/Drivers/STM32F1xx_HAL_Driver/Src/stm32f1xx_hal_adc.c.obj
 .comment       0x0000004c       0x4d CMakeFiles/newfolder.elf.dir/Drivers/STM32F1xx_HAL_Driver/Src/stm32f1xx_hal_adc_ex.c.obj
 .comment       0x0000004c       0x4d CMakeFiles/newfolder.elf.dir/Drivers/STM32F1xx_HAL_Driver/Src/stm32f1xx_hal_cortex.c.obj
 .comment       0x0000004c       0x4d CMakeFiles/newfolder.elf.dir/Drivers/STM32F1xx_HAL_Driver/Src/stm32f1xx_hal_gpio.c.obj
 .comment       0x0000004c       0x4d CMakeFiles/newfolder.elf.dir/Drivers/STM32F1xx_HAL_Driver/Src/stm32f1xx_hal_rcc.c.obj
 .comment       0x0000004c       0x4d CMakeFiles/newfolder.elf.dir/Drivers/STM32F1xx_HAL_Driver/Src/stm32f1xx_hal_rcc_ex.c.obj
 .comment       0x0000004c       0x4d CMakeFiles/newfolder.elf.dir/Drivers/STM32F1xx_HAL_Driver/Src/stm32f1xx_hal_uart.c.obj
 .comment       0x0000004c       0x4d CMakeFiles/newfolder.elf.dir/Hardware/adc1.c.obj
 .comment       0x0000004c       0x4d CMakeFiles/newfolder.elf.dir/Hardware/uart.c.obj

.debug_frame    0x00000000     0x29e4
 .debug_frame   0x00000000       0x58 CMakeFiles/newfolder.elf.dir/Core/Src/main.c.obj
 .debug_frame   0x00000058       0xd8 CMakeFiles/newfolder.elf.dir/Core/Src/stm32f1xx_hal_msp.c.obj
 .debug_frame   0x00000130      0x108 CMakeFiles/newfolder.elf.dir/Core/Src/stm32f1xx_it.c.obj
 .debug_frame   0x00000238      0x1a8 CMakeFiles/newfolder.elf.dir/Core/Src/syscalls.c.obj
 .debug_frame   0x000003e0       0x30 CMakeFiles/newfolder.elf.dir/Core/Src/system_stm32f1xx.c.obj
 .debug_frame   0x00000410      0x1cc CMakeFiles/newfolder.elf.dir/Drivers/STM32F1xx_HAL_Driver/Src/stm32f1xx_hal.c.obj
 .debug_frame   0x000005dc      0x2cc CMakeFiles/newfolder.elf.dir/Drivers/STM32F1xx_HAL_Driver/Src/stm32f1xx_hal_adc.c.obj
 .debug_frame   0x000008a8      0x190 CMakeFiles/newfolder.elf.dir/Drivers/STM32F1xx_HAL_Driver/Src/stm32f1xx_hal_adc_ex.c.obj
 .debug_frame   0x00000a38      0x12c CMakeFiles/newfolder.elf.dir/Drivers/STM32F1xx_HAL_Driver/Src/stm32f1xx_hal_cortex.c.obj
 .debug_frame   0x00000b64       0xe8 CMakeFiles/newfolder.elf.dir/Drivers/STM32F1xx_HAL_Driver/Src/stm32f1xx_hal_gpio.c.obj
 .debug_frame   0x00000c4c      0x190 CMakeFiles/newfolder.elf.dir/Drivers/STM32F1xx_HAL_Driver/Src/stm32f1xx_hal_rcc.c.obj
 .debug_frame   0x00000ddc       0x68 CMakeFiles/newfolder.elf.dir/Drivers/STM32F1xx_HAL_Driver/Src/stm32f1xx_hal_rcc_ex.c.obj
 .debug_frame   0x00000e44      0x4e8 CMakeFiles/newfolder.elf.dir/Drivers/STM32F1xx_HAL_Driver/Src/stm32f1xx_hal_uart.c.obj
 .debug_frame   0x0000132c       0x74 CMakeFiles/newfolder.elf.dir/Hardware/adc1.c.obj
 .debug_frame   0x000013a0       0xac CMakeFiles/newfolder.elf.dir/Hardware/uart.c.obj
 .debug_frame   0x0000144c       0xac d:/gcc-arm-none-eabi/bin/../lib/gcc/arm-none-eabi/9.3.1/thumb/v7-m/nofp\libgcc.a(_arm_addsubdf3.o)
 .debug_frame   0x000014f8       0x24 d:/gcc-arm-none-eabi/bin/../lib/gcc/arm-none-eabi/9.3.1/thumb/v7-m/nofp\libgcc.a(_arm_truncdfsf2.o)
 .debug_frame   0x0000151c       0x20 d:/gcc-arm-none-eabi/bin/../lib/gcc/arm-none-eabi/9.3.1/../../../../arm-none-eabi/lib/thumb/v7-m/nofp\libg.a(lib_a-errno.o)
 .debug_frame   0x0000153c       0x2c d:/gcc-arm-none-eabi/bin/../lib/gcc/arm-none-eabi/9.3.1/../../../../arm-none-eabi/lib/thumb/v7-m/nofp\libg.a(lib_a-init.o)
 .debug_frame   0x00001568       0x38 d:/gcc-arm-none-eabi/bin/../lib/gcc/arm-none-eabi/9.3.1/../../../../arm-none-eabi/lib/thumb/v7-m/nofp\libg.a(lib_a-memset.o)
 .debug_frame   0x000015a0       0x20 d:/gcc-arm-none-eabi/bin/../lib/gcc/arm-none-eabi/9.3.1/../../../../arm-none-eabi/lib/thumb/v7-m/nofp\libg.a(lib_a-strlen-stub.o)
 .debug_frame   0x000015c0       0x4c d:/gcc-arm-none-eabi/bin/../lib/gcc/arm-none-eabi/9.3.1/../../../../arm-none-eabi/lib/thumb/v7-m/nofp\libg.a(lib_a-vsprintf.o)
 .debug_frame   0x0000160c       0x5c d:/gcc-arm-none-eabi/bin/../lib/gcc/arm-none-eabi/9.3.1/../../../../arm-none-eabi/lib/thumb/v7-m/nofp\libg.a(lib_a-__call_atexit.o)
 .debug_frame   0x00001668       0x20 d:/gcc-arm-none-eabi/bin/../lib/gcc/arm-none-eabi/9.3.1/../../../../arm-none-eabi/lib/thumb/v7-m/nofp\libg.a(lib_a-atexit.o)
 .debug_frame   0x00001688       0x34 d:/gcc-arm-none-eabi/bin/../lib/gcc/arm-none-eabi/9.3.1/../../../../arm-none-eabi/lib/thumb/v7-m/nofp\libg.a(lib_a-fini.o)
 .debug_frame   0x000016bc       0xb0 d:/gcc-arm-none-eabi/bin/../lib/gcc/arm-none-eabi/9.3.1/../../../../arm-none-eabi/lib/thumb/v7-m/nofp\libg.a(lib_a-lock.o)
 .debug_frame   0x0000176c       0x44 d:/gcc-arm-none-eabi/bin/../lib/gcc/arm-none-eabi/9.3.1/../../../../arm-none-eabi/lib/thumb/v7-m/nofp\libg.a(lib_a-svfprintf.o)
 .debug_frame   0x000017b0       0x34 d:/gcc-arm-none-eabi/bin/../lib/gcc/arm-none-eabi/9.3.1/../../../../arm-none-eabi/lib/thumb/v7-m/nofp\libg.a(lib_a-__atexit.o)
 .debug_frame   0x000017e4       0x8c d:/gcc-arm-none-eabi/bin/../lib/gcc/arm-none-eabi/9.3.1/../../../../arm-none-eabi/lib/thumb/v7-m/nofp\libg.a(lib_a-dtoa.o)
 .debug_frame   0x00001870       0x8c d:/gcc-arm-none-eabi/bin/../lib/gcc/arm-none-eabi/9.3.1/../../../../arm-none-eabi/lib/thumb/v7-m/nofp\libg.a(lib_a-freer.o)
 .debug_frame   0x000018fc       0x40 d:/gcc-arm-none-eabi/bin/../lib/gcc/arm-none-eabi/9.3.1/../../../../arm-none-eabi/lib/thumb/v7-m/nofp\libg.a(lib_a-localeconv.o)
 .debug_frame   0x0000193c       0x4c d:/gcc-arm-none-eabi/bin/../lib/gcc/arm-none-eabi/9.3.1/../../../../arm-none-eabi/lib/thumb/v7-m/nofp\libg.a(lib_a-mallocr.o)
 .debug_frame   0x00001988       0x44 d:/gcc-arm-none-eabi/bin/../lib/gcc/arm-none-eabi/9.3.1/../../../../arm-none-eabi/lib/thumb/v7-m/nofp\libg.a(lib_a-memchr-stub.o)
 .debug_frame   0x000019cc       0x30 d:/gcc-arm-none-eabi/bin/../lib/gcc/arm-none-eabi/9.3.1/../../../../arm-none-eabi/lib/thumb/v7-m/nofp\libg.a(lib_a-mlock.o)
 .debug_frame   0x000019fc      0x260 d:/gcc-arm-none-eabi/bin/../lib/gcc/arm-none-eabi/9.3.1/../../../../arm-none-eabi/lib/thumb/v7-m/nofp\libg.a(lib_a-mprec.o)
 .debug_frame   0x00001c5c       0x30 d:/gcc-arm-none-eabi/bin/../lib/gcc/arm-none-eabi/9.3.1/../../../../arm-none-eabi/lib/thumb/v7-m/nofp\libg.a(lib_a-s_frexp.o)
 .debug_frame   0x00001c8c       0x2c d:/gcc-arm-none-eabi/bin/../lib/gcc/arm-none-eabi/9.3.1/../../../../arm-none-eabi/lib/thumb/v7-m/nofp\libg.a(lib_a-sbrkr.o)
 .debug_frame   0x00001cb8       0x38 d:/gcc-arm-none-eabi/bin/../lib/gcc/arm-none-eabi/9.3.1/../../../../arm-none-eabi/lib/thumb/v7-m/nofp\libg.a(lib_a-strncpy.o)
 .debug_frame   0x00001cf0       0x78 d:/gcc-arm-none-eabi/bin/../lib/gcc/arm-none-eabi/9.3.1/../../../../arm-none-eabi/lib/thumb/v7-m/nofp\libg.a(lib_a-svfiprintf.o)
 .debug_frame   0x00001d68       0x40 d:/gcc-arm-none-eabi/bin/../lib/gcc/arm-none-eabi/9.3.1/../../../../arm-none-eabi/lib/thumb/v7-m/nofp\libg.a(lib_a-assert.o)
 .debug_frame   0x00001da8       0x28 d:/gcc-arm-none-eabi/bin/../lib/gcc/arm-none-eabi/9.3.1/../../../../arm-none-eabi/lib/thumb/v7-m/nofp\libg.a(lib_a-callocr.o)
 .debug_frame   0x00001dd0       0x70 d:/gcc-arm-none-eabi/bin/../lib/gcc/arm-none-eabi/9.3.1/../../../../arm-none-eabi/lib/thumb/v7-m/nofp\libg.a(lib_a-fiprintf.o)
 .debug_frame   0x00001e40       0x54 d:/gcc-arm-none-eabi/bin/../lib/gcc/arm-none-eabi/9.3.1/../../../../arm-none-eabi/lib/thumb/v7-m/nofp\libg.a(lib_a-locale.o)
 .debug_frame   0x00001e94       0x4c d:/gcc-arm-none-eabi/bin/../lib/gcc/arm-none-eabi/9.3.1/../../../../arm-none-eabi/lib/thumb/v7-m/nofp\libg.a(lib_a-mbtowc_r.o)
 .debug_frame   0x00001ee0       0x40 d:/gcc-arm-none-eabi/bin/../lib/gcc/arm-none-eabi/9.3.1/../../../../arm-none-eabi/lib/thumb/v7-m/nofp\libg.a(lib_a-memmove.o)
 .debug_frame   0x00001f20       0x48 d:/gcc-arm-none-eabi/bin/../lib/gcc/arm-none-eabi/9.3.1/../../../../arm-none-eabi/lib/thumb/v7-m/nofp\libg.a(lib_a-reallocr.o)
 .debug_frame   0x00001f68       0x60 d:/gcc-arm-none-eabi/bin/../lib/gcc/arm-none-eabi/9.3.1/../../../../arm-none-eabi/lib/thumb/v7-m/nofp\libg.a(lib_a-reent.o)
 .debug_frame   0x00001fc8       0xd0 d:/gcc-arm-none-eabi/bin/../lib/gcc/arm-none-eabi/9.3.1/../../../../arm-none-eabi/lib/thumb/v7-m/nofp\libg.a(lib_a-vfiprintf.o)
 .debug_frame   0x00002098       0x3c d:/gcc-arm-none-eabi/bin/../lib/gcc/arm-none-eabi/9.3.1/../../../../arm-none-eabi/lib/thumb/v7-m/nofp\libg.a(lib_a-wctomb_r.o)
 .debug_frame   0x000020d4       0x2c d:/gcc-arm-none-eabi/bin/../lib/gcc/arm-none-eabi/9.3.1/../../../../arm-none-eabi/lib/thumb/v7-m/nofp\libg.a(lib_a-wsetup.o)
 .debug_frame   0x00002100       0x28 d:/gcc-arm-none-eabi/bin/../lib/gcc/arm-none-eabi/9.3.1/../../../../arm-none-eabi/lib/thumb/v7-m/nofp\libg.a(lib_a-abort.o)
 .debug_frame   0x00002128       0x5c d:/gcc-arm-none-eabi/bin/../lib/gcc/arm-none-eabi/9.3.1/../../../../arm-none-eabi/lib/thumb/v7-m/nofp\libg.a(lib_a-fflush.o)
 .debug_frame   0x00002184      0x154 d:/gcc-arm-none-eabi/bin/../lib/gcc/arm-none-eabi/9.3.1/../../../../arm-none-eabi/lib/thumb/v7-m/nofp\libg.a(lib_a-findfp.o)
 .debug_frame   0x000022d8       0x98 d:/gcc-arm-none-eabi/bin/../lib/gcc/arm-none-eabi/9.3.1/../../../../arm-none-eabi/lib/thumb/v7-m/nofp\libg.a(lib_a-fputwc.o)
 .debug_frame   0x00002370       0x64 d:/gcc-arm-none-eabi/bin/../lib/gcc/arm-none-eabi/9.3.1/../../../../arm-none-eabi/lib/thumb/v7-m/nofp\libg.a(lib_a-fvwrite.o)
 .debug_frame   0x000023d4       0x54 d:/gcc-arm-none-eabi/bin/../lib/gcc/arm-none-eabi/9.3.1/../../../../arm-none-eabi/lib/thumb/v7-m/nofp\libg.a(lib_a-fwalk.o)
 .debug_frame   0x00002428       0x6c d:/gcc-arm-none-eabi/bin/../lib/gcc/arm-none-eabi/9.3.1/../../../../arm-none-eabi/lib/thumb/v7-m/nofp\libg.a(lib_a-makebuf.o)
 .debug_frame   0x00002494       0xe0 d:/gcc-arm-none-eabi/bin/../lib/gcc/arm-none-eabi/9.3.1/../../../../arm-none-eabi/lib/thumb/v7-m/nofp\libg.a(lib_a-signal.o)
 .debug_frame   0x00002574       0x3c d:/gcc-arm-none-eabi/bin/../lib/gcc/arm-none-eabi/9.3.1/../../../../arm-none-eabi/lib/thumb/v7-m/nofp\libg.a(lib_a-signalr.o)
 .debug_frame   0x000025b0       0x8c d:/gcc-arm-none-eabi/bin/../lib/gcc/arm-none-eabi/9.3.1/../../../../arm-none-eabi/lib/thumb/v7-m/nofp\libg.a(lib_a-stdio.o)
 .debug_frame   0x0000263c       0x40 d:/gcc-arm-none-eabi/bin/../lib/gcc/arm-none-eabi/9.3.1/../../../../arm-none-eabi/lib/thumb/v7-m/nofp\libg.a(lib_a-wbuf.o)
 .debug_frame   0x0000267c       0x60 d:/gcc-arm-none-eabi/bin/../lib/gcc/arm-none-eabi/9.3.1/../../../../arm-none-eabi/lib/thumb/v7-m/nofp\libg.a(lib_a-wcrtomb.o)