Archive member included to satisfy reference by file (symbol)

d:/gcc-arm-none-eabi/bin/../lib/gcc/arm-none-eabi/9.3.1/thumb/v7-m/nofp\libgcc.a(_arm_muldf3.o)
                              CMakeFiles/newfolder.elf.dir/Hardware/adc1.c.obj (__aeabi_dmul)
d:/gcc-arm-none-eabi/bin/../lib/gcc/arm-none-eabi/9.3.1/thumb/v7-m/nofp\libgcc.a(_arm_addsubdf3.o)
                              CMakeFiles/newfolder.elf.dir/Hardware/adc1.c.obj (__aeabi_ui2d)
d:/gcc-arm-none-eabi/bin/../lib/gcc/arm-none-eabi/9.3.1/thumb/v7-m/nofp\libgcc.a(_arm_truncdfsf2.o)
                              CMakeFiles/newfolder.elf.dir/Hardware/adc1.c.obj (__aeabi_d2f)
d:/gcc-arm-none-eabi/bin/../lib/gcc/arm-none-eabi/9.3.1/thumb/v7-m/nofp\libgcc.a(_arm_addsubsf3.o)
                              CMakeFiles/newfolder.elf.dir/Hardware/adc1.c.obj (__aeabi_fadd)
d:/gcc-arm-none-eabi/bin/../lib/gcc/arm-none-eabi/9.3.1/thumb/v7-m/nofp\libgcc.a(_arm_fixunssfsi.o)
                              CMakeFiles/newfolder.elf.dir/Hardware/adc1.c.obj (__aeabi_f2uiz)
d:/gcc-arm-none-eabi/bin/../lib/gcc/arm-none-eabi/9.3.1/../../../../arm-none-eabi/lib/thumb/v7-m/nofp\libg.a(lib_a-errno.o)
                              CMakeFiles/newfolder.elf.dir/Core/Src/syscalls.c.obj (__errno)
d:/gcc-arm-none-eabi/bin/../lib/gcc/arm-none-eabi/9.3.1/../../../../arm-none-eabi/lib/thumb/v7-m/nofp\libg.a(lib_a-exit.o)
                              d:/gcc-arm-none-eabi/bin/../lib/gcc/arm-none-eabi/9.3.1/../../../../arm-none-eabi/lib/thumb/v7-m/nofp/crt0.o (exit)
d:/gcc-arm-none-eabi/bin/../lib/gcc/arm-none-eabi/9.3.1/../../../../arm-none-eabi/lib/thumb/v7-m/nofp\libg.a(lib_a-impure.o)
                              d:/gcc-arm-none-eabi/bin/../lib/gcc/arm-none-eabi/9.3.1/../../../../arm-none-eabi/lib/thumb/v7-m/nofp\libg.a(lib_a-exit.o) (_global_impure_ptr)
d:/gcc-arm-none-eabi/bin/../lib/gcc/arm-none-eabi/9.3.1/../../../../arm-none-eabi/lib/thumb/v7-m/nofp\libg.a(lib_a-init.o)
                              d:/gcc-arm-none-eabi/bin/../lib/gcc/arm-none-eabi/9.3.1/../../../../arm-none-eabi/lib/thumb/v7-m/nofp/crt0.o (__libc_init_array)
d:/gcc-arm-none-eabi/bin/../lib/gcc/arm-none-eabi/9.3.1/../../../../arm-none-eabi/lib/thumb/v7-m/nofp\libg.a(lib_a-memset.o)
                              d:/gcc-arm-none-eabi/bin/../lib/gcc/arm-none-eabi/9.3.1/../../../../arm-none-eabi/lib/thumb/v7-m/nofp/crt0.o (memset)
d:/gcc-arm-none-eabi/bin/../lib/gcc/arm-none-eabi/9.3.1/../../../../arm-none-eabi/lib/thumb/v7-m/nofp\libg.a(lib_a-strlen-stub.o)
                              CMakeFiles/newfolder.elf.dir/Hardware/uart.c.obj (strlen)
d:/gcc-arm-none-eabi/bin/../lib/gcc/arm-none-eabi/9.3.1/../../../../arm-none-eabi/lib/thumb/v7-m/nofp\libg.a(lib_a-vsprintf.o)
                              CMakeFiles/newfolder.elf.dir/Hardware/uart.c.obj (vsprintf)
d:/gcc-arm-none-eabi/bin/../lib/gcc/arm-none-eabi/9.3.1/../../../../arm-none-eabi/lib/thumb/v7-m/nofp\libg.a(lib_a-__call_atexit.o)
                              d:/gcc-arm-none-eabi/bin/../lib/gcc/arm-none-eabi/9.3.1/../../../../arm-none-eabi/lib/thumb/v7-m/nofp\libg.a(lib_a-exit.o) (__call_exitprocs)
d:/gcc-arm-none-eabi/bin/../lib/gcc/arm-none-eabi/9.3.1/../../../../arm-none-eabi/lib/thumb/v7-m/nofp\libg.a(lib_a-atexit.o)
                              d:/gcc-arm-none-eabi/bin/../lib/gcc/arm-none-eabi/9.3.1/../../../../arm-none-eabi/lib/thumb/v7-m/nofp\libg.a(lib_a-__call_atexit.o) (atexit)
d:/gcc-arm-none-eabi/bin/../lib/gcc/arm-none-eabi/9.3.1/../../../../arm-none-eabi/lib/thumb/v7-m/nofp\libg.a(lib_a-fini.o)
                              d:/gcc-arm-none-eabi/bin/../lib/gcc/arm-none-eabi/9.3.1/../../../../arm-none-eabi/lib/thumb/v7-m/nofp\libg.a(lib_a-__call_atexit.o) (__libc_fini_array)
d:/gcc-arm-none-eabi/bin/../lib/gcc/arm-none-eabi/9.3.1/../../../../arm-none-eabi/lib/thumb/v7-m/nofp\libg.a(lib_a-lock.o)
                              d:/gcc-arm-none-eabi/bin/../lib/gcc/arm-none-eabi/9.3.1/../../../../arm-none-eabi/lib/thumb/v7-m/nofp\libg.a(lib_a-__call_atexit.o) (__retarget_lock_acquire_recursive)
d:/gcc-arm-none-eabi/bin/../lib/gcc/arm-none-eabi/9.3.1/../../../../arm-none-eabi/lib/thumb/v7-m/nofp\libg.a(lib_a-svfprintf.o)
                              d:/gcc-arm-none-eabi/bin/../lib/gcc/arm-none-eabi/9.3.1/../../../../arm-none-eabi/lib/thumb/v7-m/nofp\libg.a(lib_a-vsprintf.o) (_svfprintf_r)
d:/gcc-arm-none-eabi/bin/../lib/gcc/arm-none-eabi/9.3.1/../../../../arm-none-eabi/lib/thumb/v7-m/nofp\libg.a(lib_a-__atexit.o)
                              d:/gcc-arm-none-eabi/bin/../lib/gcc/arm-none-eabi/9.3.1/../../../../arm-none-eabi/lib/thumb/v7-m/nofp\libg.a(lib_a-atexit.o) (__register_exitproc)
d:/gcc-arm-none-eabi/bin/../lib/gcc/arm-none-eabi/9.3.1/../../../../arm-none-eabi/lib/thumb/v7-m/nofp\libg.a(lib_a-dtoa.o)
                              d:/gcc-arm-none-eabi/bin/../lib/gcc/arm-none-eabi/9.3.1/../../../../arm-none-eabi/lib/thumb/v7-m/nofp\libg.a(lib_a-svfprintf.o) (_dtoa_r)
[...]
Memory Configuration

Name             Origin             Length             Attributes
RAM              0x20000000         0x00010000         xrw
FLASH            0x08000000         0x00080000         xr
*default*        0x00000000         0xffffffff

Linker script and memory map

LOAD d:/gcc-arm-none-eabi/bin/../lib/gcc/arm-none-eabi/9.3.1/thumb/v7-m/nofp/crti.o
LOAD d:/gcc-arm-none-eabi/bin/../lib/gcc/arm-none-eabi/9.3.1/thumb/v7-m/nofp/crtbegin.o
LOAD d:/gcc-arm-none-eabi/bin/../lib/gcc/arm-none-eabi/9.3.1/../../../../arm-none-eabi/lib/thumb/v7-m/nofp/crt0.o
LOAD CMakeFiles/newfolder.elf.dir/Core/Src/main.c.obj
LOAD CMakeFiles/newfolder.elf.dir/Core/Src/stm32f1xx_hal_msp.c.obj
LOAD CMakeFiles/newfolder.elf.dir/Core/Src/stm32f1xx_it.c.obj
LOAD CMakeFiles/newfolder.elf.dir/Core/Src/syscalls.c.obj
LOAD CMakeFiles/newfolder.elf.dir/Core/Src/system_stm32f1xx.c.obj
LOAD CMakeFiles/newfolder.elf.dir/Drivers/STM32F1xx_HAL_Driver/Src/stm32f1xx_hal.c.obj
LOAD CMakeFiles/newfolder.elf.dir/Drivers/STM32F1xx_HAL_Driver/Src/stm32f1xx_hal_adc.c.obj
LOAD CMakeFiles/newfolder.elf.dir/Drivers/STM32F1xx_HAL_Driver/Src/stm32f1xx_hal_adc_ex.c.obj
LOAD CMakeFiles/newfolder.elf.dir/Drivers/STM32F1xx_HAL_Driver/Src/stm32f1xx_hal_cortex.c.obj
LOAD CMakeFiles/newfolder.elf.dir/Drivers/STM32F1xx_HAL_Driver/Src/stm32f1xx_hal_dma.c.obj
LOAD CMakeFiles/newfolder.elf.dir/Drivers/STM32F1xx_HAL_Driver/Src/stm32f1xx_hal_exti.c.obj
LOAD CMakeFiles/newfolder.elf.dir/Drivers/STM32F1xx_HAL_Driver/Src/stm32f1xx_hal_flash.c.obj
LOAD CMakeFiles/newfolder.elf.dir/Drivers/STM32F1xx_HAL_Driver/Src/stm32f1xx_hal_flash_ex.c.obj
LOAD CMakeFiles/newfolder.elf.dir/Drivers/STM32F1xx_HAL_Driver/Src/stm32f1xx_hal_gpio.c.obj
LOAD CMakeFiles/newfolder.elf.dir/Drivers/STM32F1xx_HAL_Driver/Src/stm32f1xx_hal_gpio_ex.c.obj
LOAD CMakeFiles/newfolder.elf.dir/Drivers/STM32F1xx_HAL_Driver/Src/stm32f1xx_hal_i2c.c.obj
LOAD CMakeFiles/newfolder.elf.dir/Drivers/STM32F1xx_HAL_Driver/Src/stm32f1xx_hal_iwdg.c.obj
LOAD CMakeFiles/newfolder.elf.dir/Drivers/STM32F1xx_HAL_Driver/Src/stm32f1xx_hal_pwr.c.obj
LOAD CMakeFiles/newfolder.elf.dir/Drivers/STM32F1xx_HAL_Driver/Src/stm32f1xx_hal_rcc.c.obj
LOAD CMakeFiles/newfolder.elf.dir/Drivers/STM32F1xx_HAL_Driver/Src/stm32f1xx_hal_rcc_ex.c.obj
LOAD CMakeFiles/newfolder.elf.dir/Drivers/STM32F1xx_HAL_Driver/Src/stm32f1xx_hal_tim.c.obj
LOAD CMakeFiles/newfolder.elf.dir/Drivers/STM32F1xx_HAL_Driver/Src/stm32f1xx_hal_tim_ex.c.obj
LOAD CMakeFiles/newfolder.elf.dir/Drivers/STM32F1xx_HAL_Driver/Src/stm32f1xx_hal_uart.c.obj
LOAD CMakeFiles/newfolder.elf.dir/Drivers/STM32F1xx_HAL_Driver/Src/stm32f1xx_hal_wwdg.c.obj
LOAD CMakeFiles/newfolder.elf.dir/Hardware/Exti.c.obj
LOAD CMakeFiles/newfolder.elf.dir/Hardware/I2C1.c.obj
LOAD CMakeFiles/newfolder.elf.dir/Hardware/Key.c.obj
LOAD CMakeFiles/newfolder.elf.dir/Hardware/Led.c.obj
LOAD CMakeFiles/newfolder.elf.dir/Hardware/Timer2.c.obj
LOAD CMakeFiles/newfolder.elf.dir/Hardware/adc1.c.obj
LOAD CMakeFiles/newfolder.elf.dir/Hardware/iwg.c.obj
LOAD CMakeFiles/newfolder.elf.dir/Hardware/mpu6050.c.obj
LOAD CMakeFiles/newfolder.elf.dir/Hardware/mpu9250.c.obj
LOAD CMakeFiles/newfolder.elf.dir/Hardware/uart.c.obj
LOAD CMakeFiles/newfolder.elf.dir/Hardware/wwdg.c.obj
LOAD CMakeFiles/newfolder.elf.dir/USMART/usmart.c.obj
LOAD CMakeFiles/newfolder.elf.dir/USMART/usmart_config.c.obj
LOAD CMakeFiles/newfolder.elf.dir/USMART/usmart_str.c.obj
LOAD CMakeFiles/newfolder.elf.dir/startup/startup_stm32f103xe.s.obj
START GROUP
LOAD d:/gcc-arm-none-eabi/bin/../lib/gcc/arm-none-eabi/9.3.1/thumb/v7-m/nofp\libgcc.a
LOAD d:/gcc-arm-none-eabi/bin/../lib/gcc/arm-none-eabi/9.3.1/../../../../arm-none-eabi/lib/thumb/v7-m/nofp\libg.a
LOAD d:/gcc-arm-none-eabi/bin/../lib/gcc/arm-none-eabi/9.3.1/../../../../arm-none-eabi/lib/thumb/v7-m/nofp\libc.a
END GROUP
LOAD d:/gcc-arm-none-eabi/bin/../lib/gcc/arm-none-eabi/9.3.1/thumb/v7-m/nofp/crtend.o
LOAD d:/gcc-arm-none-eabi/bin/../lib/gcc/arm-none-eabi/9.3.1/thumb/v7-m/nofp/crtn.o
                0x20010000                _estack = 0x20010000
                0x00000400                _Min_Heap_Size = 0x400
                0x00000800                _Min_Stack_Size = 0x800

.isr_vector     0x08000000      0x1e4
                0x08000000                . = ALIGN (0x4)
 *(.isr_vector)
 .isr_vector    0x08000000      0x1e4 CMakeFiles/newfolder.elf.dir/startup/startup_stm32f103xe.s.obj
                0x08000000                g_pfnVectors
                0x080001e4                . = ALIGN (0x4)

.text           0x080001e4     0x1be8
                0x080001e4                . = ALIGN (0x4)
 *(.text)
 .text          0x080001e4       0x40 d:/gcc-arm-none-eabi/bin/../lib/gcc/arm-none-eabi/9.3.1/thumb/v7-m/nofp/crtbegin.o
 *(.text*)
 .text.SystemClock_Config
                0x08000224       0x6e CMakeFiles/newfolder.elf.dir/Core/Src/main.c.obj
                0x08000224                SystemClock_Config
 *fill*         0x08000292        0x2 
 .text.main     0x08000294       0x34 CMakeFiles/newfolder.elf.dir/Core/Src/main.c.obj
                0x08000294                main
 .text.HAL_MspInit
                0x080002c8       0x44 CMakeFiles/newfolder.elf.dir/Core/Src/stm32f1xx_hal_msp.c.obj
                0x080002c8                HAL_MspInit
 .text.HAL_UART_MspInit
                0x0800030c       0xd0 CMakeFiles/newfolder.elf.dir/Core/Src/stm32f1xx_hal_msp.c.obj
                0x0800030c                HAL_UART_MspInit
 .text.NMI_Handler
                0x080003dc        0x2 CMakeFiles/newfolder.elf.dir/Core/Src/stm32f1xx_it.c.obj
                0x080003dc                NMI_Handler
 .text.HardFault_Handler
                0x080003de        0x2 CMakeFiles/newfolder.elf.dir/Core/Src/stm32f1xx_it.c.obj
                0x080003de                HardFault_Handler
 .text.MemManage_Handler
                0x080003e0        0x2 CMakeFiles/newfolder.elf.dir/Core/Src/stm32f1xx_it.c.obj
                0x080003e0                MemManage_Handler
 .text.BusFault_Handler
                0x080003e2        0x2 CMakeFiles/newfolder.elf.dir/Core/Src/stm32f1xx_it.c.obj
                0x080003e2                BusFault_Handler
 .text.UsageFault_Handler
                0x080003e4        0x2 CMakeFiles/newfolder.elf.dir/Core/Src/stm32f1xx_it.c.obj
                0x080003e4                UsageFault_Handler
 .text.SVC_Handler
                0x080003e6        0x2 CMakeFiles/newfolder.elf.dir/Core/Src/stm32f1xx_it.c.obj
                0x080003e6                SVC_Handler
 .text.DebugMon_Handler
                0x080003e8        0x2 CMakeFiles/newfolder.elf.dir/Core/Src/stm32f1xx_it.c.obj
                0x080003e8                DebugMon_Handler
 .text.PendSV_Handler
                0x080003ea        0x2 CMakeFiles/newfolder.elf.dir/Core/Src/stm32f1xx_it.c.obj
                0x080003ea                PendSV_Handler
 .text.SysTick_Handler
                0x080003ec        0x8 CMakeFiles/newfolder.elf.dir/Core/Src/stm32f1xx_it.c.obj
                0x080003ec                SysTick_Handler
 .text.DMA1_Channel4_IRQHandler
                0x080003f4       0x10 CMakeFiles/newfolder.elf.dir/Core/Src/stm32f1xx_it.c.obj
                0x080003f4                DMA1_Channel4_IRQHandler
 .text.DMA1_Channel5_IRQHandler
                0x08000404       0x10 CMakeFiles/newfolder.elf.dir/Core/Src/stm32f1xx_it.c.obj
                0x08000404                DMA1_Channel5_IRQHandler
 .text.TIM2_IRQHandler
                0x08000414        0x2 CMakeFiles/newfolder.elf.dir/Core/Src/stm32f1xx_it.c.obj
                0x08000414                TIM2_IRQHandler
 *fill*         0x08000416        0x2 
 .text.USART1_IRQHandler
                0x08000418       0x10 CMakeFiles/newfolder.elf.dir/Core/Src/stm32f1xx_it.c.obj
                0x08000418                USART1_IRQHandler
 .text.EXTI15_10_IRQHandler
                0x08000428        0x2 CMakeFiles/newfolder.elf.dir/Core/Src/stm32f1xx_it.c.obj
                0x08000428                EXTI15_10_IRQHandler
 .text.SystemInit
                0x0800042a        0x2 CMakeFiles/newfolder.elf.dir/Core/Src/system_stm32f1xx.c.obj
                0x0800042a                SystemInit
 .text.HAL_InitTick
                0x0800042c       0x4c CMakeFiles/newfolder.elf.dir/Drivers/STM32F1xx_HAL_Driver/Src/stm32f1xx_hal.c.obj
                0x0800042c                HAL_InitTick
 .text.HAL_Init
                0x08000478       0x24 CMakeFiles/newfolder.elf.dir/Drivers/STM32F1xx_HAL_Driver/Src/stm32f1xx_hal.c.obj
                0x08000478                HAL_Init
 .text.HAL_IncTick
                0x0800049c       0x18 CMakeFiles/newfolder.elf.dir/Drivers/STM32F1xx_HAL_Driver/Src/stm32f1xx_hal.c.obj
                0x0800049c                HAL_IncTick
 .text.HAL_GetTick
                0x080004b4        0xc CMakeFiles/newfolder.elf.dir/Drivers/STM32F1xx_HAL_Driver/Src/stm32f1xx_hal.c.obj
                0x080004b4                HAL_GetTick
 .text.HAL_Delay
                0x080004c0       0x28 CMakeFiles/newfolder.elf.dir/Drivers/STM32F1xx_HAL_Driver/Src/stm32f1xx_hal.c.obj
                0x080004c0                HAL_Delay
 .text.HAL_NVIC_SetPriorityGrouping
                0x080004e8       0x24 CMakeFiles/newfolder.elf.dir/Drivers/STM32F1xx_HAL_Driver/Src/stm32f1xx_hal_cortex.c.obj
                0x080004e8                HAL_NVIC_SetPriorityGrouping
 .text.HAL_NVIC_SetPriority
                0x0800050c       0x68 CMakeFiles/newfolder.elf.dir/Drivers/STM32F1xx_HAL_Driver/Src/stm32f1xx_hal_cortex.c.obj
                0x0800050c                HAL_NVIC_SetPriority
 .text.HAL_NVIC_EnableIRQ
                0x08000574       0x1c CMakeFiles/newfolder.elf.dir/Drivers/STM32F1xx_HAL_Driver/Src/stm32f1xx_hal_cortex.c.obj
                0x08000574                HAL_NVIC_EnableIRQ
 .text.HAL_SYSTICK_Config
                0x08000590       0x2c CMakeFiles/newfolder.elf.dir/Drivers/STM32F1xx_HAL_Driver/Src/stm32f1xx_hal_cortex.c.obj
                0x08000590                HAL_SYSTICK_Config
 .text.HAL_DMA_Abort_IT
                0x080005bc      0x168 CMakeFiles/newfolder.elf.dir/Drivers/STM32F1xx_HAL_Driver/Src/stm32f1xx_hal_dma.c.obj
                0x080005bc                HAL_DMA_Abort_IT
 .text.HAL_DMA_IRQHandler
                0x08000724      0x2ec CMakeFiles/newfolder.elf.dir/Drivers/STM32F1xx_HAL_Driver/Src/stm32f1xx_hal_dma.c.obj
                0x08000724                HAL_DMA_IRQHandler
 .text.HAL_GPIO_Init
                0x08000a10      0x238 CMakeFiles/newfolder.elf.dir/Drivers/STM32F1xx_HAL_Driver/Src/stm32f1xx_hal_gpio.c.obj
                0x08000a10                HAL_GPIO_Init
 .text.HAL_GPIO_ReadPin
                0x08000c48        0xe CMakeFiles/newfolder.elf.dir/Drivers/STM32F1xx_HAL_Driver/Src/stm32f1xx_hal_gpio.c.obj
                0x08000c48                HAL_GPIO_ReadPin
 .text.HAL_GPIO_WritePin
                0x08000c56        0xc CMakeFiles/newfolder.elf.dir/Drivers/STM32F1xx_HAL_Driver/Src/stm32f1xx_hal_gpio.c.obj
                0x08000c56                HAL_GPIO_WritePin
 .text.HAL_GPIO_TogglePin
                0x08000c62       0x12 CMakeFiles/newfolder.elf.dir/Drivers/STM32F1xx_HAL_Driver/Src/stm32f1xx_hal_gpio.c.obj
                0x08000c62                HAL_GPIO_TogglePin
 .text.RCC_Delay
                0x08000c74       0x2c CMakeFiles/newfolder.elf.dir/Drivers/STM32F1xx_HAL_Driver/Src/stm32f1xx_hal_rcc.c.obj
 .text.HAL_RCC_OscConfig
                0x08000ca0      0x410 CMakeFiles/newfolder.elf.dir/Drivers/STM32F1xx_HAL_Driver/Src/stm32f1xx_hal_rcc.c.obj
                0x08000ca0                HAL_RCC_OscConfig
 .text.HAL_RCC_GetSysClockFreq
                0x080010b0       0x6c CMakeFiles/newfolder.elf.dir/Drivers/STM32F1xx_HAL_Driver/Src/stm32f1xx_hal_rcc.c.obj
                0x080010b0                HAL_RCC_GetSysClockFreq
 .text.HAL_RCC_ClockConfig
                0x0800111c      0x16c CMakeFiles/newfolder.elf.dir/Drivers/STM32F1xx_HAL_Driver/Src/stm32f1xx_hal_rcc.c.obj
                0x0800111c                HAL_RCC_ClockConfig
 .text.HAL_RCC_GetHCLKFreq
                0x08001288        0xc CMakeFiles/newfolder.elf.dir/Drivers/STM32F1xx_HAL_Driver/Src/stm32f1xx_hal_rcc.c.obj
                0x08001288                HAL_RCC_GetHCLKFreq
 .text.HAL_RCC_GetPCLK1Freq
                0x08001294       0x20 CMakeFiles/newfolder.elf.dir/Drivers/STM32F1xx_HAL_Driver/Src/stm32f1xx_hal_rcc.c.obj
                0x08001294                HAL_RCC_GetPCLK1Freq
 .text.HAL_RCC_GetPCLK2Freq
                0x080012b4       0x20 CMakeFiles/newfolder.elf.dir/Drivers/STM32F1xx_HAL_Driver/Src/stm32f1xx_hal_rcc.c.obj
                0x080012b4                HAL_RCC_GetPCLK2Freq
 .text.HAL_RCCEx_PeriphCLKConfig
                0x080012d4      0x114 CMakeFiles/newfolder.elf.dir/Drivers/STM32F1xx_HAL_Driver/Src/stm32f1xx_hal_rcc_ex.c.obj
                0x080012d4                HAL_RCCEx_PeriphCLKConfig
 .text.UART_EndRxTransfer
                0x080013e8       0x1c CMakeFiles/newfolder.elf.dir/Drivers/STM32F1xx_HAL_Driver/Src/stm32f1xx_hal_uart.c.obj
 .text.UART_Transmit_IT
                0x08001404       0x60 CMakeFiles/newfolder.elf.dir/Drivers/STM32F1xx_HAL_Driver/Src/stm32f1xx_hal_uart.c.obj
 .text.UART_SetConfig
                0x08001464       0x90 CMakeFiles/newfolder.elf.dir/Drivers/STM32F1xx_HAL_Driver/Src/stm32f1xx_hal_uart.c.obj
 .text.HAL_UART_Init
                0x080014f4       0x5e CMakeFiles/newfolder.elf.dir/Drivers/STM32F1xx_HAL_Driver/Src/stm32f1xx_hal_uart.c.obj
                0x080014f4                HAL_UART_Init
 .text.HAL_UART_Receive_IT
                0x08001552       0x5c CMakeFiles/newfolder.elf.dir/Drivers/STM32F1xx_HAL_Driver/Src/stm32f1xx_hal_uart.c.obj
                0x08001552                HAL_UART_Receive_IT
 .text.HAL_UART_TxCpltCallback
                0x080015ae        0x2 CMakeFiles/newfolder.elf.dir/Drivers/STM32F1xx_HAL_Driver/Src/stm32f1xx_hal_uart.c.obj
                0x080015ae                HAL_UART_TxCpltCallback
 .text.UART_EndTransmit_IT
                0x080015b0       0x1a CMakeFiles/newfolder.elf.dir/Drivers/STM32F1xx_HAL_Driver/Src/stm32f1xx_hal_uart.c.obj
 .text.UART_Receive_IT
                0x080015ca       0x94 CMakeFiles/newfolder.elf.dir/Drivers/STM32F1xx_HAL_Driver/Src/stm32f1xx_hal_uart.c.obj
 .text.HAL_UART_ErrorCallback
                0x0800165e        0x2 CMakeFiles/newfolder.elf.dir/Drivers/STM32F1xx_HAL_Driver/Src/stm32f1xx_hal_uart.c.obj
                0x0800165e                HAL_UART_ErrorCallback
 .text.HAL_UART_IRQHandler
                0x08001660      0x128 CMakeFiles/newfolder.elf.dir/Drivers/STM32F1xx_HAL_Driver/Src/stm32f1xx_hal_uart.c.obj
                0x08001660                HAL_UART_IRQHandler
 .text.UART_DMAAbortOnError
                0x08001788       0x10 CMakeFiles/newfolder.elf.dir/Drivers/STM32F1xx_HAL_Driver/Src/stm32f1xx_hal_uart.c.obj
 .text.i2c_GPIO_Config
                0x08001798       0x54 CMakeFiles/newfolder.elf.dir/Hardware/I2C1.c.obj
                0x08001798                i2c_GPIO_Config
 .text.Delay_us
                0x080017ec       0x18 CMakeFiles/newfolder.elf.dir/Hardware/I2C1.c.obj
                0x080017ec                Delay_us
 .text.I2C_SDAMode
                0x08001804       0x30 CMakeFiles/newfolder.elf.dir/Hardware/I2C1.c.obj
                0x08001804                I2C_SDAMode
 .text.I2C_Start
                0x08001834       0x4c CMakeFiles/newfolder.elf.dir/Hardware/I2C1.c.obj
                0x08001834                I2C_Start
 .text.I2C_Stop
                0x08001880       0x44 CMakeFiles/newfolder.elf.dir/Hardware/I2C1.c.obj
                0x08001880                I2C_Stop
 .text.I2C_WaiteForAck
                0x080018c4       0x58 CMakeFiles/newfolder.elf.dir/Hardware/I2C1.c.obj
                0x080018c4                I2C_WaiteForAck
 .text.I2C_Ack  0x0800191c       0x44 CMakeFiles/newfolder.elf.dir/Hardware/I2C1.c.obj
                0x0800191c                I2C_Ack
 .text.I2C_NAck
                0x08001960       0x44 CMakeFiles/newfolder.elf.dir/Hardware/I2C1.c.obj
                0x08001960                I2C_NAck
 .text.I2C_WriteByte
                0x080019a4       0x64 CMakeFiles/newfolder.elf.dir/Hardware/I2C1.c.obj
                0x080019a4                I2C_WriteByte
 .text.I2C_ReadByte
                0x08001a08       0x64 CMakeFiles/newfolder.elf.dir/Hardware/I2C1.c.obj
                0x08001a08                I2C_ReadByte
 .text.I2C_ReadOneByte
                0x08001a6c       0x3e CMakeFiles/newfolder.elf.dir/Hardware/I2C1.c.obj
                0x08001a6c                I2C_ReadOneByte
 *fill*         0x08001aaa        0x2 
 .text.Led_init
                0x08001aac       0x48 CMakeFiles/newfolder.elf.dir/Hardware/Led.c.obj
                0x08001aac                Led_init
 .text.invmsMPU9250Check
                0x08001af4       0x16 CMakeFiles/newfolder.elf.dir/Hardware/mpu9250.c.obj
                0x08001af4                invmsMPU9250Check
 *fill*         0x08001b0a        0x2 
 .text.USART1_Init
                0x08001b0c       0xbc CMakeFiles/newfolder.elf.dir/Hardware/uart.c.obj
                0x08001b0c                USART1_Init
 .text.HAL_UART_RxCpltCallback
                0x08001bc8       0x78 CMakeFiles/newfolder.elf.dir/Hardware/uart.c.obj
                0x08001bc8                HAL_UART_RxCpltCallback
 .text.Reset_Handler
                0x08001c40       0x48 CMakeFiles/newfolder.elf.dir/startup/startup_stm32f103xe.s.obj
                0x08001c40                Reset_Handler
 .text.Default_Handler
                0x08001c88        0x2 CMakeFiles/newfolder.elf.dir/startup/startup_stm32f103xe.s.obj
                0x08001c88                RTC_Alarm_IRQHandler
                0x08001c88                EXTI2_IRQHandler
                0x08001c88                TIM8_TRG_COM_IRQHandler
                0x08001c88                TIM8_CC_IRQHandler
                0x08001c88                TIM1_CC_IRQHandler
                0x08001c88                TIM6_IRQHandler
                0x08001c88                PVD_IRQHandler
                0x08001c88                SDIO_IRQHandler
                0x08001c88                EXTI3_IRQHandler
                0x08001c88                EXTI0_IRQHandler
                0x08001c88                I2C2_EV_IRQHandler
                0x08001c88                ADC1_2_IRQHandler
                0x08001c88                SPI1_IRQHandler
                0x08001c88                TAMPER_IRQHandler
                0x08001c88                TIM8_UP_IRQHandler
                0x08001c88                DMA2_Channel2_IRQHandler
                0x08001c88                USART3_IRQHandler
                0x08001c88                RTC_IRQHandler
                0x08001c88                DMA1_Channel7_IRQHandler
                0x08001c88                CAN1_RX1_IRQHandler
                0x08001c88                UART5_IRQHandler
                0x08001c88                ADC3_IRQHandler
                0x08001c88                TIM4_IRQHandler
                0x08001c88                DMA2_Channel1_IRQHandler
                0x08001c88                I2C1_EV_IRQHandler
                0x08001c88                DMA1_Channel6_IRQHandler
                0x08001c88                UART4_IRQHandler
                0x08001c88                TIM3_IRQHandler
                0x08001c88                RCC_IRQHandler
                0x08001c88                TIM1_TRG_COM_IRQHandler
                0x08001c88                DMA1_Channel1_IRQHandler
                0x08001c88                Default_Handler
                0x08001c88                TIM7_IRQHandler
                0x08001c88                TIM5_IRQHandler
                0x08001c88                EXTI9_5_IRQHandler
                0x08001c88                SPI2_IRQHandler
                0x08001c88                EXTI4_IRQHandler
                0x08001c88                USB_LP_CAN1_RX0_IRQHandler
                0x08001c88                USB_HP_CAN1_TX_IRQHandler
                0x08001c88                DMA1_Channel3_IRQHandler
                0x08001c88                FSMC_IRQHandler
                0x08001c88                TIM1_UP_IRQHandler
                0x08001c88                WWDG_IRQHandler
                0x08001c88                TIM1_BRK_IRQHandler
                0x08001c88                EXTI1_IRQHandler
                0x08001c88                DMA2_Channel4_5_IRQHandler
                0x08001c88                USART2_IRQHandler
                0x08001c88                I2C2_ER_IRQHandler
                0x08001c88                DMA1_Channel2_IRQHandler
                0x08001c88                TIM8_BRK_IRQHandler
                0x08001c88                CAN1_SCE_IRQHandler
                0x08001c88                FLASH_IRQHandler
                0x08001c88                SPI3_IRQHandler
                0x08001c88                I2C1_ER_IRQHandler
                0x08001c88                USBWakeUp_IRQHandler
                0x08001c88                DMA2_Channel3_IRQHandler
 *fill*         0x08001c8a        0x2 
 .text.__libc_init_array
                0x08001c8c       0x48 d:/gcc-arm-none-eabi/bin/../lib/gcc/arm-none-eabi/9.3.1/../../../../arm-none-eabi/lib/thumb/v7-m/nofp\libg.a(lib_a-init.o)
                0x08001c8c                __libc_init_array
 .text.startup.register_fini
                0x08001cd4       0x14 d:/gcc-arm-none-eabi/bin/../lib/gcc/arm-none-eabi/9.3.1/../../../../arm-none-eabi/lib/thumb/v7-m/nofp\libg.a(lib_a-__call_atexit.o)
 .text.atexit   0x08001ce8        0xc d:/gcc-arm-none-eabi/bin/../lib/gcc/arm-none-eabi/9.3.1/../../../../arm-none-eabi/lib/thumb/v7-m/nofp\libg.a(lib_a-atexit.o)
                0x08001ce8                atexit
 .text.__libc_fini_array
                0x08001cf4       0x2c d:/gcc-arm-none-eabi/bin/../lib/gcc/arm-none-eabi/9.3.1/../../../../arm-none-eabi/lib/thumb/v7-m/nofp\libg.a(lib_a-fini.o)
                0x08001cf4                __libc_fini_array
 .text.__retarget_lock_acquire_recursive
                0x08001d20        0x4 d:/gcc-arm-none-eabi/bin/../lib/gcc/arm-none-eabi/9.3.1/../../../../arm-none-eabi/lib/thumb/v7-m/nofp\libg.a(lib_a-lock.o)
                0x08001d20                __retarget_lock_acquire_recursive
 .text.__retarget_lock_release_recursive
                0x08001d24        0x4 d:/gcc-arm-none-eabi/bin/../lib/gcc/arm-none-eabi/9.3.1/../../../../arm-none-eabi/lib/thumb/v7-m/nofp\libg.a(lib_a-lock.o)
                0x08001d24                __retarget_lock_release_recursive
 .text.__register_exitproc
                0x08001d28       0x8c d:/gcc-arm-none-eabi/bin/../lib/gcc/arm-none-eabi/9.3.1/../../../../arm-none-eabi/lib/thumb/v7-m/nofp\libg.a(lib_a-__atexit.o)
                0x08001d28                __register_exitproc
 *(.glue_7)
 .glue_7        0x08001db4        0x0 linker stubs
 *(.glue_7t)
 .glue_7t       0x08001db4        0x0 linker stubs
 *(.eh_frame)
 .eh_frame      0x08001db4        0x0 d:/gcc-arm-none-eabi/bin/../lib/gcc/arm-none-eabi/9.3.1/thumb/v7-m/nofp/crtbegin.o
 *(.init)
 .init          0x08001db4        0x4 d:/gcc-arm-none-eabi/bin/../lib/gcc/arm-none-eabi/9.3.1/thumb/v7-m/nofp/crti.o
                0x08001db4                _init
 .init          0x08001db8        0x8 d:/gcc-arm-none-eabi/bin/../lib/gcc/arm-none-eabi/9.3.1/thumb/v7-m/nofp/crtn.o
 *(.fini)
 .fini          0x08001dc0        0x4 d:/gcc-arm-none-eabi/bin/../lib/gcc/arm-none-eabi/9.3.1/thumb/v7-m/nofp/crti.o
                0x08001dc0                _fini
 .fini          0x08001dc4        0x8 d:/gcc-arm-none-eabi/bin/../lib/gcc/arm-none-eabi/9.3.1/thumb/v7-m/nofp/crtn.o
                0x08001dcc                . = ALIGN (0x4)
                0x08001dcc                _etext = .

.vfp11_veneer   0x08001dcc        0x0
 .vfp11_veneer  0x08001dcc        0x0 linker stubs

.v4_bx          0x08001dcc        0x0
 .v4_bx         0x08001dcc        0x0 linker stubs

.iplt           0x08001dcc        0x0
 .iplt          0x08001dcc        0x0 d:/gcc-arm-none-eabi/bin/../lib/gcc/arm-none-eabi/9.3.1/thumb/v7-m/nofp/crtbegin.o

.rodata         0x08001dcc       0x30
                0x08001dcc                . = ALIGN (0x4)
 *(.rodata)
 *(.rodata*)
 .rodata.AHBPrescTable
                0x08001dcc       0x10 CMakeFiles/newfolder.elf.dir/Core/Src/system_stm32f1xx.c.obj
                0x08001dcc                AHBPrescTable
 .rodata.APBPrescTable
                0x08001ddc        0x8 CMakeFiles/newfolder.elf.dir/Core/Src/system_stm32f1xx.c.obj
                0x08001ddc                APBPrescTable
 .rodata.HAL_RCC_GetSysClockFreq.str1.4
                0x08001de4       0x11 CMakeFiles/newfolder.elf.dir/Drivers/STM32F1xx_HAL_Driver/Src/stm32f1xx_hal_rcc.c.obj
 *fill*         0x08001df5        0x3 
 .rodata._global_impure_ptr
                0x08001df8        0x4 d:/gcc-arm-none-eabi/bin/../lib/gcc/arm-none-eabi/9.3.1/../../../../arm-none-eabi/lib/thumb/v7-m/nofp\libg.a(lib_a-impure.o)
                0x08001df8                _global_impure_ptr
                0x08001dfc                . = ALIGN (0x4)

.rel.dyn        0x08001dfc        0x0
 .rel.iplt      0x08001dfc        0x0 d:/gcc-arm-none-eabi/bin/../lib/gcc/arm-none-eabi/9.3.1/thumb/v7-m/nofp/crtbegin.o

.ARM.extab
 *(.ARM.extab* .gnu.linkonce.armextab.*)

.ARM            0x08001dfc        0x0
                0x08001dfc                __exidx_start = .
 *(.ARM.exidx*)
                0x08001dfc                __exidx_end = .

.preinit_array  0x08001dfc        0x0
                0x08001dfc                PROVIDE (__preinit_array_start = .)
 *(.preinit_array*)
                0x08001dfc                PROVIDE (__preinit_array_end = .)

.init_array     0x08001dfc        0x8
                0x08001dfc                PROVIDE (__init_array_start = .)
 *(SORT_BY_NAME(.init_array.*))
 .init_array.00000
                0x08001dfc        0x4 d:/gcc-arm-none-eabi/bin/../lib/gcc/arm-none-eabi/9.3.1/../../../../arm-none-eabi/lib/thumb/v7-m/nofp\libg.a(lib_a-__call_atexit.o)
 *(.init_array*)
 .init_array    0x08001e00        0x4 d:/gcc-arm-none-eabi/bin/../lib/gcc/arm-none-eabi/9.3.1/thumb/v7-m/nofp/crtbegin.o
                0x08001e04                PROVIDE (__init_array_end = .)

.fini_array     0x08001e04        0x4
                0x08001e04                PROVIDE (__fini_array_start = .)
 *(SORT_BY_NAME(.fini_array.*))
 *(.fini_array*)
 .fini_array    0x08001e04        0x4 d:/gcc-arm-none-eabi/bin/../lib/gcc/arm-none-eabi/9.3.1/thumb/v7-m/nofp/crtbegin.o
                0x08001e08                PROVIDE (__fini_array_end = .)
                0x08001e08                _sidata = LOADADDR (.data)

.data           0x20000000      0x43c load address 0x08001e08
                0x20000000                . = ALIGN (0x4)
                0x20000000                _sdata = .
 *(.data)
 *(.data*)
 .data.SystemCoreClock
                0x20000000        0x4 CMakeFiles/newfolder.elf.dir/Core/Src/system_stm32f1xx.c.obj
                0x20000000                SystemCoreClock
 .data.uwTickFreq
                0x20000004        0x1 CMakeFiles/newfolder.elf.dir/Drivers/STM32F1xx_HAL_Driver/Src/stm32f1xx_hal.c.obj
                0x20000004                uwTickFreq
 *fill*         0x20000005        0x3 
 .data.uwTickPrio
                0x20000008        0x4 CMakeFiles/newfolder.elf.dir/Drivers/STM32F1xx_HAL_Driver/Src/stm32f1xx_hal.c.obj
                0x20000008                uwTickPrio
 *fill*         0x2000000c        0x4 
 .data.impure_data
                0x20000010      0x428 d:/gcc-arm-none-eabi/bin/../lib/gcc/arm-none-eabi/9.3.1/../../../../arm-none-eabi/lib/thumb/v7-m/nofp\libg.a(lib_a-impure.o)
 .data.__atexit_recursive_mutex
                0x20000438        0x4 d:/gcc-arm-none-eabi/bin/../lib/gcc/arm-none-eabi/9.3.1/../../../../arm-none-eabi/lib/thumb/v7-m/nofp\libg.a(lib_a-__call_atexit.o)
                0x20000438                __atexit_recursive_mutex
                0x2000043c                . = ALIGN (0x4)
                0x2000043c                _edata = .

.igot.plt       0x2000043c        0x0 load address 0x08002244
 .igot.plt      0x2000043c        0x0 d:/gcc-arm-none-eabi/bin/../lib/gcc/arm-none-eabi/9.3.1/thumb/v7-m/nofp/crtbegin.o
                0x2000043c                . = ALIGN (0x4)

.bss            0x2000043c      0x1dc load address 0x08002244
                0x2000043c                _sbss = .
                0x2000043c                __bss_start__ = _sbss
 *(.bss)
 .bss           0x2000043c       0x1c d:/gcc-arm-none-eabi/bin/../lib/gcc/arm-none-eabi/9.3.1/thumb/v7-m/nofp/crtbegin.o
 *(.bss*)
 .bss.uwTick    0x20000458        0x4 CMakeFiles/newfolder.elf.dir/Drivers/STM32F1xx_HAL_Driver/Src/stm32f1xx_hal.c.obj
                0x20000458                uwTick
 .bss.UART1_Handler
                0x2000045c       0x40 CMakeFiles/newfolder.elf.dir/Hardware/uart.c.obj
                0x2000045c                UART1_Handler
 .bss.UART_RX_STA
                0x2000049c        0x2 CMakeFiles/newfolder.elf.dir/Hardware/uart.c.obj
                0x2000049c                UART_RX_STA
 *fill*         0x2000049e        0x2 
 .bss.USART_RX_BUF
                0x200004a0       0xc8 CMakeFiles/newfolder.elf.dir/Hardware/uart.c.obj
                0x200004a0                USART_RX_BUF
 .bss.aRxBuffer
                0x20000568        0x1 CMakeFiles/newfolder.elf.dir/Hardware/uart.c.obj
                0x20000568                aRxBuffer
 *fill*         0x20000569        0x3 
 .bss.hdma_usart1_rx
                0x2000056c       0x44 CMakeFiles/newfolder.elf.dir/Hardware/uart.c.obj
                0x2000056c                hdma_usart1_rx
 .bss.hdma_usart1_tx
                0x200005b0       0x44 CMakeFiles/newfolder.elf.dir/Hardware/uart.c.obj
                0x200005b0                hdma_usart1_tx
 *(COMMON)
 COMMON         0x200005f4       0x21 d:/gcc-arm-none-eabi/bin/../lib/gcc/arm-none-eabi/9.3.1/../../../../arm-none-eabi/lib/thumb/v7-m/nofp\libg.a(lib_a-lock.o)
                0x200005f4                __lock___atexit_recursive_mutex
                0x200005f8                __lock___arc4random_mutex
                0x200005fc                __lock___env_recursive_mutex
                0x20000600                __lock___sinit_recursive_mutex
                0x20000604                __lock___malloc_recursive_mutex
                0x20000608                __lock___at_quick_exit_mutex
                0x2000060c                __lock___dd_hash_mutex
                0x20000610                __lock___tz_mutex
                0x20000614                __lock___sfp_recursive_mutex
                0x20000618                . = ALIGN (0x4)
 *fill*         0x20000615        0x3 
                0x20000618                _ebss = .
                0x20000618                __bss_end__ = _ebss

._user_heap_stack
                0x20000618      0xc00 load address 0x08002244
                0x20000618                . = ALIGN (0x8)
                0x20000618                PROVIDE (end = .)
                [!provide]                PROVIDE (_end = .)
                0x20000a18                . = (. + _Min_Heap_Size)
 *fill*         0x20000618      0x400 
                0x20001218                . = (. + _Min_Stack_Size)
 *fill*         0x20000a18      0x800 
                0x20001218                . = ALIGN (0x8)

/DISCARD/
 libc.a(*)
 libm.a(*)
 libgcc.a(*)

.ARM.attributes
                0x00000000       0x29
 *(.ARM.attributes)
 .ARM.attributes
                0x00000000       0x1d d:/gcc-arm-none-eabi/bin/../lib/gcc/arm-none-eabi/9.3.1/thumb/v7-m/nofp/crti.o
 .ARM.attributes
                0x0000001d       0x2d d:/gcc-arm-none-eabi/bin/../lib/gcc/arm-none-eabi/9.3.1/thumb/v7-m/nofp/crtbegin.o
 .ARM.attributes
                0x0000004a       0x2d CMakeFiles/newfolder.elf.dir/Core/Src/main.c.obj
 .ARM.attributes
                0x00000077       0x2d CMakeFiles/newfolder.elf.dir/Core/Src/stm32f1xx_hal_msp.c.obj
 .ARM.attributes
                0x000000a4       0x2d CMakeFiles/newfolder.elf.dir/Core/Src/stm32f1xx_it.c.obj
 .ARM.attributes
                0x000000d1       0x2d CMakeFiles/newfolder.elf.dir/Core/Src/system_stm32f1xx.c.obj
 .ARM.attributes
                0x000000fe       0x2d CMakeFiles/newfolder.elf.dir/Drivers/STM32F1xx_HAL_Driver/Src/stm32f1xx_hal.c.obj
 .ARM.attributes
                0x0000012b       0x2d CMakeFiles/newfolder.elf.dir/Drivers/STM32F1xx_HAL_Driver/Src/stm32f1xx_hal_cortex.c.obj
 .ARM.attributes
                0x00000158       0x2d CMakeFiles/newfolder.elf.dir/Drivers/STM32F1xx_HAL_Driver/Src/stm32f1xx_hal_dma.c.obj
 .ARM.attributes
                0x00000185       0x2d CMakeFiles/newfolder.elf.dir/Drivers/STM32F1xx_HAL_Driver/Src/stm32f1xx_hal_gpio.c.obj
 .ARM.attributes
                0x000001b2       0x2d CMakeFiles/newfolder.elf.dir/Drivers/STM32F1xx_HAL_Driver/Src/stm32f1xx_hal_rcc.c.obj
 .ARM.attributes
                0x000001df       0x2d CMakeFiles/newfolder.elf.dir/Drivers/STM32F1xx_HAL_Driver/Src/stm32f1xx_hal_rcc_ex.c.obj
 .ARM.attributes
                0x0000020c       0x2d CMakeFiles/newfolder.elf.dir/Drivers/STM32F1xx_HAL_Driver/Src/stm32f1xx_hal_uart.c.obj
 .ARM.attributes
                0x00000239       0x2d CMakeFiles/newfolder.elf.dir/Hardware/I2C1.c.obj
 .ARM.attributes
                0x00000266       0x2d CMakeFiles/newfolder.elf.dir/Hardware/Led.c.obj
 .ARM.attributes
                0x00000293       0x2d CMakeFiles/newfolder.elf.dir/Hardware/mpu9250.c.obj
 .ARM.attributes
                0x000002c0       0x2d CMakeFiles/newfolder.elf.dir/Hardware/uart.c.obj
 .ARM.attributes
                0x000002ed       0x21 CMakeFiles/newfolder.elf.dir/startup/startup_stm32f103xe.s.obj
 .ARM.attributes
                0x0000030e       0x2d d:/gcc-arm-none-eabi/bin/../lib/gcc/arm-none-eabi/9.3.1/../../../../arm-none-eabi/lib/thumb/v7-m/nofp\libg.a(lib_a-impure.o)
 .ARM.attributes
                0x0000033b       0x2d d:/gcc-arm-none-eabi/bin/../lib/gcc/arm-none-eabi/9.3.1/../../../../arm-none-eabi/lib/thumb/v7-m/nofp\libg.a(lib_a-init.o)
 .ARM.attributes
                0x00000368       0x2d d:/gcc-arm-none-eabi/bin/../lib/gcc/arm-none-eabi/9.3.1/../../../../arm-none-eabi/lib/thumb/v7-m/nofp\libg.a(lib_a-__call_atexit.o)
 .ARM.attributes
                0x00000395       0x2d d:/gcc-arm-none-eabi/bin/../lib/gcc/arm-none-eabi/9.3.1/../../../../arm-none-eabi/lib/thumb/v7-m/nofp\libg.a(lib_a-atexit.o)
 .ARM.attributes
                0x000003c2       0x2d d:/gcc-arm-none-eabi/bin/../lib/gcc/arm-none-eabi/9.3.1/../../../../arm-none-eabi/lib/thumb/v7-m/nofp\libg.a(lib_a-fini.o)
 .ARM.attributes
                0x000003ef       0x2d d:/gcc-arm-none-eabi/bin/../lib/gcc/arm-none-eabi/9.3.1/../../../../arm-none-eabi/lib/thumb/v7-m/nofp\libg.a(lib_a-lock.o)
 .ARM.attributes
                0x0000041c       0x2d d:/gcc-arm-none-eabi/bin/../lib/gcc/arm-none-eabi/9.3.1/../../../../arm-none-eabi/lib/thumb/v7-m/nofp\libg.a(lib_a-__atexit.o)
 .ARM.attributes
                0x00000449       0x1d d:/gcc-arm-none-eabi/bin/../lib/gcc/arm-none-eabi/9.3.1/thumb/v7-m/nofp/crtn.o
OUTPUT(newfolder.elf elf32-littlearm)
LOAD linker stubs
LOAD d:/gcc-arm-none-eabi/bin/../lib/gcc/arm-none-eabi/9.3.1/../../../../arm-none-eabi/lib/thumb/v7-m/nofp\libc.a
LOAD d:/gcc-arm-none-eabi/bin/../lib/gcc/arm-none-eabi/9.3.1/../../../../arm-none-eabi/lib/thumb/v7-m/nofp\libm.a
LOAD d:/gcc-arm-none-eabi/bin/../lib/gcc/arm-none-eabi/9.3.1/thumb/v7-m/nofp\libgcc.a

.debug_info     0x00000000     0xeba5
 .debug_info    0x00000000     0x13fd CMakeFiles/newfolder.elf.dir/Core/Src/main.c.obj
 .debug_info    0x000013fd     0x206b CMakeFiles/newfolder.elf.dir/Core/Src/stm32f1xx_hal_msp.c.obj
 .debug_info    0x00003468     0x1489 CMakeFiles/newfolder.elf.dir/Core/Src/stm32f1xx_it.c.obj
 .debug_info    0x000048f1      0x2c9 CMakeFiles/newfolder.elf.dir/Core/Src/system_stm32f1xx.c.obj
 .debug_info    0x00004bba      0x897 CMakeFiles/newfolder.elf.dir/Drivers/STM32F1xx_HAL_Driver/Src/stm32f1xx_hal.c.obj
 .debug_info    0x00005451      0xeac CMakeFiles/newfolder.elf.dir/Drivers/STM32F1xx_HAL_Driver/Src/stm32f1xx_hal_cortex.c.obj
 .debug_info    0x000062fd      0x932 CMakeFiles/newfolder.elf.dir/Drivers/STM32F1xx_HAL_Driver/Src/stm32f1xx_hal_dma.c.obj
 .debug_info    0x00006c2f      0x75b CMakeFiles/newfolder.elf.dir/Drivers/STM32F1xx_HAL_Driver/Src/stm32f1xx_hal_gpio.c.obj
 .debug_info    0x0000738a      0xaab CMakeFiles/newfolder.elf.dir/Drivers/STM32F1xx_HAL_Driver/Src/stm32f1xx_hal_rcc.c.obj
 .debug_info    0x00007e35      0x538 CMakeFiles/newfolder.elf.dir/Drivers/STM32F1xx_HAL_Driver/Src/stm32f1xx_hal_rcc_ex.c.obj
 .debug_info    0x0000836d     0x1919 CMakeFiles/newfolder.elf.dir/Drivers/STM32F1xx_HAL_Driver/Src/stm32f1xx_hal_uart.c.obj
 .debug_info    0x00009c86     0x1d9c CMakeFiles/newfolder.elf.dir/Hardware/I2C1.c.obj
 .debug_info    0x0000ba22      0x3a7 CMakeFiles/newfolder.elf.dir/Hardware/Led.c.obj
 .debug_info    0x0000bdc9     0x177a CMakeFiles/newfolder.elf.dir/Hardware/mpu9250.c.obj
 .debug_info    0x0000d543     0x1640 CMakeFiles/newfolder.elf.dir/Hardware/uart.c.obj
 .debug_info    0x0000eb83       0x22 CMakeFiles/newfolder.elf.dir/startup/startup_stm32f103xe.s.obj

.debug_abbrev   0x00000000     0x266b
 .debug_abbrev  0x00000000      0x2fa CMakeFiles/newfolder.elf.dir/Core/Src/main.c.obj
 .debug_abbrev  0x000002fa      0x319 CMakeFiles/newfolder.elf.dir/Core/Src/stm32f1xx_hal_msp.c.obj
 .debug_abbrev  0x00000613      0x288 CMakeFiles/newfolder.elf.dir/Core/Src/stm32f1xx_it.c.obj
 .debug_abbrev  0x0000089b      0x151 CMakeFiles/newfolder.elf.dir/Core/Src/system_stm32f1xx.c.obj
 .debug_abbrev  0x000009ec      0x219 CMakeFiles/newfolder.elf.dir/Drivers/STM32F1xx_HAL_Driver/Src/stm32f1xx_hal.c.obj
 .debug_abbrev  0x00000c05      0x367 CMakeFiles/newfolder.elf.dir/Drivers/STM32F1xx_HAL_Driver/Src/stm32f1xx_hal_cortex.c.obj
 .debug_abbrev  0x00000f6c      0x262 CMakeFiles/newfolder.elf.dir/Drivers/STM32F1xx_HAL_Driver/Src/stm32f1xx_hal_dma.c.obj
 .debug_abbrev  0x000011ce      0x213 CMakeFiles/newfolder.elf.dir/Drivers/STM32F1xx_HAL_Driver/Src/stm32f1xx_hal_gpio.c.obj
 .debug_abbrev  0x000013e1      0x28d CMakeFiles/newfolder.elf.dir/Drivers/STM32F1xx_HAL_Driver/Src/stm32f1xx_hal_rcc.c.obj
 .debug_abbrev  0x0000166e      0x1f8 CMakeFiles/newfolder.elf.dir/Drivers/STM32F1xx_HAL_Driver/Src/stm32f1xx_hal_rcc_ex.c.obj
 .debug_abbrev  0x00001866      0x293 CMakeFiles/newfolder.elf.dir/Drivers/STM32F1xx_HAL_Driver/Src/stm32f1xx_hal_uart.c.obj
 .debug_abbrev  0x00001af9      0x35c CMakeFiles/newfolder.elf.dir/Hardware/I2C1.c.obj
 .debug_abbrev  0x00001e55      0x17b CMakeFiles/newfolder.elf.dir/Hardware/Led.c.obj
 .debug_abbrev  0x00001fd0      0x329 CMakeFiles/newfolder.elf.dir/Hardware/mpu9250.c.obj
 .debug_abbrev  0x000022f9      0x360 CMakeFiles/newfolder.elf.dir/Hardware/uart.c.obj
 .debug_abbrev  0x00002659       0x12 CMakeFiles/newfolder.elf.dir/startup/startup_stm32f103xe.s.obj

.debug_aranges  0x00000000      0x798
 .debug_aranges
                0x00000000       0x30 CMakeFiles/newfolder.elf.dir/Core/Src/main.c.obj
 .debug_aranges
                0x00000030       0x68 CMakeFiles/newfolder.elf.dir/Core/Src/stm32f1xx_hal_msp.c.obj
 .debug_aranges
                0x00000098       0x88 CMakeFiles/newfolder.elf.dir/Core/Src/stm32f1xx_it.c.obj
 .debug_aranges
                0x00000120       0x28 CMakeFiles/newfolder.elf.dir/Core/Src/system_stm32f1xx.c.obj
 .debug_aranges
                0x00000148       0xe0 CMakeFiles/newfolder.elf.dir/Drivers/STM32F1xx_HAL_Driver/Src/stm32f1xx_hal.c.obj
 .debug_aranges
                0x00000228       0x90 CMakeFiles/newfolder.elf.dir/Drivers/STM32F1xx_HAL_Driver/Src/stm32f1xx_hal_cortex.c.obj
 .debug_aranges
                0x000002b8       0x80 CMakeFiles/newfolder.elf.dir/Drivers/STM32F1xx_HAL_Driver/Src/stm32f1xx_hal_dma.c.obj
 .debug_aranges
                0x00000338       0x58 CMakeFiles/newfolder.elf.dir/Drivers/STM32F1xx_HAL_Driver/Src/stm32f1xx_hal_gpio.c.obj
 .debug_aranges
                0x00000390       0x90 CMakeFiles/newfolder.elf.dir/Drivers/STM32F1xx_HAL_Driver/Src/stm32f1xx_hal_rcc.c.obj
 .debug_aranges
                0x00000420       0x30 CMakeFiles/newfolder.elf.dir/Drivers/STM32F1xx_HAL_Driver/Src/stm32f1xx_hal_rcc_ex.c.obj
 .debug_aranges
                0x00000450      0x1d0 CMakeFiles/newfolder.elf.dir/Drivers/STM32F1xx_HAL_Driver/Src/stm32f1xx_hal_uart.c.obj
 .debug_aranges
                0x00000620       0xa0 CMakeFiles/newfolder.elf.dir/Hardware/I2C1.c.obj
 .debug_aranges
                0x000006c0       0x20 CMakeFiles/newfolder.elf.dir/Hardware/Led.c.obj
 .debug_aranges
                0x000006e0       0x50 CMakeFiles/newfolder.elf.dir/Hardware/mpu9250.c.obj
 .debug_aranges
                0x00000730       0x40 CMakeFiles/newfolder.elf.dir/Hardware/uart.c.obj
 .debug_aranges
                0x00000770       0x28 CMakeFiles/newfolder.elf.dir/startup/startup_stm32f103xe.s.obj

.debug_ranges   0x00000000      0x738
 .debug_ranges  0x00000000       0x20 CMakeFiles/newfolder.elf.dir/Core/Src/main.c.obj
 .debug_ranges  0x00000020       0x58 CMakeFiles/newfolder.elf.dir/Core/Src/stm32f1xx_hal_msp.c.obj
 .debug_ranges  0x00000078       0x78 CMakeFiles/newfolder.elf.dir/Core/Src/stm32f1xx_it.c.obj
 .debug_ranges  0x000000f0       0x18 CMakeFiles/newfolder.elf.dir/Core/Src/system_stm32f1xx.c.obj
 .debug_ranges  0x00000108       0xd0 CMakeFiles/newfolder.elf.dir/Drivers/STM32F1xx_HAL_Driver/Src/stm32f1xx_hal.c.obj
 .debug_ranges  0x000001d8       0xe0 CMakeFiles/newfolder.elf.dir/Drivers/STM32F1xx_HAL_Driver/Src/stm32f1xx_hal_cortex.c.obj
 .debug_ranges  0x000002b8       0x70 CMakeFiles/newfolder.elf.dir/Drivers/STM32F1xx_HAL_Driver/Src/stm32f1xx_hal_dma.c.obj
 .debug_ranges  0x00000328       0x48 CMakeFiles/newfolder.elf.dir/Drivers/STM32F1xx_HAL_Driver/Src/stm32f1xx_hal_gpio.c.obj
 .debug_ranges  0x00000370       0xa0 CMakeFiles/newfolder.elf.dir/Drivers/STM32F1xx_HAL_Driver/Src/stm32f1xx_hal_rcc.c.obj
 .debug_ranges  0x00000410       0x38 CMakeFiles/newfolder.elf.dir/Drivers/STM32F1xx_HAL_Driver/Src/stm32f1xx_hal_rcc_ex.c.obj
 .debug_ranges  0x00000448      0x1c0 CMakeFiles/newfolder.elf.dir/Drivers/STM32F1xx_HAL_Driver/Src/stm32f1xx_hal_uart.c.obj
 .debug_ranges  0x00000608       0x90 CMakeFiles/newfolder.elf.dir/Hardware/I2C1.c.obj
 .debug_ranges  0x00000698       0x10 CMakeFiles/newfolder.elf.dir/Hardware/Led.c.obj
 .debug_ranges  0x000006a8       0x40 CMakeFiles/newfolder.elf.dir/Hardware/mpu9250.c.obj
 .debug_ranges  0x000006e8       0x30 CMakeFiles/newfolder.elf.dir/Hardware/uart.c.obj
 .debug_ranges  0x00000718       0x20 CMakeFiles/newfolder.elf.dir/startup/startup_stm32f103xe.s.obj

.debug_line     0x00000000     0x7466
 .debug_line    0x00000000      0x426 CMakeFiles/newfolder.elf.dir/Core/Src/main.c.obj
 .debug_line    0x00000426      0x65c CMakeFiles/newfolder.elf.dir/Core/Src/stm32f1xx_hal_msp.c.obj
 .debug_line    0x00000a82      0x468 CMakeFiles/newfolder.elf.dir/Core/Src/stm32f1xx_it.c.obj
 .debug_line    0x00000eea      0x29a CMakeFiles/newfolder.elf.dir/Core/Src/system_stm32f1xx.c.obj
 .debug_line    0x00001184      0x52a CMakeFiles/newfolder.elf.dir/Drivers/STM32F1xx_HAL_Driver/Src/stm32f1xx_hal.c.obj
 .debug_line    0x000016ae      0x680 CMakeFiles/newfolder.elf.dir/Drivers/STM32F1xx_HAL_Driver/Src/stm32f1xx_hal_cortex.c.obj
 .debug_line    0x00001d2e      0xd37 CMakeFiles/newfolder.elf.dir/Drivers/STM32F1xx_HAL_Driver/Src/stm32f1xx_hal_dma.c.obj
 .debug_line    0x00002a65      0x63d CMakeFiles/newfolder.elf.dir/Drivers/STM32F1xx_HAL_Driver/Src/stm32f1xx_hal_gpio.c.obj
 .debug_line    0x000030a2      0xc47 CMakeFiles/newfolder.elf.dir/Drivers/STM32F1xx_HAL_Driver/Src/stm32f1xx_hal_rcc.c.obj
 .debug_line    0x00003ce9      0x4fc CMakeFiles/newfolder.elf.dir/Drivers/STM32F1xx_HAL_Driver/Src/stm32f1xx_hal_rcc_ex.c.obj
 .debug_line    0x000041e5     0x1bec CMakeFiles/newfolder.elf.dir/Drivers/STM32F1xx_HAL_Driver/Src/stm32f1xx_hal_uart.c.obj
 .debug_line    0x00005dd1      0x7bb CMakeFiles/newfolder.elf.dir/Hardware/I2C1.c.obj
 .debug_line    0x0000658c      0x205 CMakeFiles/newfolder.elf.dir/Hardware/Led.c.obj
 .debug_line    0x00006791      0x733 CMakeFiles/newfolder.elf.dir/Hardware/mpu9250.c.obj
 .debug_line    0x00006ec4      0x513 CMakeFiles/newfolder.elf.dir/Hardware/uart.c.obj
 .debug_line    0x000073d7       0x8f CMakeFiles/newfolder.elf.dir/startup/startup_stm32f103xe.s.obj

.debug_str      0x00000000     0x309d
 .debug_str     0x00000000      0xd06 CMakeFiles/newfolder.elf.dir/Core/Src/main.c.obj
                                0xdd3 (size before relaxing)
 .debug_str     0x00000d06      0xc83 CMakeFiles/newfolder.elf.dir/Core/Src/stm32f1xx_hal_msp.c.obj
                               0x1739 (size before relaxing)
 .debug_str     0x00001989      0x15f CMakeFiles/newfolder.elf.dir/Core/Src/stm32f1xx_it.c.obj
                                0xf0c (size before relaxing)
 .debug_str     0x00001ae8       0x64 CMakeFiles/newfolder.elf.dir/Core/Src/system_stm32f1xx.c.obj
                                0x315 (size before relaxing)
 .debug_str     0x00001b4c      0x295 CMakeFiles/newfolder.elf.dir/Drivers/STM32F1xx_HAL_Driver/Src/stm32f1xx_hal.c.obj
                                0x976 (size before relaxing)
 .debug_str     0x00001de1      0x3a6 CMakeFiles/newfolder.elf.dir/Drivers/STM32F1xx_HAL_Driver/Src/stm32f1xx_hal_cortex.c.obj
                                0xa92 (size before relaxing)
 .debug_str     0x00002187      0x22f CMakeFiles/newfolder.elf.dir/Drivers/STM32F1xx_HAL_Driver/Src/stm32f1xx_hal_dma.c.obj
                                0x6fc (size before relaxing)
 .debug_str     0x000023b6      0x142 CMakeFiles/newfolder.elf.dir/Drivers/STM32F1xx_HAL_Driver/Src/stm32f1xx_hal_gpio.c.obj
                                0x4ff (size before relaxing)
 .debug_str     0x000024f8      0x1f7 CMakeFiles/newfolder.elf.dir/Drivers/STM32F1xx_HAL_Driver/Src/stm32f1xx_hal_rcc.c.obj
                                0x6e1 (size before relaxing)
 .debug_str     0x000026ef       0xb1 CMakeFiles/newfolder.elf.dir/Drivers/STM32F1xx_HAL_Driver/Src/stm32f1xx_hal_rcc_ex.c.obj
                                0x4fe (size before relaxing)
 .debug_str     0x000027a0      0x537 CMakeFiles/newfolder.elf.dir/Drivers/STM32F1xx_HAL_Driver/Src/stm32f1xx_hal_uart.c.obj
                                0xc8f (size before relaxing)
 .debug_str     0x00002cd7      0x172 CMakeFiles/newfolder.elf.dir/Hardware/I2C1.c.obj
                                0xcd8 (size before relaxing)
 .debug_str     0x00002e49       0x31 CMakeFiles/newfolder.elf.dir/Hardware/Led.c.obj
                                0x374 (size before relaxing)
 .debug_str     0x00002e7a      0x14a CMakeFiles/newfolder.elf.dir/Hardware/mpu9250.c.obj
                                0xc35 (size before relaxing)
 .debug_str     0x00002fc4       0x98 CMakeFiles/newfolder.elf.dir/Hardware/uart.c.obj
                               0x1010 (size before relaxing)
 .debug_str     0x0000305c       0x41 CMakeFiles/newfolder.elf.dir/startup/startup_stm32f103xe.s.obj
                                 0x68 (size before relaxing)

.comment        0x00000000       0x4c
 .comment       0x00000000       0x4c CMakeFiles/newfolder.elf.dir/Core/Src/main.c.obj
                                 0x4d (size before relaxing)
 .comment       0x0000004c       0x4d CMakeFiles/newfolder.elf.dir/Core/Src/stm32f1xx_hal_msp.c.obj
 .comment       0x0000004c       0x4d CMakeFiles/newfolder.elf.dir/Core/Src/stm32f1xx_it.c.obj
 .comment       0x0000004c       0x4d CMakeFiles/newfolder.elf.dir/Core/Src/system_stm32f1xx.c.obj
 .comment       0x0000004c       0x4d CMakeFiles/newfolder.elf.dir/Drivers/STM32F1xx_HAL_Driver/Src/stm32f1xx_hal.c.obj
 .comment       0x0000004c       0x4d CMakeFiles/newfolder.elf.dir/Drivers/STM32F1xx_HAL_Driver/Src/stm32f1xx_hal_cortex.c.obj
 .comment       0x0000004c       0x4d CMakeFiles/newfolder.elf.dir/Drivers/STM32F1xx_HAL_Driver/Src/stm32f1xx_hal_dma.c.obj
 .comment       0x0000004c       0x4d CMakeFiles/newfolder.elf.dir/Drivers/STM32F1xx_HAL_Driver/Src/stm32f1xx_hal_gpio.c.obj
 .comment       0x0000004c       0x4d CMakeFiles/newfolder.elf.dir/Drivers/STM32F1xx_HAL_Driver/Src/stm32f1xx_hal_rcc.c.obj
 .comment       0x0000004c       0x4d CMakeFiles/newfolder.elf.dir/Drivers/STM32F1xx_HAL_Driver/Src/stm32f1xx_hal_rcc_ex.c.obj
 .comment       0x0000004c       0x4d CMakeFiles/newfolder.elf.dir/Drivers/STM32F1xx_HAL_Driver/Src/stm32f1xx_hal_uart.c.obj
 .comment       0x0000004c       0x4d CMakeFiles/newfolder.elf.dir/Hardware/I2C1.c.obj
 .comment       0x0000004c       0x4d CMakeFiles/newfolder.elf.dir/Hardware/Led.c.obj
 .comment       0x0000004c       0x4d CMakeFiles/newfolder.elf.dir/Hardware/mpu9250.c.obj
 .comment       0x0000004c       0x4d CMakeFiles/newfolder.elf.dir/Hardware/uart.c.obj

.debug_frame    0x00000000     0x1470
 .debug_frame   0x00000000       0x58 CMakeFiles/newfolder.elf.dir/Core/Src/main.c.obj
 .debug_frame   0x00000058      0x124 CMakeFiles/newfolder.elf.dir/Core/Src/stm32f1xx_hal_msp.c.obj
 .debug_frame   0x0000017c      0x110 CMakeFiles/newfolder.elf.dir/Core/Src/stm32f1xx_it.c.obj
 .debug_frame   0x0000028c       0x30 CMakeFiles/newfolder.elf.dir/Core/Src/system_stm32f1xx.c.obj
 .debug_frame   0x000002bc      0x1cc CMakeFiles/newfolder.elf.dir/Drivers/STM32F1xx_HAL_Driver/Src/stm32f1xx_hal.c.obj
 .debug_frame   0x00000488      0x12c CMakeFiles/newfolder.elf.dir/Drivers/STM32F1xx_HAL_Driver/Src/stm32f1xx_hal_cortex.c.obj
 .debug_frame   0x000005b4      0x144 CMakeFiles/newfolder.elf.dir/Drivers/STM32F1xx_HAL_Driver/Src/stm32f1xx_hal_dma.c.obj
 .debug_frame   0x000006f8       0xe8 CMakeFiles/newfolder.elf.dir/Drivers/STM32F1xx_HAL_Driver/Src/stm32f1xx_hal_gpio.c.obj
 .debug_frame   0x000007e0      0x190 CMakeFiles/newfolder.elf.dir/Drivers/STM32F1xx_HAL_Driver/Src/stm32f1xx_hal_rcc.c.obj
 .debug_frame   0x00000970       0x68 CMakeFiles/newfolder.elf.dir/Drivers/STM32F1xx_HAL_Driver/Src/stm32f1xx_hal_rcc_ex.c.obj
 .debug_frame   0x000009d8      0x4e8 CMakeFiles/newfolder.elf.dir/Drivers/STM32F1xx_HAL_Driver/Src/stm32f1xx_hal_uart.c.obj
 .debug_frame   0x00000ec0      0x21c CMakeFiles/newfolder.elf.dir/Hardware/I2C1.c.obj
 .debug_frame   0x000010dc       0x30 CMakeFiles/newfolder.elf.dir/Hardware/Led.c.obj
 .debug_frame   0x0000110c       0xf8 CMakeFiles/newfolder.elf.dir/Hardware/mpu9250.c.obj
 .debug_frame   0x00001204       0xac CMakeFiles/newfolder.elf.dir/Hardware/uart.c.obj
 .debug_frame   0x000012b0       0x2c d:/gcc-arm-none-eabi/bin/../lib/gcc/arm-none-eabi/9.3.1/../../../../arm-none-eabi/lib/thumb/v7-m/nofp\libg.a(lib_a-init.o)
 .debug_frame   0x000012dc       0x5c d:/gcc-arm-none-eabi/bin/../lib/gcc/arm-none-eabi/9.3.1/../../../../arm-none-eabi/lib/thumb/v7-m/nofp\libg.a(lib_a-__call_atexit.o)
 .debug_frame   0x00001338       0x20 d:/gcc-arm-none-eabi/bin/../lib/gcc/arm-none-eabi/9.3.1/../../../../arm-none-eabi/lib/thumb/v7-m/nofp\libg.a(lib_a-atexit.o)
 .debug_frame   0x00001358       0x34 d:/gcc-arm-none-eabi/bin/../lib/gcc/arm-none-eabi/9.3.1/../../../../arm-none-eabi/lib/thumb/v7-m/nofp\libg.a(lib_a-fini.o)
 .debug_frame   0x0000138c       0xb0 d:/gcc-arm-none-eabi/bin/../lib/gcc/arm-none-eabi/9.3.1/../../../../arm-none-eabi/lib/thumb/v7-m/nofp\libg.a(lib_a-lock.o)
 .debug_frame   0x0000143c       0x34 d:/gcc-arm-none-eabi/bin/../lib/gcc/arm-none-eabi/9.3.1/../../../../arm-none-eabi/lib/thumb/v7-m/nofp\libg.a(lib_a-__atexit.o)

.debug_loc      0x00000000     0x45eb
 .debug_loc     0x00000000      0x1fd CMakeFiles/newfolder.elf.dir/Core/Src/stm32f1xx_hal_msp.c.obj
 .debug_loc     0x000001fd       0xff CMakeFiles/newfolder.elf.dir/Core/Src/system_stm32f1xx.c.obj
 .debug_loc     0x000002fc      0x141 CMakeFiles/newfolder.elf.dir/Drivers/STM32F1xx_HAL_Driver/Src/stm32f1xx_hal.c.obj
 .debug_loc     0x0000043d      0x71f CMakeFiles/newfolder.elf.dir/Drivers/STM32F1xx_HAL_Driver/Src/stm32f1xx_hal_cortex.c.obj
 .debug_loc     0x00000b5c      0x7ce CMakeFiles/newfolder.elf.dir/Drivers/STM32F1xx_HAL_Driver/Src/stm32f1xx_hal_dma.c.obj
 .debug_loc     0x0000132a      0x45b CMakeFiles/newfolder.elf.dir/Drivers/STM32F1xx_HAL_Driver/Src/stm32f1xx_hal_gpio.c.obj
 .debug_loc     0x00001785      0x610 CMakeFiles/newfolder.elf.dir/Drivers/STM32F1xx_HAL_Driver/Src/stm32f1xx_hal_rcc.c.obj
 .debug_loc     0x00001d95      0x3b6 CMakeFiles/newfolder.elf.dir/Drivers/STM32F1xx_HAL_Driver/Src/stm32f1xx_hal_rcc_ex.c.obj
 .debug_loc     0x0000214b     0x1951 CMakeFiles/newfolder.elf.dir/Drivers/STM32F1xx_HAL_Driver/Src/stm32f1xx_hal_uart.c.obj
 .debug_loc     0x00003a9c      0x6d1 CMakeFiles/newfolder.elf.dir/Hardware/I2C1.c.obj
 .debug_loc     0x0000416d      0x3a9 CMakeFiles/newfolder.elf.dir/Hardware/mpu9250.c.obj
 .debug_loc     0x00004516       0xd5 CMakeFiles/newfolder.elf.dir/Hardware/uart.c.obj
