Archive member included to satisfy reference by file (symbol)

d:/gcc-arm-none-eabi/bin/../lib/gcc/arm-none-eabi/9.3.1/thumb/v7-m/nofp\libgcc.a(_arm_muldf3.o)
                              CMakeFiles/newfolder.elf.dir/Hardware/adc1.c.obj (__aeabi_dmul)
d:/gcc-arm-none-eabi/bin/../lib/gcc/arm-none-eabi/9.3.1/thumb/v7-m/nofp\libgcc.a(_arm_addsubdf3.o)
                              CMakeFiles/newfolder.elf.dir/Hardware/mpu6050.c.obj (__aeabi_dsub)
d:/gcc-arm-none-eabi/bin/../lib/gcc/arm-none-eabi/9.3.1/thumb/v7-m/nofp\libgcc.a(_arm_muldivdf3.o)
                              CMakeFiles/newfolder.elf.dir/Hardware/mpu6050.c.obj (__aeabi_ddiv)
d:/gcc-arm-none-eabi/bin/../lib/gcc/arm-none-eabi/9.3.1/thumb/v7-m/nofp\libgcc.a(_arm_cmpdf2.o)
                              CMakeFiles/newfolder.elf.dir/Hardware/mpu6050.c.obj (__aeabi_dcmpeq)
d:/gcc-arm-none-eabi/bin/../lib/gcc/arm-none-eabi/9.3.1/thumb/v7-m/nofp\libgcc.a(_arm_fixdfsi.o)
                              CMakeFiles/newfolder.elf.dir/Core/Src/main.c.obj (__aeabi_d2iz)
d:/gcc-arm-none-eabi/bin/../lib/gcc/arm-none-eabi/9.3.1/thumb/v7-m/nofp\libgcc.a(_arm_truncdfsf2.o)
                              CMakeFiles/newfolder.elf.dir/Hardware/adc1.c.obj (__aeabi_d2f)
d:/gcc-arm-none-eabi/bin/../lib/gcc/arm-none-eabi/9.3.1/thumb/v7-m/nofp\libgcc.a(_arm_addsubsf3.o)
                              CMakeFiles/newfolder.elf.dir/Hardware/adc1.c.obj (__aeabi_fadd)
d:/gcc-arm-none-eabi/bin/../lib/gcc/arm-none-eabi/9.3.1/thumb/v7-m/nofp\libgcc.a(_arm_fixunssfsi.o)
                              CMakeFiles/newfolder.elf.dir/Hardware/adc1.c.obj (__aeabi_f2uiz)
d:/gcc-arm-none-eabi/bin/../lib/gcc/arm-none-eabi/9.3.1/../../../../arm-none-eabi/lib/thumb/v7-m/nofp\libg.a(lib_a-errno.o)
                              CMakeFiles/newfolder.elf.dir/Core/Src/syscalls.c.obj (__errno)
d:/gcc-arm-none-eabi/bin/../lib/gcc/arm-none-eabi/9.3.1/../../../../arm-none-eabi/lib/thumb/v7-m/nofp\libg.a(lib_a-exit.o)
                              d:/gcc-arm-none-eabi/bin/../lib/gcc/arm-none-eabi/9.3.1/../../../../arm-none-eabi/lib/thumb/v7-m/nofp/crt0.o (exit)
d:/gcc-arm-none-eabi/bin/../lib/gcc/arm-none-eabi/9.3.1/../../../../arm-none-eabi/lib/thumb/v7-m/nofp\libg.a(lib_a-impure.o)
                              d:/gcc-arm-none-eabi/bin/../lib/gcc/arm-none-eabi/9.3.1/../../../../arm-none-eabi/lib/thumb/v7-m/nofp\libg.a(lib_a-exit.o) (_global_impure_ptr)
d:/gcc-arm-none-eabi/bin/../lib/gcc/arm-none-eabi/9.3.1/../../../../arm-none-eabi/lib/thumb/v7-m/nofp\libg.a(lib_a-init.o)
                              d:/gcc-arm-none-eabi/bin/../lib/gcc/arm-none-eabi/9.3.1/../../../../arm-none-eabi/lib/thumb/v7-m/nofp/crt0.o (__libc_init_array)
d:/gcc-arm-none-eabi/bin/../lib/gcc/arm-none-eabi/9.3.1/../../../../arm-none-eabi/lib/thumb/v7-m/nofp\libg.a(lib_a-memset.o)
                              d:/gcc-arm-none-eabi/bin/../lib/gcc/arm-none-eabi/9.3.1/../../../../arm-none-eabi/lib/thumb/v7-m/nofp/crt0.o (memset)
d:/gcc-arm-none-eabi/bin/../lib/gcc/arm-none-eabi/9.3.1/../../../../arm-none-eabi/lib/thumb/v7-m/nofp\libg.a(lib_a-strlen-stub.o)
                              CMakeFiles/newfolder.elf.dir/Hardware/uart.c.obj (strlen)
d:/gcc-arm-none-eabi/bin/../lib/gcc/arm-none-eabi/9.3.1/../../../../arm-none-eabi/lib/thumb/v7-m/nofp\libg.a(lib_a-vsprintf.o)
                              CMakeFiles/newfolder.elf.dir/Hardware/uart.c.obj (vsprintf)
d:/gcc-arm-none-eabi/bin/../lib/gcc/arm-none-eabi/9.3.1/../../../../arm-none-eabi/lib/thumb/v7-m/nofp\libg.a(lib_a-__call_atexit.o)
                              d:/gcc-arm-none-eabi/bin/../lib/gcc/arm-none-eabi/9.3.1/../../../../arm-none-eabi/lib/thumb/v7-m/nofp\libg.a(lib_a-exit.o) (__call_exitprocs)
d:/gcc-arm-none-eabi/bin/../lib/gcc/arm-none-eabi/9.3.1/../../../../arm-none-eabi/lib/thumb/v7-m/nofp\libg.a(lib_a-atexit.o)
                              d:/gcc-arm-none-eabi/bin/../lib/gcc/arm-none-eabi/9.3.1/../../../../arm-none-eabi/lib/thumb/v7-m/nofp\libg.a(lib_a-__call_atexit.o) (atexit)
d:/gcc-arm-none-eabi/bin/../lib/gcc/arm-none-eabi/9.3.1/../../../../arm-none-eabi/lib/thumb/v7-m/nofp\libg.a(lib_a-fini.o)
                              d:/gcc-arm-none-eabi/bin/../lib/gcc/arm-none-eabi/9.3.1/../../../../arm-none-eabi/lib/thumb/v7-m/nofp\libg.a(lib_a-__call_atexit.o) (__libc_fini_array)
d:/gcc-arm-none-eabi/bin/../lib/gcc/arm-none-eabi/9.3.1/../../../../arm-none-eabi/lib/thumb/v7-m/nofp\libg.a(lib_a-lock.o)
                              d:/gcc-arm-none-eabi/bin/../lib/gcc/arm-none-eabi/9.3.1/../../../../arm-none-eabi/lib/thumb/v7-m/nofp\libg.a(lib_a-__call_atexit.o) (__retarget_lock_acquire_recursive)
d:/gcc-arm-none-eabi/bin/../lib/gcc/arm-none-eabi/9.3.1/../../../../arm-none-eabi/lib/thumb/v7-m/nofp\libg.a(lib_a-svfprintf.o)
                              d:/gcc-arm-none-eabi/bin/../lib/gcc/arm-none-eabi/9.3.1/../../../../arm-none-eabi/lib/thumb/v7-m/nofp\libg.a(lib_a-vsprintf.o) (_svfprintf_r)
[...]
Memory Configuration

Name             Origin             Length             Attributes
RAM              0x20000000         0x00010000         xrw
FLASH            0x08000000         0x00080000         xr
*default*        0x00000000         0xffffffff

Linker script and memory map

LOAD d:/gcc-arm-none-eabi/bin/../lib/gcc/arm-none-eabi/9.3.1/thumb/v7-m/nofp/crti.o
LOAD d:/gcc-arm-none-eabi/bin/../lib/gcc/arm-none-eabi/9.3.1/thumb/v7-m/nofp/crtbegin.o
LOAD d:/gcc-arm-none-eabi/bin/../lib/gcc/arm-none-eabi/9.3.1/../../../../arm-none-eabi/lib/thumb/v7-m/nofp/crt0.o
LOAD CMakeFiles/newfolder.elf.dir/Core/Src/main.c.obj
LOAD CMakeFiles/newfolder.elf.dir/Core/Src/stm32f1xx_hal_msp.c.obj
LOAD CMakeFiles/newfolder.elf.dir/Core/Src/stm32f1xx_it.c.obj
LOAD CMakeFiles/newfolder.elf.dir/Core/Src/syscalls.c.obj
LOAD CMakeFiles/newfolder.elf.dir/Core/Src/system_stm32f1xx.c.obj
LOAD CMakeFiles/newfolder.elf.dir/Drivers/STM32F1xx_HAL_Driver/Src/stm32f1xx_hal.c.obj
LOAD CMakeFiles/newfolder.elf.dir/Drivers/STM32F1xx_HAL_Driver/Src/stm32f1xx_hal_adc.c.obj
LOAD CMakeFiles/newfolder.elf.dir/Drivers/STM32F1xx_HAL_Driver/Src/stm32f1xx_hal_adc_ex.c.obj
LOAD CMakeFiles/newfolder.elf.dir/Drivers/STM32F1xx_HAL_Driver/Src/stm32f1xx_hal_cortex.c.obj
LOAD CMakeFiles/newfolder.elf.dir/Drivers/STM32F1xx_HAL_Driver/Src/stm32f1xx_hal_dma.c.obj
LOAD CMakeFiles/newfolder.elf.dir/Drivers/STM32F1xx_HAL_Driver/Src/stm32f1xx_hal_exti.c.obj
LOAD CMakeFiles/newfolder.elf.dir/Drivers/STM32F1xx_HAL_Driver/Src/stm32f1xx_hal_flash.c.obj
LOAD CMakeFiles/newfolder.elf.dir/Drivers/STM32F1xx_HAL_Driver/Src/stm32f1xx_hal_flash_ex.c.obj
LOAD CMakeFiles/newfolder.elf.dir/Drivers/STM32F1xx_HAL_Driver/Src/stm32f1xx_hal_gpio.c.obj
LOAD CMakeFiles/newfolder.elf.dir/Drivers/STM32F1xx_HAL_Driver/Src/stm32f1xx_hal_gpio_ex.c.obj
LOAD CMakeFiles/newfolder.elf.dir/Drivers/STM32F1xx_HAL_Driver/Src/stm32f1xx_hal_i2c.c.obj
LOAD CMakeFiles/newfolder.elf.dir/Drivers/STM32F1xx_HAL_Driver/Src/stm32f1xx_hal_iwdg.c.obj
LOAD CMakeFiles/newfolder.elf.dir/Drivers/STM32F1xx_HAL_Driver/Src/stm32f1xx_hal_pwr.c.obj
LOAD CMakeFiles/newfolder.elf.dir/Drivers/STM32F1xx_HAL_Driver/Src/stm32f1xx_hal_rcc.c.obj
LOAD CMakeFiles/newfolder.elf.dir/Drivers/STM32F1xx_HAL_Driver/Src/stm32f1xx_hal_rcc_ex.c.obj
LOAD CMakeFiles/newfolder.elf.dir/Drivers/STM32F1xx_HAL_Driver/Src/stm32f1xx_hal_tim.c.obj
LOAD CMakeFiles/newfolder.elf.dir/Drivers/STM32F1xx_HAL_Driver/Src/stm32f1xx_hal_tim_ex.c.obj
LOAD CMakeFiles/newfolder.elf.dir/Drivers/STM32F1xx_HAL_Driver/Src/stm32f1xx_hal_uart.c.obj
LOAD CMakeFiles/newfolder.elf.dir/Drivers/STM32F1xx_HAL_Driver/Src/stm32f1xx_hal_wwdg.c.obj
LOAD CMakeFiles/newfolder.elf.dir/Hardware/Exti.c.obj
LOAD CMakeFiles/newfolder.elf.dir/Hardware/I2C1.c.obj
LOAD CMakeFiles/newfolder.elf.dir/Hardware/Key.c.obj
LOAD CMakeFiles/newfolder.elf.dir/Hardware/Led.c.obj
LOAD CMakeFiles/newfolder.elf.dir/Hardware/Timer2.c.obj
LOAD CMakeFiles/newfolder.elf.dir/Hardware/adc1.c.obj
LOAD CMakeFiles/newfolder.elf.dir/Hardware/iwg.c.obj
LOAD CMakeFiles/newfolder.elf.dir/Hardware/mpu6050.c.obj
LOAD CMakeFiles/newfolder.elf.dir/Hardware/uart.c.obj
LOAD CMakeFiles/newfolder.elf.dir/Hardware/wwdg.c.obj
LOAD CMakeFiles/newfolder.elf.dir/USMART/usmart.c.obj
LOAD CMakeFiles/newfolder.elf.dir/USMART/usmart_config.c.obj
LOAD CMakeFiles/newfolder.elf.dir/USMART/usmart_str.c.obj
LOAD CMakeFiles/newfolder.elf.dir/startup/startup_stm32f103xe.s.obj
START GROUP
LOAD d:/gcc-arm-none-eabi/bin/../lib/gcc/arm-none-eabi/9.3.1/thumb/v7-m/nofp\libgcc.a
LOAD d:/gcc-arm-none-eabi/bin/../lib/gcc/arm-none-eabi/9.3.1/../../../../arm-none-eabi/lib/thumb/v7-m/nofp\libg.a
LOAD d:/gcc-arm-none-eabi/bin/../lib/gcc/arm-none-eabi/9.3.1/../../../../arm-none-eabi/lib/thumb/v7-m/nofp\libc.a
END GROUP
LOAD d:/gcc-arm-none-eabi/bin/../lib/gcc/arm-none-eabi/9.3.1/thumb/v7-m/nofp/crtend.o
LOAD d:/gcc-arm-none-eabi/bin/../lib/gcc/arm-none-eabi/9.3.1/thumb/v7-m/nofp/crtn.o
                0x20010000                _estack = 0x20010000
                0x00000400                _Min_Heap_Size = 0x400
                0x00000800                _Min_Stack_Size = 0x800

.isr_vector     0x08000000      0x1e4
                0x08000000                . = ALIGN (0x4)
 *(.isr_vector)
 .isr_vector    0x08000000      0x1e4 CMakeFiles/newfolder.elf.dir/startup/startup_stm32f103xe.s.obj
                0x08000000                g_pfnVectors
                0x080001e4                . = ALIGN (0x4)

.text           0x080001e8     0x941c
                0x080001e8                . = ALIGN (0x4)
 *(.text)
 .text          0x080001e8       0x40 d:/gcc-arm-none-eabi/bin/../lib/gcc/arm-none-eabi/9.3.1/thumb/v7-m/nofp/crtbegin.o
 .text          0x08000228      0x378 d:/gcc-arm-none-eabi/bin/../lib/gcc/arm-none-eabi/9.3.1/thumb/v7-m/nofp\libgcc.a(_arm_addsubdf3.o)
                0x08000228                __aeabi_drsub
                0x08000230                __aeabi_dsub
                0x08000230                __subdf3
                0x08000234                __aeabi_dadd
                0x08000234                __adddf3
                0x080004ac                __floatunsidf
                0x080004ac                __aeabi_ui2d
                0x080004cc                __floatsidf
                0x080004cc                __aeabi_i2d
                0x080004f0                __aeabi_f2d
                0x080004f0                __extendsfdf2
                0x08000534                __floatundidf
                0x08000534                __aeabi_ul2d
                0x08000544                __floatdidf
                0x08000544                __aeabi_l2d
 .text          0x080005a0      0x424 d:/gcc-arm-none-eabi/bin/../lib/gcc/arm-none-eabi/9.3.1/thumb/v7-m/nofp\libgcc.a(_arm_muldivdf3.o)
                0x080005a0                __aeabi_dmul
                0x080005a0                __muldf3
                0x080007f4                __divdf3
                0x080007f4                __aeabi_ddiv
 .text          0x080009c4      0x110 d:/gcc-arm-none-eabi/bin/../lib/gcc/arm-none-eabi/9.3.1/thumb/v7-m/nofp\libgcc.a(_arm_cmpdf2.o)
                0x080009c4                __gtdf2
                0x080009c4                __gedf2
                0x080009cc                __ltdf2
                0x080009cc                __ledf2
                0x080009d4                __nedf2
                0x080009d4                __eqdf2
                0x080009d4                __cmpdf2
                0x08000a50                __aeabi_cdrcmple
                0x08000a60                __aeabi_cdcmpeq
                0x08000a60                __aeabi_cdcmple
                0x08000a70                __aeabi_dcmpeq
                0x08000a84                __aeabi_dcmplt
                0x08000a98                __aeabi_dcmple
                0x08000aac                __aeabi_dcmpge
                0x08000ac0                __aeabi_dcmpgt
 .text          0x08000ad4       0x50 d:/gcc-arm-none-eabi/bin/../lib/gcc/arm-none-eabi/9.3.1/thumb/v7-m/nofp\libgcc.a(_arm_fixdfsi.o)
                0x08000ad4                __aeabi_d2iz
                0x08000ad4                __fixdfsi
 .text          0x08000b24       0xec d:/gcc-arm-none-eabi/bin/../lib/gcc/arm-none-eabi/9.3.1/../../../../arm-none-eabi/lib/thumb/v7-m/nofp\libg.a(lib_a-memcpy.o)
                0x08000b24                memcpy
 .text          0x08000c10       0x2c d:/gcc-arm-none-eabi/bin/../lib/gcc/arm-none-eabi/9.3.1/thumb/v7-m/nofp\libgcc.a(_arm_unorddf2.o)
                0x08000c10                __unorddf2
                0x08000c10                __aeabi_dcmpun
 .text          0x08000c3c       0x30 d:/gcc-arm-none-eabi/bin/../lib/gcc/arm-none-eabi/9.3.1/thumb/v7-m/nofp\libgcc.a(_aeabi_uldivmod.o)
                0x08000c3c                __aeabi_uldivmod
 .text          0x08000c6c      0x2c4 d:/gcc-arm-none-eabi/bin/../lib/gcc/arm-none-eabi/9.3.1/thumb/v7-m/nofp\libgcc.a(_udivmoddi4.o)
                0x08000c6c                __udivmoddi4
 .text          0x08000f30        0x4 d:/gcc-arm-none-eabi/bin/../lib/gcc/arm-none-eabi/9.3.1/thumb/v7-m/nofp\libgcc.a(_dvmd_tls.o)
                0x08000f30                __aeabi_idiv0
                0x08000f30                __aeabi_ldiv0
 *(.text*)
 .text.SystemClock_Config
                0x08000f34       0x6e CMakeFiles/newfolder.elf.dir/Core/Src/main.c.obj
                0x08000f34                SystemClock_Config
 *fill*         0x08000fa2        0x2 
 .text.main     0x08000fa4       0x54 CMakeFiles/newfolder.elf.dir/Core/Src/main.c.obj
                0x08000fa4                main
 .text.HAL_MspInit
                0x08000ff8       0x44 CMakeFiles/newfolder.elf.dir/Core/Src/stm32f1xx_hal_msp.c.obj
                0x08000ff8                HAL_MspInit
 .text.HAL_UART_MspInit
                0x0800103c       0xd0 CMakeFiles/newfolder.elf.dir/Core/Src/stm32f1xx_hal_msp.c.obj
                0x0800103c                HAL_UART_MspInit
 .text.NMI_Handler
                0x0800110c        0x2 CMakeFiles/newfolder.elf.dir/Core/Src/stm32f1xx_it.c.obj
                0x0800110c                NMI_Handler
 .text.HardFault_Handler
                0x0800110e        0x2 CMakeFiles/newfolder.elf.dir/Core/Src/stm32f1xx_it.c.obj
                0x0800110e                HardFault_Handler
 .text.MemManage_Handler
                0x08001110        0x2 CMakeFiles/newfolder.elf.dir/Core/Src/stm32f1xx_it.c.obj
                0x08001110                MemManage_Handler
 .text.BusFault_Handler
                0x08001112        0x2 CMakeFiles/newfolder.elf.dir/Core/Src/stm32f1xx_it.c.obj
                0x08001112                BusFault_Handler
 .text.UsageFault_Handler
                0x08001114        0x2 CMakeFiles/newfolder.elf.dir/Core/Src/stm32f1xx_it.c.obj
                0x08001114                UsageFault_Handler
 .text.SVC_Handler
                0x08001116        0x2 CMakeFiles/newfolder.elf.dir/Core/Src/stm32f1xx_it.c.obj
                0x08001116                SVC_Handler
 .text.DebugMon_Handler
                0x08001118        0x2 CMakeFiles/newfolder.elf.dir/Core/Src/stm32f1xx_it.c.obj
                0x08001118                DebugMon_Handler
 .text.PendSV_Handler
                0x0800111a        0x2 CMakeFiles/newfolder.elf.dir/Core/Src/stm32f1xx_it.c.obj
                0x0800111a                PendSV_Handler
 .text.SysTick_Handler
                0x0800111c        0x8 CMakeFiles/newfolder.elf.dir/Core/Src/stm32f1xx_it.c.obj
                0x0800111c                SysTick_Handler
 .text.DMA1_Channel4_IRQHandler
                0x08001124       0x10 CMakeFiles/newfolder.elf.dir/Core/Src/stm32f1xx_it.c.obj
                0x08001124                DMA1_Channel4_IRQHandler
 .text.DMA1_Channel5_IRQHandler
                0x08001134       0x10 CMakeFiles/newfolder.elf.dir/Core/Src/stm32f1xx_it.c.obj
                0x08001134                DMA1_Channel5_IRQHandler
 .text.TIM2_IRQHandler
                0x08001144        0x2 CMakeFiles/newfolder.elf.dir/Core/Src/stm32f1xx_it.c.obj
                0x08001144                TIM2_IRQHandler
 *fill*         0x08001146        0x2 
 .text.USART1_IRQHandler
                0x08001148       0x10 CMakeFiles/newfolder.elf.dir/Core/Src/stm32f1xx_it.c.obj
                0x08001148                USART1_IRQHandler
 .text.EXTI15_10_IRQHandler
                0x08001158        0x2 CMakeFiles/newfolder.elf.dir/Core/Src/stm32f1xx_it.c.obj
                0x08001158                EXTI15_10_IRQHandler
 .text._getpid  0x0800115a        0x4 CMakeFiles/newfolder.elf.dir/Core/Src/syscalls.c.obj
                0x0800115a                _getpid
 .text._kill    0x0800115e       0x10 CMakeFiles/newfolder.elf.dir/Core/Src/syscalls.c.obj
                0x0800115e                _kill
 .text._exit    0x0800116e        0xc CMakeFiles/newfolder.elf.dir/Core/Src/syscalls.c.obj
                0x0800116e                _exit
 .text._read    0x0800117a       0x20 CMakeFiles/newfolder.elf.dir/Core/Src/syscalls.c.obj
                0x0800117a                _read
 .text._write   0x0800119a       0x1c CMakeFiles/newfolder.elf.dir/Core/Src/syscalls.c.obj
                0x0800119a                _write
 *fill*         0x080011b6        0x2 
 .text._sbrk    0x080011b8       0x3c CMakeFiles/newfolder.elf.dir/Core/Src/syscalls.c.obj
                0x080011b8                _sbrk
 .text._close   0x080011f4        0x6 CMakeFiles/newfolder.elf.dir/Core/Src/syscalls.c.obj
                0x080011f4                _close
 .text._fstat   0x080011fa        0xa CMakeFiles/newfolder.elf.dir/Core/Src/syscalls.c.obj
                0x080011fa                _fstat
 .text._isatty  0x08001204        0x4 CMakeFiles/newfolder.elf.dir/Core/Src/syscalls.c.obj
                0x08001204                _isatty
 .text._lseek   0x08001208        0x4 CMakeFiles/newfolder.elf.dir/Core/Src/syscalls.c.obj
                0x08001208                _lseek
 .text.SystemInit
                0x0800120c        0x2 CMakeFiles/newfolder.elf.dir/Core/Src/system_stm32f1xx.c.obj
                0x0800120c                SystemInit
 *fill*         0x0800120e        0x2 
 .text.HAL_InitTick
                0x08001210       0x4c CMakeFiles/newfolder.elf.dir/Drivers/STM32F1xx_HAL_Driver/Src/stm32f1xx_hal.c.obj
                0x08001210                HAL_InitTick
 .text.HAL_Init
                0x0800125c       0x24 CMakeFiles/newfolder.elf.dir/Drivers/STM32F1xx_HAL_Driver/Src/stm32f1xx_hal.c.obj
                0x0800125c                HAL_Init
 .text.HAL_IncTick
                0x08001280       0x18 CMakeFiles/newfolder.elf.dir/Drivers/STM32F1xx_HAL_Driver/Src/stm32f1xx_hal.c.obj
                0x08001280                HAL_IncTick
 .text.HAL_GetTick
                0x08001298        0xc CMakeFiles/newfolder.elf.dir/Drivers/STM32F1xx_HAL_Driver/Src/stm32f1xx_hal.c.obj
                0x08001298                HAL_GetTick
 .text.HAL_Delay
                0x080012a4       0x28 CMakeFiles/newfolder.elf.dir/Drivers/STM32F1xx_HAL_Driver/Src/stm32f1xx_hal.c.obj
                0x080012a4                HAL_Delay
 .text.HAL_NVIC_SetPriorityGrouping
                0x080012cc       0x24 CMakeFiles/newfolder.elf.dir/Drivers/STM32F1xx_HAL_Driver/Src/stm32f1xx_hal_cortex.c.obj
                0x080012cc                HAL_NVIC_SetPriorityGrouping
 .text.HAL_NVIC_SetPriority
                0x080012f0       0x68 CMakeFiles/newfolder.elf.dir/Drivers/STM32F1xx_HAL_Driver/Src/stm32f1xx_hal_cortex.c.obj
                0x080012f0                HAL_NVIC_SetPriority
 .text.HAL_NVIC_EnableIRQ
                0x08001358       0x1c CMakeFiles/newfolder.elf.dir/Drivers/STM32F1xx_HAL_Driver/Src/stm32f1xx_hal_cortex.c.obj
                0x08001358                HAL_NVIC_EnableIRQ
 .text.HAL_SYSTICK_Config
                0x08001374       0x2c CMakeFiles/newfolder.elf.dir/Drivers/STM32F1xx_HAL_Driver/Src/stm32f1xx_hal_cortex.c.obj
                0x08001374                HAL_SYSTICK_Config
 .text.HAL_DMA_Abort_IT
                0x080013a0      0x168 CMakeFiles/newfolder.elf.dir/Drivers/STM32F1xx_HAL_Driver/Src/stm32f1xx_hal_dma.c.obj
                0x080013a0                HAL_DMA_Abort_IT
 .text.HAL_DMA_IRQHandler
                0x08001508      0x2ec CMakeFiles/newfolder.elf.dir/Drivers/STM32F1xx_HAL_Driver/Src/stm32f1xx_hal_dma.c.obj
                0x08001508                HAL_DMA_IRQHandler
 .text.HAL_GPIO_Init
                0x080017f4      0x238 CMakeFiles/newfolder.elf.dir/Drivers/STM32F1xx_HAL_Driver/Src/stm32f1xx_hal_gpio.c.obj
                0x080017f4                HAL_GPIO_Init
 .text.HAL_GPIO_WritePin
                0x08001a2c        0xc CMakeFiles/newfolder.elf.dir/Drivers/STM32F1xx_HAL_Driver/Src/stm32f1xx_hal_gpio.c.obj
                0x08001a2c                HAL_GPIO_WritePin
 .text.RCC_Delay
                0x08001a38       0x2c CMakeFiles/newfolder.elf.dir/Drivers/STM32F1xx_HAL_Driver/Src/stm32f1xx_hal_rcc.c.obj
 .text.HAL_RCC_OscConfig
                0x08001a64      0x410 CMakeFiles/newfolder.elf.dir/Drivers/STM32F1xx_HAL_Driver/Src/stm32f1xx_hal_rcc.c.obj
                0x08001a64                HAL_RCC_OscConfig
 .text.HAL_RCC_GetSysClockFreq
                0x08001e74       0x6c CMakeFiles/newfolder.elf.dir/Drivers/STM32F1xx_HAL_Driver/Src/stm32f1xx_hal_rcc.c.obj
                0x08001e74                HAL_RCC_GetSysClockFreq
 .text.HAL_RCC_ClockConfig
                0x08001ee0      0x16c CMakeFiles/newfolder.elf.dir/Drivers/STM32F1xx_HAL_Driver/Src/stm32f1xx_hal_rcc.c.obj
                0x08001ee0                HAL_RCC_ClockConfig
 .text.HAL_RCC_GetHCLKFreq
                0x0800204c        0xc CMakeFiles/newfolder.elf.dir/Drivers/STM32F1xx_HAL_Driver/Src/stm32f1xx_hal_rcc.c.obj
                0x0800204c                HAL_RCC_GetHCLKFreq
 .text.HAL_RCC_GetPCLK1Freq
                0x08002058       0x20 CMakeFiles/newfolder.elf.dir/Drivers/STM32F1xx_HAL_Driver/Src/stm32f1xx_hal_rcc.c.obj
                0x08002058                HAL_RCC_GetPCLK1Freq
 .text.HAL_RCC_GetPCLK2Freq
                0x08002078       0x20 CMakeFiles/newfolder.elf.dir/Drivers/STM32F1xx_HAL_Driver/Src/stm32f1xx_hal_rcc.c.obj
                0x08002078                HAL_RCC_GetPCLK2Freq
 .text.HAL_RCCEx_PeriphCLKConfig
                0x08002098      0x114 CMakeFiles/newfolder.elf.dir/Drivers/STM32F1xx_HAL_Driver/Src/stm32f1xx_hal_rcc_ex.c.obj
                0x08002098                HAL_RCCEx_PeriphCLKConfig
 .text.UART_EndRxTransfer
                0x080021ac       0x1c CMakeFiles/newfolder.elf.dir/Drivers/STM32F1xx_HAL_Driver/Src/stm32f1xx_hal_uart.c.obj
 .text.UART_Transmit_IT
                0x080021c8       0x60 CMakeFiles/newfolder.elf.dir/Drivers/STM32F1xx_HAL_Driver/Src/stm32f1xx_hal_uart.c.obj
 .text.UART_SetConfig
                0x08002228       0x90 CMakeFiles/newfolder.elf.dir/Drivers/STM32F1xx_HAL_Driver/Src/stm32f1xx_hal_uart.c.obj
 .text.UART_WaitOnFlagUntilTimeout
                0x080022b8       0x68 CMakeFiles/newfolder.elf.dir/Drivers/STM32F1xx_HAL_Driver/Src/stm32f1xx_hal_uart.c.obj
 .text.HAL_UART_Init
                0x08002320       0x5e CMakeFiles/newfolder.elf.dir/Drivers/STM32F1xx_HAL_Driver/Src/stm32f1xx_hal_uart.c.obj
                0x08002320                HAL_UART_Init
 .text.HAL_UART_Transmit
                0x0800237e       0xd8 CMakeFiles/newfolder.elf.dir/Drivers/STM32F1xx_HAL_Driver/Src/stm32f1xx_hal_uart.c.obj
                0x0800237e                HAL_UART_Transmit
 .text.HAL_UART_Receive_IT
                0x08002456       0x5c CMakeFiles/newfolder.elf.dir/Drivers/STM32F1xx_HAL_Driver/Src/stm32f1xx_hal_uart.c.obj
                0x08002456                HAL_UART_Receive_IT
 .text.HAL_UART_TxCpltCallback
                0x080024b2        0x2 CMakeFiles/newfolder.elf.dir/Drivers/STM32F1xx_HAL_Driver/Src/stm32f1xx_hal_uart.c.obj
                0x080024b2                HAL_UART_TxCpltCallback
 .text.UART_EndTransmit_IT
                0x080024b4       0x1a CMakeFiles/newfolder.elf.dir/Drivers/STM32F1xx_HAL_Driver/Src/stm32f1xx_hal_uart.c.obj
 .text.UART_Receive_IT
                0x080024ce       0x94 CMakeFiles/newfolder.elf.dir/Drivers/STM32F1xx_HAL_Driver/Src/stm32f1xx_hal_uart.c.obj
 .text.HAL_UART_ErrorCallback
                0x08002562        0x2 CMakeFiles/newfolder.elf.dir/Drivers/STM32F1xx_HAL_Driver/Src/stm32f1xx_hal_uart.c.obj
                0x08002562                HAL_UART_ErrorCallback
 .text.HAL_UART_IRQHandler
                0x08002564      0x128 CMakeFiles/newfolder.elf.dir/Drivers/STM32F1xx_HAL_Driver/Src/stm32f1xx_hal_uart.c.obj
                0x08002564                HAL_UART_IRQHandler
 .text.UART_DMAAbortOnError
                0x0800268c       0x10 CMakeFiles/newfolder.elf.dir/Drivers/STM32F1xx_HAL_Driver/Src/stm32f1xx_hal_uart.c.obj
 .text.i2c_Delay
                0x0800269c       0x16 CMakeFiles/newfolder.elf.dir/Hardware/I2C1.c.obj
 *fill*         0x080026b2        0x2 
 .text.i2c_Start
                0x080026b4       0x24 CMakeFiles/newfolder.elf.dir/Hardware/I2C1.c.obj
                0x080026b4                i2c_Start
 .text.i2c_Stop
                0x080026d8       0x18 CMakeFiles/newfolder.elf.dir/Hardware/I2C1.c.obj
                0x080026d8                i2c_Stop
 .text.i2c_SendByte
                0x080026f0       0x4c CMakeFiles/newfolder.elf.dir/Hardware/I2C1.c.obj
                0x080026f0                i2c_SendByte
 .text.i2c_WaitAck
                0x0800273c       0x34 CMakeFiles/newfolder.elf.dir/Hardware/I2C1.c.obj
                0x0800273c                i2c_WaitAck
 .text.i2c_Ack  0x08002770       0x24 CMakeFiles/newfolder.elf.dir/Hardware/I2C1.c.obj
                0x08002770                i2c_Ack
 .text.i2c_NAck
                0x08002794       0x20 CMakeFiles/newfolder.elf.dir/Hardware/I2C1.c.obj
                0x08002794                i2c_NAck
 .text.i2c_ReadByte
                0x080027b4       0x4c CMakeFiles/newfolder.elf.dir/Hardware/I2C1.c.obj
                0x080027b4                i2c_ReadByte
 .text.i2c_GPIO_Config
                0x08002800       0x44 CMakeFiles/newfolder.elf.dir/Hardware/I2C1.c.obj
                0x08002800                i2c_GPIO_Config
 .text.Led_init
                0x08002844       0x48 CMakeFiles/newfolder.elf.dir/Hardware/Led.c.obj
                0x08002844                Led_init
 .text.MPU6050_WriteReg
                0x0800288c       0x2e CMakeFiles/newfolder.elf.dir/Hardware/mpu6050.c.obj
                0x0800288c                MPU6050_WriteReg
 .text.MPU6050_ReadData
                0x080028ba       0x54 CMakeFiles/newfolder.elf.dir/Hardware/mpu6050.c.obj
                0x080028ba                MPU6050_ReadData
 .text.MPU6050_Init
                0x0800290e       0x44 CMakeFiles/newfolder.elf.dir/Hardware/mpu6050.c.obj
                0x0800290e                MPU6050_Init
 .text.MPU6050ReadAcc
                0x08002952       0x3e CMakeFiles/newfolder.elf.dir/Hardware/mpu6050.c.obj
                0x08002952                MPU6050ReadAcc
 .text.MPU6050ReadGyro
                0x08002990       0x3e CMakeFiles/newfolder.elf.dir/Hardware/mpu6050.c.obj
                0x08002990                MPU6050ReadGyro
 .text.Kalman_getAngle
                0x080029ce      0x1be CMakeFiles/newfolder.elf.dir/Hardware/mpu6050.c.obj
                0x080029ce                Kalman_getAngle
 *fill*         0x08002b8c        0x4 
 .text.MPU6050_Read_All
                0x08002b90      0x240 CMakeFiles/newfolder.elf.dir/Hardware/mpu6050.c.obj
                0x08002b90                MPU6050_Read_All
 .text.print_usart1
                0x08002dd0       0x44 CMakeFiles/newfolder.elf.dir/Hardware/uart.c.obj
                0x08002dd0                print_usart1
 .text.USART1_Init
                0x08002e14       0xbc CMakeFiles/newfolder.elf.dir/Hardware/uart.c.obj
                0x08002e14                USART1_Init
 .text.HAL_UART_RxCpltCallback
                0x08002ed0       0x78 CMakeFiles/newfolder.elf.dir/Hardware/uart.c.obj
                0x08002ed0                HAL_UART_RxCpltCallback
 .text.Reset_Handler
                0x08002f48       0x48 CMakeFiles/newfolder.elf.dir/startup/startup_stm32f103xe.s.obj
                0x08002f48                Reset_Handler
 .text.Default_Handler
                0x08002f90        0x2 CMakeFiles/newfolder.elf.dir/startup/startup_stm32f103xe.s.obj
                0x08002f90                RTC_Alarm_IRQHandler
                0x08002f90                EXTI2_IRQHandler
                0x08002f90                TIM8_TRG_COM_IRQHandler
                0x08002f90                TIM8_CC_IRQHandler
                0x08002f90                TIM1_CC_IRQHandler
                0x08002f90                TIM6_IRQHandler
                0x08002f90                PVD_IRQHandler
                0x08002f90                SDIO_IRQHandler
                0x08002f90                EXTI3_IRQHandler
                0x08002f90                EXTI0_IRQHandler
                0x08002f90                I2C2_EV_IRQHandler
                0x08002f90                ADC1_2_IRQHandler
                0x08002f90                SPI1_IRQHandler
                0x08002f90                TAMPER_IRQHandler
                0x08002f90                TIM8_UP_IRQHandler
                0x08002f90                DMA2_Channel2_IRQHandler
                0x08002f90                USART3_IRQHandler
                0x08002f90                RTC_IRQHandler
                0x08002f90                DMA1_Channel7_IRQHandler
                0x08002f90                CAN1_RX1_IRQHandler
                0x08002f90                UART5_IRQHandler
                0x08002f90                ADC3_IRQHandler
                0x08002f90                TIM4_IRQHandler
                0x08002f90                DMA2_Channel1_IRQHandler
                0x08002f90                I2C1_EV_IRQHandler
                0x08002f90                DMA1_Channel6_IRQHandler
                0x08002f90                UART4_IRQHandler
                0x08002f90                TIM3_IRQHandler
                0x08002f90                RCC_IRQHandler
                0x08002f90                TIM1_TRG_COM_IRQHandler
                0x08002f90                DMA1_Channel1_IRQHandler
                0x08002f90                Default_Handler
                0x08002f90                TIM7_IRQHandler
                0x08002f90                TIM5_IRQHandler
                0x08002f90                EXTI9_5_IRQHandler
                0x08002f90                SPI2_IRQHandler
                0x08002f90                EXTI4_IRQHandler
                0x08002f90                USB_LP_CAN1_RX0_IRQHandler
                0x08002f90                USB_HP_CAN1_TX_IRQHandler
                0x08002f90                DMA1_Channel3_IRQHandler
                0x08002f90                FSMC_IRQHandler
                0x08002f90                TIM1_UP_IRQHandler
                0x08002f90                WWDG_IRQHandler
                0x08002f90                TIM1_BRK_IRQHandler
                0x08002f90                EXTI1_IRQHandler
                0x08002f90                DMA2_Channel4_5_IRQHandler
                0x08002f90                USART2_IRQHandler
                0x08002f90                I2C2_ER_IRQHandler
                0x08002f90                DMA1_Channel2_IRQHandler
                0x08002f90                TIM8_BRK_IRQHandler
                0x08002f90                CAN1_SCE_IRQHandler
                0x08002f90                FLASH_IRQHandler
                0x08002f90                SPI3_IRQHandler
                0x08002f90                I2C1_ER_IRQHandler
                0x08002f90                USBWakeUp_IRQHandler
                0x08002f90                DMA2_Channel3_IRQHandler
 *fill*         0x08002f92        0x2 
 .text.__errno  0x08002f94        0xc d:/gcc-arm-none-eabi/bin/../lib/gcc/arm-none-eabi/9.3.1/../../../../arm-none-eabi/lib/thumb/v7-m/nofp\libg.a(lib_a-errno.o)
                0x08002f94                __errno
 .text.__libc_init_array
                0x08002fa0       0x48 d:/gcc-arm-none-eabi/bin/../lib/gcc/arm-none-eabi/9.3.1/../../../../arm-none-eabi/lib/thumb/v7-m/nofp\libg.a(lib_a-init.o)
                0x08002fa0                __libc_init_array
 .text.memset   0x08002fe8       0xa0 d:/gcc-arm-none-eabi/bin/../lib/gcc/arm-none-eabi/9.3.1/../../../../arm-none-eabi/lib/thumb/v7-m/nofp\libg.a(lib_a-memset.o)
                0x08002fe8                memset
 .text.strlen   0x08003088       0x5c d:/gcc-arm-none-eabi/bin/../lib/gcc/arm-none-eabi/9.3.1/../../../../arm-none-eabi/lib/thumb/v7-m/nofp\libg.a(lib_a-strlen-stub.o)
                0x08003088                strlen
 .text._vsprintf_r
                0x080030e4       0x28 d:/gcc-arm-none-eabi/bin/../lib/gcc/arm-none-eabi/9.3.1/../../../../arm-none-eabi/lib/thumb/v7-m/nofp\libg.a(lib_a-vsprintf.o)
                0x080030e4                _vsprintf_r
 .text.vsprintf
                0x0800310c       0x18 d:/gcc-arm-none-eabi/bin/../lib/gcc/arm-none-eabi/9.3.1/../../../../arm-none-eabi/lib/thumb/v7-m/nofp\libg.a(lib_a-vsprintf.o)
                0x0800310c                vsprintf
 .text.startup.register_fini
                0x08003124       0x14 d:/gcc-arm-none-eabi/bin/../lib/gcc/arm-none-eabi/9.3.1/../../../../arm-none-eabi/lib/thumb/v7-m/nofp\libg.a(lib_a-__call_atexit.o)
 .text.atexit   0x08003138        0xc d:/gcc-arm-none-eabi/bin/../lib/gcc/arm-none-eabi/9.3.1/../../../../arm-none-eabi/lib/thumb/v7-m/nofp\libg.a(lib_a-atexit.o)
                0x08003138                atexit
 .text.__libc_fini_array
                0x08003144       0x2c d:/gcc-arm-none-eabi/bin/../lib/gcc/arm-none-eabi/9.3.1/../../../../arm-none-eabi/lib/thumb/v7-m/nofp\libg.a(lib_a-fini.o)
                0x08003144                __libc_fini_array
 .text.__retarget_lock_init_recursive
                0x08003170        0x4 d:/gcc-arm-none-eabi/bin/../lib/gcc/arm-none-eabi/9.3.1/../../../../arm-none-eabi/lib/thumb/v7-m/nofp\libg.a(lib_a-lock.o)
                0x08003170                __retarget_lock_init_recursive
 .text.__retarget_lock_close_recursive
                0x08003174        0x4 d:/gcc-arm-none-eabi/bin/../lib/gcc/arm-none-eabi/9.3.1/../../../../arm-none-eabi/lib/thumb/v7-m/nofp\libg.a(lib_a-lock.o)
                0x08003174                __retarget_lock_close_recursive
 .text.__retarget_lock_acquire_recursive
                0x08003178        0x4 d:/gcc-arm-none-eabi/bin/../lib/gcc/arm-none-eabi/9.3.1/../../../../arm-none-eabi/lib/thumb/v7-m/nofp\libg.a(lib_a-lock.o)
                0x08003178                __retarget_lock_acquire_recursive
 .text.__retarget_lock_release_recursive
                0x0800317c        0x4 d:/gcc-arm-none-eabi/bin/../lib/gcc/arm-none-eabi/9.3.1/../../../../arm-none-eabi/lib/thumb/v7-m/nofp\libg.a(lib_a-lock.o)
                0x0800317c                __retarget_lock_release_recursive
 .text._svfprintf_r
                0x08003180     0x1b50 d:/gcc-arm-none-eabi/bin/../lib/gcc/arm-none-eabi/9.3.1/../../../../arm-none-eabi/lib/thumb/v7-m/nofp\libg.a(lib_a-svfprintf.o)
                0x08003180                _svfprintf_r
 .text.__register_exitproc
                0x08004cd0       0x8c d:/gcc-arm-none-eabi/bin/../lib/gcc/arm-none-eabi/9.3.1/../../../../arm-none-eabi/lib/thumb/v7-m/nofp\libg.a(lib_a-__atexit.o)
                0x08004cd0                __register_exitproc
 .text.quorem   0x08004d5c      0x120 d:/gcc-arm-none-eabi/bin/../lib/gcc/arm-none-eabi/9.3.1/../../../../arm-none-eabi/lib/thumb/v7-m/nofp\libg.a(lib_a-dtoa.o)
 *fill*         0x08004e7c        0x4 
 .text._dtoa_r  0x08004e80      0xec8 d:/gcc-arm-none-eabi/bin/../lib/gcc/arm-none-eabi/9.3.1/../../../../arm-none-eabi/lib/thumb/v7-m/nofp\libg.a(lib_a-dtoa.o)
                0x08004e80                _dtoa_r
 .text._malloc_trim_r
                0x08005d48       0xa0 d:/gcc-arm-none-eabi/bin/../lib/gcc/arm-none-eabi/9.3.1/../../../../arm-none-eabi/lib/thumb/v7-m/nofp\libg.a(lib_a-freer.o)
                0x08005d48                _malloc_trim_r
 .text._free_r  0x08005de8      0x20c d:/gcc-arm-none-eabi/bin/../lib/gcc/arm-none-eabi/9.3.1/../../../../arm-none-eabi/lib/thumb/v7-m/nofp\libg.a(lib_a-freer.o)
                0x08005de8                _free_r
 .text._localeconv_r
                0x08005ff4        0x8 d:/gcc-arm-none-eabi/bin/../lib/gcc/arm-none-eabi/9.3.1/../../../../arm-none-eabi/lib/thumb/v7-m/nofp\libg.a(lib_a-localeconv.o)
                0x08005ff4                _localeconv_r
 .text._malloc_r
                0x08005ffc      0x55c d:/gcc-arm-none-eabi/bin/../lib/gcc/arm-none-eabi/9.3.1/../../../../arm-none-eabi/lib/thumb/v7-m/nofp\libg.a(lib_a-mallocr.o)
                0x08005ffc                _malloc_r
 .text.memchr   0x08006558       0x80 d:/gcc-arm-none-eabi/bin/../lib/gcc/arm-none-eabi/9.3.1/../../../../arm-none-eabi/lib/thumb/v7-m/nofp\libg.a(lib_a-memchr-stub.o)
                0x08006558                memchr
 .text.__malloc_lock
                0x080065d8        0xc d:/gcc-arm-none-eabi/bin/../lib/gcc/arm-none-eabi/9.3.1/../../../../arm-none-eabi/lib/thumb/v7-m/nofp\libg.a(lib_a-mlock.o)
                0x080065d8                __malloc_lock
 .text.__malloc_unlock
                0x080065e4        0xc d:/gcc-arm-none-eabi/bin/../lib/gcc/arm-none-eabi/9.3.1/../../../../arm-none-eabi/lib/thumb/v7-m/nofp\libg.a(lib_a-mlock.o)
                0x080065e4                __malloc_unlock
 .text._Balloc  0x080065f0       0x4c d:/gcc-arm-none-eabi/bin/../lib/gcc/arm-none-eabi/9.3.1/../../../../arm-none-eabi/lib/thumb/v7-m/nofp\libg.a(lib_a-mprec.o)
                0x080065f0                _Balloc
 .text._Bfree   0x0800663c       0x14 d:/gcc-arm-none-eabi/bin/../lib/gcc/arm-none-eabi/9.3.1/../../../../arm-none-eabi/lib/thumb/v7-m/nofp\libg.a(lib_a-mprec.o)
                0x0800663c                _Bfree
 .text.__multadd
                0x08006650       0x9c d:/gcc-arm-none-eabi/bin/../lib/gcc/arm-none-eabi/9.3.1/../../../../arm-none-eabi/lib/thumb/v7-m/nofp\libg.a(lib_a-mprec.o)
                0x08006650                __multadd
 .text.__hi0bits
                0x080066ec       0x40 d:/gcc-arm-none-eabi/bin/../lib/gcc/arm-none-eabi/9.3.1/../../../../arm-none-eabi/lib/thumb/v7-m/nofp\libg.a(lib_a-mprec.o)
                0x080066ec                __hi0bits
 .text.__lo0bits
                0x0800672c       0x60 d:/gcc-arm-none-eabi/bin/../lib/gcc/arm-none-eabi/9.3.1/../../../../arm-none-eabi/lib/thumb/v7-m/nofp\libg.a(lib_a-mprec.o)
                0x0800672c                __lo0bits
 .text.__i2b    0x0800678c       0x2c d:/gcc-arm-none-eabi/bin/../lib/gcc/arm-none-eabi/9.3.1/../../../../arm-none-eabi/lib/thumb/v7-m/nofp\libg.a(lib_a-mprec.o)
                0x0800678c                __i2b
 .text.__multiply
                0x080067b8      0x160 d:/gcc-arm-none-eabi/bin/../lib/gcc/arm-none-eabi/9.3.1/../../../../arm-none-eabi/lib/thumb/v7-m/nofp\libg.a(lib_a-mprec.o)
                0x080067b8                __multiply
 .text.__pow5mult
                0x08006918       0x98 d:/gcc-arm-none-eabi/bin/../lib/gcc/arm-none-eabi/9.3.1/../../../../arm-none-eabi/lib/thumb/v7-m/nofp\libg.a(lib_a-mprec.o)
                0x08006918                __pow5mult
 .text.__lshift
                0x080069b0       0xe8 d:/gcc-arm-none-eabi/bin/../lib/gcc/arm-none-eabi/9.3.1/../../../../arm-none-eabi/lib/thumb/v7-m/nofp\libg.a(lib_a-mprec.o)
                0x080069b0                __lshift
 .text.__mcmp   0x08006a98       0x3c d:/gcc-arm-none-eabi/bin/../lib/gcc/arm-none-eabi/9.3.1/../../../../arm-none-eabi/lib/thumb/v7-m/nofp\libg.a(lib_a-mprec.o)
                0x08006a98                __mcmp
 .text.__mdiff  0x08006ad4      0x150 d:/gcc-arm-none-eabi/bin/../lib/gcc/arm-none-eabi/9.3.1/../../../../arm-none-eabi/lib/thumb/v7-m/nofp\libg.a(lib_a-mprec.o)
                0x08006ad4                __mdiff
 .text.__d2b    0x08006c24       0xc4 d:/gcc-arm-none-eabi/bin/../lib/gcc/arm-none-eabi/9.3.1/../../../../arm-none-eabi/lib/thumb/v7-m/nofp\libg.a(lib_a-mprec.o)
                0x08006c24                __d2b
 .text.frexp    0x08006ce8       0x70 d:/gcc-arm-none-eabi/bin/../lib/gcc/arm-none-eabi/9.3.1/../../../../arm-none-eabi/lib/thumb/v7-m/nofp\libg.a(lib_a-s_frexp.o)
                0x08006ce8                frexp
 .text._sbrk_r  0x08006d58       0x24 d:/gcc-arm-none-eabi/bin/../lib/gcc/arm-none-eabi/9.3.1/../../../../arm-none-eabi/lib/thumb/v7-m/nofp\libg.a(lib_a-sbrkr.o)
                0x08006d58                _sbrk_r
 .text.strncpy  0x08006d7c       0x68 d:/gcc-arm-none-eabi/bin/../lib/gcc/arm-none-eabi/9.3.1/../../../../arm-none-eabi/lib/thumb/v7-m/nofp\libg.a(lib_a-strncpy.o)
                0x08006d7c                strncpy
 .text.__ssprint_r
                0x08006de4       0xf8 d:/gcc-arm-none-eabi/bin/../lib/gcc/arm-none-eabi/9.3.1/../../../../arm-none-eabi/lib/thumb/v7-m/nofp\libg.a(lib_a-svfiprintf.o)
                0x08006de4                __ssprint_r
 .text.__assert_func
                0x08006edc       0x3c d:/gcc-arm-none-eabi/bin/../lib/gcc/arm-none-eabi/9.3.1/../../../../arm-none-eabi/lib/thumb/v7-m/nofp\libg.a(lib_a-assert.o)
                0x08006edc                __assert_func
 .text._calloc_r
                0x08006f18       0x60 d:/gcc-arm-none-eabi/bin/../lib/gcc/arm-none-eabi/9.3.1/../../../../arm-none-eabi/lib/thumb/v7-m/nofp\libg.a(lib_a-callocr.o)
                0x08006f18                _calloc_r
 .text.fiprintf
                0x08006f78       0x28 d:/gcc-arm-none-eabi/bin/../lib/gcc/arm-none-eabi/9.3.1/../../../../arm-none-eabi/lib/thumb/v7-m/nofp\libg.a(lib_a-fiprintf.o)
                0x08006f78                fiprintf
 .text.__locale_mb_cur_max
                0x08006fa0        0xc d:/gcc-arm-none-eabi/bin/../lib/gcc/arm-none-eabi/9.3.1/../../../../arm-none-eabi/lib/thumb/v7-m/nofp\libg.a(lib_a-locale.o)
                0x08006fa0                __locale_mb_cur_max
 .text.__ascii_mbtowc
                0x08006fac       0x2c d:/gcc-arm-none-eabi/bin/../lib/gcc/arm-none-eabi/9.3.1/../../../../arm-none-eabi/lib/thumb/v7-m/nofp\libg.a(lib_a-mbtowc_r.o)
                0x08006fac                __ascii_mbtowc
 .text.memmove  0x08006fd8       0xd4 d:/gcc-arm-none-eabi/bin/../lib/gcc/arm-none-eabi/9.3.1/../../../../arm-none-eabi/lib/thumb/v7-m/nofp\libg.a(lib_a-memmove.o)
                0x08006fd8                memmove
 .text._realloc_r
                0x080070ac      0x3e0 d:/gcc-arm-none-eabi/bin/../lib/gcc/arm-none-eabi/9.3.1/../../../../arm-none-eabi/lib/thumb/v7-m/nofp\libg.a(lib_a-reallocr.o)
                0x080070ac                _realloc_r
 .text.__sprint_r.part.0
                0x0800748c       0x78 d:/gcc-arm-none-eabi/bin/../lib/gcc/arm-none-eabi/9.3.1/../../../../arm-none-eabi/lib/thumb/v7-m/nofp\libg.a(lib_a-vfiprintf.o)
 .text._vfiprintf_r
                0x08007504      0xd2c d:/gcc-arm-none-eabi/bin/../lib/gcc/arm-none-eabi/9.3.1/../../../../arm-none-eabi/lib/thumb/v7-m/nofp\libg.a(lib_a-vfiprintf.o)
                0x08007504                _vfiprintf_r
 .text.__sbprintf
                0x08008230       0x88 d:/gcc-arm-none-eabi/bin/../lib/gcc/arm-none-eabi/9.3.1/../../../../arm-none-eabi/lib/thumb/v7-m/nofp\libg.a(lib_a-vfiprintf.o)
 .text.__ascii_wctomb
                0x080082b8       0x1c d:/gcc-arm-none-eabi/bin/../lib/gcc/arm-none-eabi/9.3.1/../../../../arm-none-eabi/lib/thumb/v7-m/nofp\libg.a(lib_a-wctomb_r.o)
                0x080082b8                __ascii_wctomb
 .text.__swsetup_r
                0x080082d4       0xd0 d:/gcc-arm-none-eabi/bin/../lib/gcc/arm-none-eabi/9.3.1/../../../../arm-none-eabi/lib/thumb/v7-m/nofp\libg.a(lib_a-wsetup.o)
                0x080082d4                __swsetup_r
 .text.abort    0x080083a4       0x10 d:/gcc-arm-none-eabi/bin/../lib/gcc/arm-none-eabi/9.3.1/../../../../arm-none-eabi/lib/thumb/v7-m/nofp\libg.a(lib_a-abort.o)
                0x080083a4                abort
 .text.__sflush_r
                0x080083b4      0x130 d:/gcc-arm-none-eabi/bin/../lib/gcc/arm-none-eabi/9.3.1/../../../../arm-none-eabi/lib/thumb/v7-m/nofp\libg.a(lib_a-fflush.o)
                0x080083b4                __sflush_r
 .text._fflush_r
                0x080084e4       0x5c d:/gcc-arm-none-eabi/bin/../lib/gcc/arm-none-eabi/9.3.1/../../../../arm-none-eabi/lib/thumb/v7-m/nofp\libg.a(lib_a-fflush.o)
                0x080084e4                _fflush_r
 .text.std      0x08008540       0x50 d:/gcc-arm-none-eabi/bin/../lib/gcc/arm-none-eabi/9.3.1/../../../../arm-none-eabi/lib/thumb/v7-m/nofp\libg.a(lib_a-findfp.o)
 .text._cleanup_r
                0x08008590        0xc d:/gcc-arm-none-eabi/bin/../lib/gcc/arm-none-eabi/9.3.1/../../../../arm-none-eabi/lib/thumb/v7-m/nofp\libg.a(lib_a-findfp.o)
                0x08008590                _cleanup_r
 .text.__sinit  0x0800859c       0x5c d:/gcc-arm-none-eabi/bin/../lib/gcc/arm-none-eabi/9.3.1/../../../../arm-none-eabi/lib/thumb/v7-m/nofp\libg.a(lib_a-findfp.o)
                0x0800859c                __sinit
 .text.__sfp_lock_acquire
                0x080085f8        0xc d:/gcc-arm-none-eabi/bin/../lib/gcc/arm-none-eabi/9.3.1/../../../../arm-none-eabi/lib/thumb/v7-m/nofp\libg.a(lib_a-findfp.o)
                0x080085f8                __sfp_lock_acquire
 .text.__sfp_lock_release
                0x08008604        0xc d:/gcc-arm-none-eabi/bin/../lib/gcc/arm-none-eabi/9.3.1/../../../../arm-none-eabi/lib/thumb/v7-m/nofp\libg.a(lib_a-findfp.o)
                0x08008604                __sfp_lock_release
 .text.__fputwc
                0x08008610       0xa0 d:/gcc-arm-none-eabi/bin/../lib/gcc/arm-none-eabi/9.3.1/../../../../arm-none-eabi/lib/thumb/v7-m/nofp\libg.a(lib_a-fputwc.o)
                0x08008610                __fputwc
 .text._fputwc_r
                0x080086b0       0x68 d:/gcc-arm-none-eabi/bin/../lib/gcc/arm-none-eabi/9.3.1/../../../../arm-none-eabi/lib/thumb/v7-m/nofp\libg.a(lib_a-fputwc.o)
                0x080086b0                _fputwc_r
 .text.__sfvwrite_r
                0x08008718      0x2ec d:/gcc-arm-none-eabi/bin/../lib/gcc/arm-none-eabi/9.3.1/../../../../arm-none-eabi/lib/thumb/v7-m/nofp\libg.a(lib_a-fvwrite.o)
                0x08008718                __sfvwrite_r
 .text._fwalk_reent
                0x08008a04       0x48 d:/gcc-arm-none-eabi/bin/../lib/gcc/arm-none-eabi/9.3.1/../../../../arm-none-eabi/lib/thumb/v7-m/nofp\libg.a(lib_a-fwalk.o)
                0x08008a04                _fwalk_reent
 .text.__swhatbuf_r
                0x08008a4c       0x5c d:/gcc-arm-none-eabi/bin/../lib/gcc/arm-none-eabi/9.3.1/../../../../arm-none-eabi/lib/thumb/v7-m/nofp\libg.a(lib_a-makebuf.o)
                0x08008a4c                __swhatbuf_r
 .text.__smakebuf_r
                0x08008aa8       0x94 d:/gcc-arm-none-eabi/bin/../lib/gcc/arm-none-eabi/9.3.1/../../../../arm-none-eabi/lib/thumb/v7-m/nofp\libg.a(lib_a-makebuf.o)
                0x08008aa8                __smakebuf_r
 .text._raise_r
                0x08008b3c       0x58 d:/gcc-arm-none-eabi/bin/../lib/gcc/arm-none-eabi/9.3.1/../../../../arm-none-eabi/lib/thumb/v7-m/nofp\libg.a(lib_a-signal.o)
                0x08008b3c                _raise_r
 .text.raise    0x08008b94       0x10 d:/gcc-arm-none-eabi/bin/../lib/gcc/arm-none-eabi/9.3.1/../../../../arm-none-eabi/lib/thumb/v7-m/nofp\libg.a(lib_a-signal.o)
                0x08008b94                raise
 .text._kill_r  0x08008ba4       0x2c d:/gcc-arm-none-eabi/bin/../lib/gcc/arm-none-eabi/9.3.1/../../../../arm-none-eabi/lib/thumb/v7-m/nofp\libg.a(lib_a-signalr.o)
                0x08008ba4                _kill_r
 .text._getpid_r
                0x08008bd0        0x4 d:/gcc-arm-none-eabi/bin/../lib/gcc/arm-none-eabi/9.3.1/../../../../arm-none-eabi/lib/thumb/v7-m/nofp\libg.a(lib_a-signalr.o)
                0x08008bd0                _getpid_r
 .text.__sread  0x08008bd4       0x24 d:/gcc-arm-none-eabi/bin/../lib/gcc/arm-none-eabi/9.3.1/../../../../arm-none-eabi/lib/thumb/v7-m/nofp\libg.a(lib_a-stdio.o)
                0x08008bd4                __sread
 .text.__swrite
                0x08008bf8       0x40 d:/gcc-arm-none-eabi/bin/../lib/gcc/arm-none-eabi/9.3.1/../../../../arm-none-eabi/lib/thumb/v7-m/nofp\libg.a(lib_a-stdio.o)
                0x08008bf8                __swrite
 .text.__sseek  0x08008c38       0x20 d:/gcc-arm-none-eabi/bin/../lib/gcc/arm-none-eabi/9.3.1/../../../../arm-none-eabi/lib/thumb/v7-m/nofp\libg.a(lib_a-stdio.o)
                0x08008c38                __sseek
 .text.__sclose
                0x08008c58        0x8 d:/gcc-arm-none-eabi/bin/../lib/gcc/arm-none-eabi/9.3.1/../../../../arm-none-eabi/lib/thumb/v7-m/nofp\libg.a(lib_a-stdio.o)
                0x08008c58                __sclose
 .text.__swbuf_r
                0x08008c60       0xb0 d:/gcc-arm-none-eabi/bin/../lib/gcc/arm-none-eabi/9.3.1/../../../../arm-none-eabi/lib/thumb/v7-m/nofp\libg.a(lib_a-wbuf.o)
                0x08008c60                __swbuf_r
 .text._wcrtomb_r
                0x08008d10       0x3c d:/gcc-arm-none-eabi/bin/../lib/gcc/arm-none-eabi/9.3.1/../../../../arm-none-eabi/lib/thumb/v7-m/nofp\libg.a(lib_a-wcrtomb.o)
                0x08008d10                _wcrtomb_r
 .text._write_r
                0x08008d4c       0x2c d:/gcc-arm-none-eabi/bin/../lib/gcc/arm-none-eabi/9.3.1/../../../../arm-none-eabi/lib/thumb/v7-m/nofp\libg.a(lib_a-writer.o)
                0x08008d4c                _write_r
 .text._close_r
                0x08008d78       0x24 d:/gcc-arm-none-eabi/bin/../lib/gcc/arm-none-eabi/9.3.1/../../../../arm-none-eabi/lib/thumb/v7-m/nofp\libg.a(lib_a-closer.o)
                0x08008d78                _close_r
 .text._fclose_r
                0x08008d9c       0xcc d:/gcc-arm-none-eabi/bin/../lib/gcc/arm-none-eabi/9.3.1/../../../../arm-none-eabi/lib/thumb/v7-m/nofp\libg.a(lib_a-fclose.o)
                0x08008d9c                _fclose_r
 .text._fstat_r
                0x08008e68       0x2c d:/gcc-arm-none-eabi/bin/../lib/gcc/arm-none-eabi/9.3.1/../../../../arm-none-eabi/lib/thumb/v7-m/nofp\libg.a(lib_a-fstatr.o)
                0x08008e68                _fstat_r
 .text._isatty_r
                0x08008e94       0x24 d:/gcc-arm-none-eabi/bin/../lib/gcc/arm-none-eabi/9.3.1/../../../../arm-none-eabi/lib/thumb/v7-m/nofp\libg.a(lib_a-isattyr.o)
                0x08008e94                _isatty_r
 .text._lseek_r
                0x08008eb8       0x2c d:/gcc-arm-none-eabi/bin/../lib/gcc/arm-none-eabi/9.3.1/../../../../arm-none-eabi/lib/thumb/v7-m/nofp\libg.a(lib_a-lseekr.o)
                0x08008eb8                _lseek_r
 .text._read_r  0x08008ee4       0x2c d:/gcc-arm-none-eabi/bin/../lib/gcc/arm-none-eabi/9.3.1/../../../../arm-none-eabi/lib/thumb/v7-m/nofp\libg.a(lib_a-readr.o)
                0x08008ee4                _read_r
 .text.atan     0x08008f10      0x354 d:/gcc-arm-none-eabi/bin/../lib/gcc/arm-none-eabi/9.3.1/../../../../arm-none-eabi/lib/thumb/v7-m/nofp\libm.a(lib_a-s_atan.o)
                0x08008f10                atan
 .text.fabs     0x08009264        0x8 d:/gcc-arm-none-eabi/bin/../lib/gcc/arm-none-eabi/9.3.1/../../../../arm-none-eabi/lib/thumb/v7-m/nofp\libm.a(lib_a-s_fabs.o)
                0x08009264                fabs
 .text.atan2    0x0800926c        0x4 d:/gcc-arm-none-eabi/bin/../lib/gcc/arm-none-eabi/9.3.1/../../../../arm-none-eabi/lib/thumb/v7-m/nofp\libm.a(lib_a-w_atan2.o)
                0x0800926c                atan2
 .text.sqrt     0x08009270       0x5c d:/gcc-arm-none-eabi/bin/../lib/gcc/arm-none-eabi/9.3.1/../../../../arm-none-eabi/lib/thumb/v7-m/nofp\libm.a(lib_a-w_sqrt.o)
                0x08009270                sqrt
 *fill*         0x080092cc        0x4 
 .text.__ieee754_atan2
                0x080092d0      0x194 d:/gcc-arm-none-eabi/bin/../lib/gcc/arm-none-eabi/9.3.1/../../../../arm-none-eabi/lib/thumb/v7-m/nofp\libm.a(lib_a-e_atan2.o)
                0x080092d0                __ieee754_atan2
 .text.__ieee754_sqrt
                0x08009464      0x188 d:/gcc-arm-none-eabi/bin/../lib/gcc/arm-none-eabi/9.3.1/../../../../arm-none-eabi/lib/thumb/v7-m/nofp\libm.a(lib_a-e_sqrt.o)
                0x08009464                __ieee754_sqrt
 *(.glue_7)
 .glue_7        0x080095ec        0x0 linker stubs
 *(.glue_7t)
 .glue_7t       0x080095ec        0x0 linker stubs
 *(.eh_frame)
 .eh_frame      0x080095ec        0x0 d:/gcc-arm-none-eabi/bin/../lib/gcc/arm-none-eabi/9.3.1/thumb/v7-m/nofp/crtbegin.o
 *(.init)
 .init          0x080095ec        0x4 d:/gcc-arm-none-eabi/bin/../lib/gcc/arm-none-eabi/9.3.1/thumb/v7-m/nofp/crti.o
                0x080095ec                _init
 .init          0x080095f0        0x8 d:/gcc-arm-none-eabi/bin/../lib/gcc/arm-none-eabi/9.3.1/thumb/v7-m/nofp/crtn.o
 *(.fini)
 .fini          0x080095f8        0x4 d:/gcc-arm-none-eabi/bin/../lib/gcc/arm-none-eabi/9.3.1/thumb/v7-m/nofp/crti.o
                0x080095f8                _fini
 .fini          0x080095fc        0x8 d:/gcc-arm-none-eabi/bin/../lib/gcc/arm-none-eabi/9.3.1/thumb/v7-m/nofp/crtn.o
                0x08009604                . = ALIGN (0x4)
                0x08009604                _etext = .

.vfp11_veneer   0x08009604        0x0
 .vfp11_veneer  0x08009604        0x0 linker stubs

.v4_bx          0x08009604        0x0
 .v4_bx         0x08009604        0x0 linker stubs

.iplt           0x08009604        0x0
 .iplt          0x08009604        0x0 d:/gcc-arm-none-eabi/bin/../lib/gcc/arm-none-eabi/9.3.1/thumb/v7-m/nofp/crtbegin.o

.rodata         0x08009608      0x4a8
                0x08009608                . = ALIGN (0x4)
 *(.rodata)
 *(.rodata*)
 .rodata.main.str1.4
                0x08009608       0x13 CMakeFiles/newfolder.elf.dir/Core/Src/main.c.obj
 *fill*         0x0800961b        0x1 
 .rodata.AHBPrescTable
                0x0800961c       0x10 CMakeFiles/newfolder.elf.dir/Core/Src/system_stm32f1xx.c.obj
                0x0800961c                AHBPrescTable
 .rodata.APBPrescTable
                0x0800962c        0x8 CMakeFiles/newfolder.elf.dir/Core/Src/system_stm32f1xx.c.obj
                0x0800962c                APBPrescTable
 .rodata.HAL_RCC_GetSysClockFreq.str1.4
                0x08009634       0x11 CMakeFiles/newfolder.elf.dir/Drivers/STM32F1xx_HAL_Driver/Src/stm32f1xx_hal_rcc.c.obj
 *fill*         0x08009645        0x3 
 .rodata._global_impure_ptr
                0x08009648        0x4 d:/gcc-arm-none-eabi/bin/../lib/gcc/arm-none-eabi/9.3.1/../../../../arm-none-eabi/lib/thumb/v7-m/nofp\libg.a(lib_a-impure.o)
                0x08009648                _global_impure_ptr
 .rodata._svfprintf_r.str1.4
                0x0800964c       0x42 d:/gcc-arm-none-eabi/bin/../lib/gcc/arm-none-eabi/9.3.1/../../../../arm-none-eabi/lib/thumb/v7-m/nofp\libg.a(lib_a-svfprintf.o)
 *fill*         0x0800968e        0x2 
 .rodata.blanks.7335
                0x08009690       0x10 d:/gcc-arm-none-eabi/bin/../lib/gcc/arm-none-eabi/9.3.1/../../../../arm-none-eabi/lib/thumb/v7-m/nofp\libg.a(lib_a-svfprintf.o)
 .rodata.zeroes.7336
                0x080096a0       0x10 d:/gcc-arm-none-eabi/bin/../lib/gcc/arm-none-eabi/9.3.1/../../../../arm-none-eabi/lib/thumb/v7-m/nofp\libg.a(lib_a-svfprintf.o)
 .rodata._dtoa_r.str1.4
                0x080096b0       0xa0 d:/gcc-arm-none-eabi/bin/../lib/gcc/arm-none-eabi/9.3.1/../../../../arm-none-eabi/lib/thumb/v7-m/nofp\libg.a(lib_a-dtoa.o)
                                 0xa4 (size before relaxing)
 .rodata.__multadd.str1.4
                0x08009750       0x7d d:/gcc-arm-none-eabi/bin/../lib/gcc/arm-none-eabi/9.3.1/../../../../arm-none-eabi/lib/thumb/v7-m/nofp\libg.a(lib_a-mprec.o)
                                 0x91 (size before relaxing)
 *fill*         0x080097cd        0x3 
 .rodata.__mprec_bigtens
                0x080097d0       0x28 d:/gcc-arm-none-eabi/bin/../lib/gcc/arm-none-eabi/9.3.1/../../../../arm-none-eabi/lib/thumb/v7-m/nofp\libg.a(lib_a-mprec.o)
                0x080097d0                __mprec_bigtens
 .rodata.__mprec_tens
                0x080097f8       0xc8 d:/gcc-arm-none-eabi/bin/../lib/gcc/arm-none-eabi/9.3.1/../../../../arm-none-eabi/lib/thumb/v7-m/nofp\libg.a(lib_a-mprec.o)
                0x080097f8                __mprec_tens
 .rodata.p05.6122
                0x080098c0        0xc d:/gcc-arm-none-eabi/bin/../lib/gcc/arm-none-eabi/9.3.1/../../../../arm-none-eabi/lib/thumb/v7-m/nofp\libg.a(lib_a-mprec.o)
 .rodata.__assert_func.str1.4
                0x080098cc       0x3f d:/gcc-arm-none-eabi/bin/../lib/gcc/arm-none-eabi/9.3.1/../../../../arm-none-eabi/lib/thumb/v7-m/nofp\libg.a(lib_a-assert.o)
                                 0x43 (size before relaxing)
 *fill*         0x0800990b        0x1 
 .rodata._setlocale_r.str1.4
                0x0800990c        0xa d:/gcc-arm-none-eabi/bin/../lib/gcc/arm-none-eabi/9.3.1/../../../../arm-none-eabi/lib/thumb/v7-m/nofp\libg.a(lib_a-locale.o)
                                  0xd (size before relaxing)
 *fill*         0x08009916        0x2 
 .rodata.str1.4
                0x08009918        0x2 d:/gcc-arm-none-eabi/bin/../lib/gcc/arm-none-eabi/9.3.1/../../../../arm-none-eabi/lib/thumb/v7-m/nofp\libg.a(lib_a-locale.o)
 .rodata._vfiprintf_r.str1.4
                0x0800991a       0x2f d:/gcc-arm-none-eabi/bin/../lib/gcc/arm-none-eabi/9.3.1/../../../../arm-none-eabi/lib/thumb/v7-m/nofp\libg.a(lib_a-vfiprintf.o)
 *fill*         0x0800991a        0x2 
 .rodata.blanks.7328
                0x0800991c       0x10 d:/gcc-arm-none-eabi/bin/../lib/gcc/arm-none-eabi/9.3.1/../../../../arm-none-eabi/lib/thumb/v7-m/nofp\libg.a(lib_a-vfiprintf.o)
 .rodata.zeroes.7329
                0x0800992c       0x10 d:/gcc-arm-none-eabi/bin/../lib/gcc/arm-none-eabi/9.3.1/../../../../arm-none-eabi/lib/thumb/v7-m/nofp\libg.a(lib_a-vfiprintf.o)
 .rodata._ctype_
                0x0800993c      0x101 d:/gcc-arm-none-eabi/bin/../lib/gcc/arm-none-eabi/9.3.1/../../../../arm-none-eabi/lib/thumb/v7-m/nofp\libg.a(lib_a-ctype_.o)
                0x0800993c                _ctype_
 *fill*         0x08009a3d        0x3 
 .rodata.atanhi
                0x08009a40       0x20 d:/gcc-arm-none-eabi/bin/../lib/gcc/arm-none-eabi/9.3.1/../../../../arm-none-eabi/lib/thumb/v7-m/nofp\libm.a(lib_a-s_atan.o)
 .rodata.atanlo
                0x08009a60       0x20 d:/gcc-arm-none-eabi/bin/../lib/gcc/arm-none-eabi/9.3.1/../../../../arm-none-eabi/lib/thumb/v7-m/nofp\libm.a(lib_a-s_atan.o)
 .rodata.CSWTCH.8
                0x08009a80       0x18 d:/gcc-arm-none-eabi/bin/../lib/gcc/arm-none-eabi/9.3.1/../../../../arm-none-eabi/lib/thumb/v7-m/nofp\libm.a(lib_a-e_atan2.o)
 .rodata.CSWTCH.9
                0x08009a98       0x18 d:/gcc-arm-none-eabi/bin/../lib/gcc/arm-none-eabi/9.3.1/../../../../arm-none-eabi/lib/thumb/v7-m/nofp\libm.a(lib_a-e_atan2.o)
                0x08009ab0                . = ALIGN (0x4)

.ARM.extab
 *(.ARM.extab* .gnu.linkonce.armextab.*)

.ARM            0x08009ab0        0x8
                0x08009ab0                __exidx_start = .
 *(.ARM.exidx*)
 .ARM.exidx     0x08009ab0        0x8 d:/gcc-arm-none-eabi/bin/../lib/gcc/arm-none-eabi/9.3.1/thumb/v7-m/nofp\libgcc.a(_udivmoddi4.o)
                0x08009ab8                __exidx_end = .

.rel.dyn        0x08009ab8        0x0
 .rel.iplt      0x08009ab8        0x0 d:/gcc-arm-none-eabi/bin/../lib/gcc/arm-none-eabi/9.3.1/thumb/v7-m/nofp/crtbegin.o

.preinit_array  0x08009ab8        0x0
                0x08009ab8                PROVIDE (__preinit_array_start = .)
 *(.preinit_array*)
                0x08009ab8                PROVIDE (__preinit_array_end = .)

.init_array     0x08009ab8        0x8
                0x08009ab8                PROVIDE (__init_array_start = .)
 *(SORT_BY_NAME(.init_array.*))
 .init_array.00000
                0x08009ab8        0x4 d:/gcc-arm-none-eabi/bin/../lib/gcc/arm-none-eabi/9.3.1/../../../../arm-none-eabi/lib/thumb/v7-m/nofp\libg.a(lib_a-__call_atexit.o)
 *(.init_array*)
 .init_array    0x08009abc        0x4 d:/gcc-arm-none-eabi/bin/../lib/gcc/arm-none-eabi/9.3.1/thumb/v7-m/nofp/crtbegin.o
                0x08009ac0                PROVIDE (__init_array_end = .)

.fini_array     0x08009ac0        0x4
                0x08009ac0                PROVIDE (__fini_array_start = .)
 *(SORT_BY_NAME(.fini_array.*))
 *(.fini_array*)
 .fini_array    0x08009ac0        0x4 d:/gcc-arm-none-eabi/bin/../lib/gcc/arm-none-eabi/9.3.1/thumb/v7-m/nofp/crtbegin.o
                0x08009ac4                PROVIDE (__fini_array_end = .)
                0x08009ac4                _sidata = LOADADDR (.data)

.data           0x20000000      0xa54 load address 0x08009ac4
                0x20000000                . = ALIGN (0x4)
                0x20000000                _sdata = .
 *(.data)
 *(.data*)
 .data.SystemCoreClock
                0x20000000        0x4 CMakeFiles/newfolder.elf.dir/Core/Src/system_stm32f1xx.c.obj
                0x20000000                SystemCoreClock
 .data.uwTickFreq
                0x20000004        0x1 CMakeFiles/newfolder.elf.dir/Drivers/STM32F1xx_HAL_Driver/Src/stm32f1xx_hal.c.obj
                0x20000004                uwTickFreq
 *fill*         0x20000005        0x3 
 .data.uwTickPrio
                0x20000008        0x4 CMakeFiles/newfolder.elf.dir/Drivers/STM32F1xx_HAL_Driver/Src/stm32f1xx_hal.c.obj
                0x20000008                uwTickPrio
 *fill*         0x2000000c        0x4 
 .data.KalmanX  0x20000010       0x48 CMakeFiles/newfolder.elf.dir/Hardware/mpu6050.c.obj
                0x20000010                KalmanX
 .data.KalmanY  0x20000058       0x48 CMakeFiles/newfolder.elf.dir/Hardware/mpu6050.c.obj
                0x20000058                KalmanY
 .data._impure_ptr
                0x200000a0        0x4 d:/gcc-arm-none-eabi/bin/../lib/gcc/arm-none-eabi/9.3.1/../../../../arm-none-eabi/lib/thumb/v7-m/nofp\libg.a(lib_a-impure.o)
                0x200000a0                _impure_ptr
 *fill*         0x200000a4        0x4 
 .data.impure_data
                0x200000a8      0x428 d:/gcc-arm-none-eabi/bin/../lib/gcc/arm-none-eabi/9.3.1/../../../../arm-none-eabi/lib/thumb/v7-m/nofp\libg.a(lib_a-impure.o)
 .data.__atexit_recursive_mutex
                0x200004d0        0x4 d:/gcc-arm-none-eabi/bin/../lib/gcc/arm-none-eabi/9.3.1/../../../../arm-none-eabi/lib/thumb/v7-m/nofp\libg.a(lib_a-__call_atexit.o)
                0x200004d0                __atexit_recursive_mutex
 .data.__malloc_av_
                0x200004d4      0x408 d:/gcc-arm-none-eabi/bin/../lib/gcc/arm-none-eabi/9.3.1/../../../../arm-none-eabi/lib/thumb/v7-m/nofp\libg.a(lib_a-mallocr.o)
                0x200004d4                __malloc_av_
 .data.__malloc_sbrk_base
                0x200008dc        0x4 d:/gcc-arm-none-eabi/bin/../lib/gcc/arm-none-eabi/9.3.1/../../../../arm-none-eabi/lib/thumb/v7-m/nofp\libg.a(lib_a-mallocr.o)
                0x200008dc                __malloc_sbrk_base
 .data.__malloc_trim_threshold
                0x200008e0        0x4 d:/gcc-arm-none-eabi/bin/../lib/gcc/arm-none-eabi/9.3.1/../../../../arm-none-eabi/lib/thumb/v7-m/nofp\libg.a(lib_a-mallocr.o)
                0x200008e0                __malloc_trim_threshold
 .data.__global_locale
                0x200008e4      0x16c d:/gcc-arm-none-eabi/bin/../lib/gcc/arm-none-eabi/9.3.1/../../../../arm-none-eabi/lib/thumb/v7-m/nofp\libg.a(lib_a-locale.o)
                0x200008e4                __global_locale
 .data.__fdlib_version
                0x20000a50        0x1 d:/gcc-arm-none-eabi/bin/../lib/gcc/arm-none-eabi/9.3.1/../../../../arm-none-eabi/lib/thumb/v7-m/nofp\libm.a(lib_a-s_lib_ver.o)
                0x20000a50                __fdlib_version
                0x20000a54                . = ALIGN (0x4)
 *fill*         0x20000a51        0x3 
                0x20000a54                _edata = .

.igot.plt       0x20000a54        0x0 load address 0x0800a518
 .igot.plt      0x20000a54        0x0 d:/gcc-arm-none-eabi/bin/../lib/gcc/arm-none-eabi/9.3.1/thumb/v7-m/nofp/crtbegin.o
                0x20000a54                . = ALIGN (0x4)

.bss            0x20000a58      0x274 load address 0x0800a518
                0x20000a58                _sbss = .
                0x20000a58                __bss_start__ = _sbss
 *(.bss)
 .bss           0x20000a58       0x1c d:/gcc-arm-none-eabi/bin/../lib/gcc/arm-none-eabi/9.3.1/thumb/v7-m/nofp/crtbegin.o
 *(.bss*)
 *fill*         0x20000a74        0x4 
 .bss.DataStruct
                0x20000a78       0x58 CMakeFiles/newfolder.elf.dir/Core/Src/main.c.obj
                0x20000a78                DataStruct
 .bss.heap_end.6022
                0x20000ad0        0x4 CMakeFiles/newfolder.elf.dir/Core/Src/syscalls.c.obj
 .bss.uwTick    0x20000ad4        0x4 CMakeFiles/newfolder.elf.dir/Drivers/STM32F1xx_HAL_Driver/Src/stm32f1xx_hal.c.obj
                0x20000ad4                uwTick
 .bss.UART1_Handler
                0x20000ad8       0x40 CMakeFiles/newfolder.elf.dir/Hardware/uart.c.obj
                0x20000ad8                UART1_Handler
 .bss.UART_RX_STA
                0x20000b18        0x2 CMakeFiles/newfolder.elf.dir/Hardware/uart.c.obj
                0x20000b18                UART_RX_STA
 *fill*         0x20000b1a        0x2 
 .bss.USART_RX_BUF
                0x20000b1c       0xc8 CMakeFiles/newfolder.elf.dir/Hardware/uart.c.obj
                0x20000b1c                USART_RX_BUF
 .bss.aRxBuffer
                0x20000be4        0x1 CMakeFiles/newfolder.elf.dir/Hardware/uart.c.obj
                0x20000be4                aRxBuffer
 *fill*         0x20000be5        0x3 
 .bss.hdma_usart1_rx
                0x20000be8       0x44 CMakeFiles/newfolder.elf.dir/Hardware/uart.c.obj
                0x20000be8                hdma_usart1_rx
 .bss.hdma_usart1_tx
                0x20000c2c       0x44 CMakeFiles/newfolder.elf.dir/Hardware/uart.c.obj
                0x20000c2c                hdma_usart1_tx
 .bss.__malloc_current_mallinfo
                0x20000c70       0x28 d:/gcc-arm-none-eabi/bin/../lib/gcc/arm-none-eabi/9.3.1/../../../../arm-none-eabi/lib/thumb/v7-m/nofp\libg.a(lib_a-mallocr.o)
                0x20000c70                __malloc_current_mallinfo
 .bss.__malloc_max_sbrked_mem
                0x20000c98        0x4 d:/gcc-arm-none-eabi/bin/../lib/gcc/arm-none-eabi/9.3.1/../../../../arm-none-eabi/lib/thumb/v7-m/nofp\libg.a(lib_a-mallocr.o)
                0x20000c98                __malloc_max_sbrked_mem
 .bss.__malloc_max_total_mem
                0x20000c9c        0x4 d:/gcc-arm-none-eabi/bin/../lib/gcc/arm-none-eabi/9.3.1/../../../../arm-none-eabi/lib/thumb/v7-m/nofp\libg.a(lib_a-mallocr.o)
                0x20000c9c                __malloc_max_total_mem
 .bss.__malloc_top_pad
                0x20000ca0        0x4 d:/gcc-arm-none-eabi/bin/../lib/gcc/arm-none-eabi/9.3.1/../../../../arm-none-eabi/lib/thumb/v7-m/nofp\libg.a(lib_a-mallocr.o)
                0x20000ca0                __malloc_top_pad
 *(COMMON)
 COMMON         0x20000ca4       0x21 d:/gcc-arm-none-eabi/bin/../lib/gcc/arm-none-eabi/9.3.1/../../../../arm-none-eabi/lib/thumb/v7-m/nofp\libg.a(lib_a-lock.o)
                0x20000ca4                __lock___atexit_recursive_mutex
                0x20000ca8                __lock___arc4random_mutex
                0x20000cac                __lock___env_recursive_mutex
                0x20000cb0                __lock___sinit_recursive_mutex
                0x20000cb4                __lock___malloc_recursive_mutex
                0x20000cb8                __lock___at_quick_exit_mutex
                0x20000cbc                __lock___dd_hash_mutex
                0x20000cc0                __lock___tz_mutex
                0x20000cc4                __lock___sfp_recursive_mutex
 *fill*         0x20000cc5        0x3 
 COMMON         0x20000cc8        0x4 d:/gcc-arm-none-eabi/bin/../lib/gcc/arm-none-eabi/9.3.1/../../../../arm-none-eabi/lib/thumb/v7-m/nofp\libg.a(lib_a-reent.o)
                0x20000cc8                errno
                0x20000ccc                . = ALIGN (0x4)
                0x20000ccc                _ebss = .
                0x20000ccc                __bss_end__ = _ebss

._user_heap_stack
                0x20000ccc      0xc04 load address 0x0800a518
                0x20000cd0                . = ALIGN (0x8)
 *fill*         0x20000ccc        0x4 
                0x20000cd0                PROVIDE (end = .)
                [!provide]                PROVIDE (_end = .)
                0x200010d0                . = (. + _Min_Heap_Size)
 *fill*         0x20000cd0      0x400 
                0x200018d0                . = (. + _Min_Stack_Size)
 *fill*         0x200010d0      0x800 
                0x200018d0                . = ALIGN (0x8)

/DISCARD/
 libc.a(*)
 libm.a(*)
 libgcc.a(*)

.ARM.attributes
                0x00000000       0x29
 *(.ARM.attributes)
 .ARM.attributes
                0x00000000       0x1d d:/gcc-arm-none-eabi/bin/../lib/gcc/arm-none-eabi/9.3.1/thumb/v7-m/nofp/crti.o
 .ARM.attributes
                0x0000001d       0x2d d:/gcc-arm-none-eabi/bin/../lib/gcc/arm-none-eabi/9.3.1/thumb/v7-m/nofp/crtbegin.o
 .ARM.attributes
                0x0000004a       0x2d CMakeFiles/newfolder.elf.dir/Core/Src/main.c.obj
 .ARM.attributes
                0x00000077       0x2d CMakeFiles/newfolder.elf.dir/Core/Src/stm32f1xx_hal_msp.c.obj
 .ARM.attributes
                0x000000a4       0x2d CMakeFiles/newfolder.elf.dir/Core/Src/stm32f1xx_it.c.obj
 .ARM.attributes
                0x000000d1       0x2d CMakeFiles/newfolder.elf.dir/Core/Src/syscalls.c.obj
 .ARM.attributes
                0x000000fe       0x2d CMakeFiles/newfolder.elf.dir/Core/Src/system_stm32f1xx.c.obj
 .ARM.attributes
                0x0000012b       0x2d CMakeFiles/newfolder.elf.dir/Drivers/STM32F1xx_HAL_Driver/Src/stm32f1xx_hal.c.obj
 .ARM.attributes
                0x00000158       0x2d CMakeFiles/newfolder.elf.dir/Drivers/STM32F1xx_HAL_Driver/Src/stm32f1xx_hal_cortex.c.obj
 .ARM.attributes
                0x00000185       0x2d CMakeFiles/newfolder.elf.dir/Drivers/STM32F1xx_HAL_Driver/Src/stm32f1xx_hal_dma.c.obj
 .ARM.attributes
                0x000001b2       0x2d CMakeFiles/newfolder.elf.dir/Drivers/STM32F1xx_HAL_Driver/Src/stm32f1xx_hal_gpio.c.obj
 .ARM.attributes
                0x000001df       0x2d CMakeFiles/newfolder.elf.dir/Drivers/STM32F1xx_HAL_Driver/Src/stm32f1xx_hal_rcc.c.obj
 .ARM.attributes
                0x0000020c       0x2d CMakeFiles/newfolder.elf.dir/Drivers/STM32F1xx_HAL_Driver/Src/stm32f1xx_hal_rcc_ex.c.obj
 .ARM.attributes
                0x00000239       0x2d CMakeFiles/newfolder.elf.dir/Drivers/STM32F1xx_HAL_Driver/Src/stm32f1xx_hal_uart.c.obj
 .ARM.attributes
                0x00000266       0x2d CMakeFiles/newfolder.elf.dir/Hardware/I2C1.c.obj
 .ARM.attributes
                0x00000293       0x2d CMakeFiles/newfolder.elf.dir/Hardware/Led.c.obj
 .ARM.attributes
                0x000002c0       0x2d CMakeFiles/newfolder.elf.dir/Hardware/mpu6050.c.obj
 .ARM.attributes
                0x000002ed       0x2d CMakeFiles/newfolder.elf.dir/Hardware/uart.c.obj
 .ARM.attributes
                0x0000031a       0x21 CMakeFiles/newfolder.elf.dir/startup/startup_stm32f103xe.s.obj
 .ARM.attributes
                0x0000033b       0x1d d:/gcc-arm-none-eabi/bin/../lib/gcc/arm-none-eabi/9.3.1/thumb/v7-m/nofp\libgcc.a(_arm_addsubdf3.o)
 .ARM.attributes
                0x00000358       0x1d d:/gcc-arm-none-eabi/bin/../lib/gcc/arm-none-eabi/9.3.1/thumb/v7-m/nofp\libgcc.a(_arm_muldivdf3.o)
 .ARM.attributes
                0x00000375       0x1d d:/gcc-arm-none-eabi/bin/../lib/gcc/arm-none-eabi/9.3.1/thumb/v7-m/nofp\libgcc.a(_arm_cmpdf2.o)
 .ARM.attributes
                0x00000392       0x1d d:/gcc-arm-none-eabi/bin/../lib/gcc/arm-none-eabi/9.3.1/thumb/v7-m/nofp\libgcc.a(_arm_fixdfsi.o)
 .ARM.attributes
                0x000003af       0x2d d:/gcc-arm-none-eabi/bin/../lib/gcc/arm-none-eabi/9.3.1/../../../../arm-none-eabi/lib/thumb/v7-m/nofp\libg.a(lib_a-errno.o)
 .ARM.attributes
                0x000003dc       0x2d d:/gcc-arm-none-eabi/bin/../lib/gcc/arm-none-eabi/9.3.1/../../../../arm-none-eabi/lib/thumb/v7-m/nofp\libg.a(lib_a-impure.o)
 .ARM.attributes
                0x00000409       0x2d d:/gcc-arm-none-eabi/bin/../lib/gcc/arm-none-eabi/9.3.1/../../../../arm-none-eabi/lib/thumb/v7-m/nofp\libg.a(lib_a-init.o)
 .ARM.attributes
                0x00000436       0x2d d:/gcc-arm-none-eabi/bin/../lib/gcc/arm-none-eabi/9.3.1/../../../../arm-none-eabi/lib/thumb/v7-m/nofp\libg.a(lib_a-memset.o)
 .ARM.attributes
                0x00000463       0x2d d:/gcc-arm-none-eabi/bin/../lib/gcc/arm-none-eabi/9.3.1/../../../../arm-none-eabi/lib/thumb/v7-m/nofp\libg.a(lib_a-strlen-stub.o)
 .ARM.attributes
                0x00000490       0x2d d:/gcc-arm-none-eabi/bin/../lib/gcc/arm-none-eabi/9.3.1/../../../../arm-none-eabi/lib/thumb/v7-m/nofp\libg.a(lib_a-vsprintf.o)
 .ARM.attributes
                0x000004bd       0x2d d:/gcc-arm-none-eabi/bin/../lib/gcc/arm-none-eabi/9.3.1/../../../../arm-none-eabi/lib/thumb/v7-m/nofp\libg.a(lib_a-__call_atexit.o)
 .ARM.attributes
                0x000004ea       0x2d d:/gcc-arm-none-eabi/bin/../lib/gcc/arm-none-eabi/9.3.1/../../../../arm-none-eabi/lib/thumb/v7-m/nofp\libg.a(lib_a-atexit.o)
 .ARM.attributes
                0x00000517       0x2d d:/gcc-arm-none-eabi/bin/../lib/gcc/arm-none-eabi/9.3.1/../../../../arm-none-eabi/lib/thumb/v7-m/nofp\libg.a(lib_a-fini.o)
 .ARM.attributes
                0x00000544       0x2d d:/gcc-arm-none-eabi/bin/../lib/gcc/arm-none-eabi/9.3.1/../../../../arm-none-eabi/lib/thumb/v7-m/nofp\libg.a(lib_a-lock.o)
 .ARM.attributes
                0x00000571       0x2d d:/gcc-arm-none-eabi/bin/../lib/gcc/arm-none-eabi/9.3.1/../../../../arm-none-eabi/lib/thumb/v7-m/nofp\libg.a(lib_a-svfprintf.o)
 .ARM.attributes
                0x0000059e       0x2d d:/gcc-arm-none-eabi/bin/../lib/gcc/arm-none-eabi/9.3.1/../../../../arm-none-eabi/lib/thumb/v7-m/nofp\libg.a(lib_a-__atexit.o)
 .ARM.attributes
                0x000005cb       0x2d d:/gcc-arm-none-eabi/bin/../lib/gcc/arm-none-eabi/9.3.1/../../../../arm-none-eabi/lib/thumb/v7-m/nofp\libg.a(lib_a-dtoa.o)
 .ARM.attributes
                0x000005f8       0x2d d:/gcc-arm-none-eabi/bin/../lib/gcc/arm-none-eabi/9.3.1/../../../../arm-none-eabi/lib/thumb/v7-m/nofp\libg.a(lib_a-freer.o)
 .ARM.attributes
                0x00000625       0x2d d:/gcc-arm-none-eabi/bin/../lib/gcc/arm-none-eabi/9.3.1/../../../../arm-none-eabi/lib/thumb/v7-m/nofp\libg.a(lib_a-localeconv.o)
 .ARM.attributes
                0x00000652       0x2d d:/gcc-arm-none-eabi/bin/../lib/gcc/arm-none-eabi/9.3.1/../../../../arm-none-eabi/lib/thumb/v7-m/nofp\libg.a(lib_a-mallocr.o)
 .ARM.attributes
                0x0000067f       0x2d d:/gcc-arm-none-eabi/bin/../lib/gcc/arm-none-eabi/9.3.1/../../../../arm-none-eabi/lib/thumb/v7-m/nofp\libg.a(lib_a-memchr-stub.o)
 .ARM.attributes
                0x000006ac       0x1b d:/gcc-arm-none-eabi/bin/../lib/gcc/arm-none-eabi/9.3.1/../../../../arm-none-eabi/lib/thumb/v7-m/nofp\libg.a(lib_a-memcpy.o)
 .ARM.attributes
                0x000006c7       0x2d d:/gcc-arm-none-eabi/bin/../lib/gcc/arm-none-eabi/9.3.1/../../../../arm-none-eabi/lib/thumb/v7-m/nofp\libg.a(lib_a-mlock.o)
 .ARM.attributes
                0x000006f4       0x2d d:/gcc-arm-none-eabi/bin/../lib/gcc/arm-none-eabi/9.3.1/../../../../arm-none-eabi/lib/thumb/v7-m/nofp\libg.a(lib_a-mprec.o)
 .ARM.attributes
                0x00000721       0x2d d:/gcc-arm-none-eabi/bin/../lib/gcc/arm-none-eabi/9.3.1/../../../../arm-none-eabi/lib/thumb/v7-m/nofp\libg.a(lib_a-s_frexp.o)
 .ARM.attributes
                0x0000074e       0x2d d:/gcc-arm-none-eabi/bin/../lib/gcc/arm-none-eabi/9.3.1/../../../../arm-none-eabi/lib/thumb/v7-m/nofp\libg.a(lib_a-sbrkr.o)
 .ARM.attributes
                0x0000077b       0x2d d:/gcc-arm-none-eabi/bin/../lib/gcc/arm-none-eabi/9.3.1/../../../../arm-none-eabi/lib/thumb/v7-m/nofp\libg.a(lib_a-strncpy.o)
 .ARM.attributes
                0x000007a8       0x2d d:/gcc-arm-none-eabi/bin/../lib/gcc/arm-none-eabi/9.3.1/../../../../arm-none-eabi/lib/thumb/v7-m/nofp\libg.a(lib_a-svfiprintf.o)
 .ARM.attributes
                0x000007d5       0x2d d:/gcc-arm-none-eabi/bin/../lib/gcc/arm-none-eabi/9.3.1/../../../../arm-none-eabi/lib/thumb/v7-m/nofp\libg.a(lib_a-assert.o)
 .ARM.attributes
                0x00000802       0x2d d:/gcc-arm-none-eabi/bin/../lib/gcc/arm-none-eabi/9.3.1/../../../../arm-none-eabi/lib/thumb/v7-m/nofp\libg.a(lib_a-callocr.o)
 .ARM.attributes
                0x0000082f       0x2d d:/gcc-arm-none-eabi/bin/../lib/gcc/arm-none-eabi/9.3.1/../../../../arm-none-eabi/lib/thumb/v7-m/nofp\libg.a(lib_a-fiprintf.o)
 .ARM.attributes
                0x0000085c       0x2d d:/gcc-arm-none-eabi/bin/../lib/gcc/arm-none-eabi/9.3.1/../../../../arm-none-eabi/lib/thumb/v7-m/nofp\libg.a(lib_a-locale.o)
 .ARM.attributes
                0x00000889       0x2d d:/gcc-arm-none-eabi/bin/../lib/gcc/arm-none-eabi/9.3.1/../../../../arm-none-eabi/lib/thumb/v7-m/nofp\libg.a(lib_a-mbtowc_r.o)
 .ARM.attributes
                0x000008b6       0x2d d:/gcc-arm-none-eabi/bin/../lib/gcc/arm-none-eabi/9.3.1/../../../../arm-none-eabi/lib/thumb/v7-m/nofp\libg.a(lib_a-memmove.o)
 .ARM.attributes
                0x000008e3       0x2d d:/gcc-arm-none-eabi/bin/../lib/gcc/arm-none-eabi/9.3.1/../../../../arm-none-eabi/lib/thumb/v7-m/nofp\libg.a(lib_a-reallocr.o)
 .ARM.attributes
                0x00000910       0x2d d:/gcc-arm-none-eabi/bin/../lib/gcc/arm-none-eabi/9.3.1/../../../../arm-none-eabi/lib/thumb/v7-m/nofp\libg.a(lib_a-reent.o)
 .ARM.attributes
                0x0000093d       0x2d d:/gcc-arm-none-eabi/bin/../lib/gcc/arm-none-eabi/9.3.1/../../../../arm-none-eabi/lib/thumb/v7-m/nofp\libg.a(lib_a-vfiprintf.o)
 .ARM.attributes
                0x0000096a       0x2d d:/gcc-arm-none-eabi/bin/../lib/gcc/arm-none-eabi/9.3.1/../../../../arm-none-eabi/lib/thumb/v7-m/nofp\libg.a(lib_a-wctomb_r.o)
 .ARM.attributes
                0x00000997       0x2d d:/gcc-arm-none-eabi/bin/../lib/gcc/arm-none-eabi/9.3.1/../../../../arm-none-eabi/lib/thumb/v7-m/nofp\libg.a(lib_a-wsetup.o)
 .ARM.attributes
                0x000009c4       0x2d d:/gcc-arm-none-eabi/bin/../lib/gcc/arm-none-eabi/9.3.1/../../../../arm-none-eabi/lib/thumb/v7-m/nofp\libg.a(lib_a-abort.o)
 .ARM.attributes
                0x000009f1       0x2d d:/gcc-arm-none-eabi/bin/../lib/gcc/arm-none-eabi/9.3.1/../../../../arm-none-eabi/lib/thumb/v7-m/nofp\libg.a(lib_a-ctype_.o)
 .ARM.attributes
                0x00000a1e       0x2d d:/gcc-arm-none-eabi/bin/../lib/gcc/arm-none-eabi/9.3.1/../../../../arm-none-eabi/lib/thumb/v7-m/nofp\libg.a(lib_a-fflush.o)
 .ARM.attributes
                0x00000a4b       0x2d d:/gcc-arm-none-eabi/bin/../lib/gcc/arm-none-eabi/9.3.1/../../../../arm-none-eabi/lib/thumb/v7-m/nofp\libg.a(lib_a-findfp.o)
 .ARM.attributes
                0x00000a78       0x2d d:/gcc-arm-none-eabi/bin/../lib/gcc/arm-none-eabi/9.3.1/../../../../arm-none-eabi/lib/thumb/v7-m/nofp\libg.a(lib_a-fputwc.o)
 .ARM.attributes
                0x00000aa5       0x2d d:/gcc-arm-none-eabi/bin/../lib/gcc/arm-none-eabi/9.3.1/../../../../arm-none-eabi/lib/thumb/v7-m/nofp\libg.a(lib_a-fvwrite.o)
 .ARM.attributes
                0x00000ad2       0x2d d:/gcc-arm-none-eabi/bin/../lib/gcc/arm-none-eabi/9.3.1/../../../../arm-none-eabi/lib/thumb/v7-m/nofp\libg.a(lib_a-fwalk.o)
 .ARM.attributes
                0x00000aff       0x2d d:/gcc-arm-none-eabi/bin/../lib/gcc/arm-none-eabi/9.3.1/../../../../arm-none-eabi/lib/thumb/v7-m/nofp\libg.a(lib_a-makebuf.o)
 .ARM.attributes
                0x00000b2c       0x2d d:/gcc-arm-none-eabi/bin/../lib/gcc/arm-none-eabi/9.3.1/../../../../arm-none-eabi/lib/thumb/v7-m/nofp\libg.a(lib_a-signal.o)
 .ARM.attributes
                0x00000b59       0x2d d:/gcc-arm-none-eabi/bin/../lib/gcc/arm-none-eabi/9.3.1/../../../../arm-none-eabi/lib/thumb/v7-m/nofp\libg.a(lib_a-signalr.o)
 .ARM.attributes
                0x00000b86       0x2d d:/gcc-arm-none-eabi/bin/../lib/gcc/arm-none-eabi/9.3.1/../../../../arm-none-eabi/lib/thumb/v7-m/nofp\libg.a(lib_a-stdio.o)
 .ARM.attributes
                0x00000bb3       0x2d d:/gcc-arm-none-eabi/bin/../lib/gcc/arm-none-eabi/9.3.1/../../../../arm-none-eabi/lib/thumb/v7-m/nofp\libg.a(lib_a-wbuf.o)
 .ARM.attributes
                0x00000be0       0x2d d:/gcc-arm-none-eabi/bin/../lib/gcc/arm-none-eabi/9.3.1/../../../../arm-none-eabi/lib/thumb/v7-m/nofp\libg.a(lib_a-wcrtomb.o)
 .ARM.attributes
                0x00000c0d       0x2d d:/gcc-arm-none-eabi/bin/../lib/gcc/arm-none-eabi/9.3.1/../../../../arm-none-eabi/lib/thumb/v7-m/nofp\libg.a(lib_a-writer.o)
 .ARM.attributes
                0x00000c3a       0x2d d:/gcc-arm-none-eabi/bin/../lib/gcc/arm-none-eabi/9.3.1/../../../../arm-none-eabi/lib/thumb/v7-m/nofp\libg.a(lib_a-closer.o)
 .ARM.attributes
                0x00000c67       0x2d d:/gcc-arm-none-eabi/bin/../lib/gcc/arm-none-eabi/9.3.1/../../../../arm-none-eabi/lib/thumb/v7-m/nofp\libg.a(lib_a-fclose.o)
 .ARM.attributes
                0x00000c94       0x2d d:/gcc-arm-none-eabi/bin/../lib/gcc/arm-none-eabi/9.3.1/../../../../arm-none-eabi/lib/thumb/v7-m/nofp\libg.a(lib_a-fstatr.o)
 .ARM.attributes
                0x00000cc1       0x2d d:/gcc-arm-none-eabi/bin/../lib/gcc/arm-none-eabi/9.3.1/../../../../arm-none-eabi/lib/thumb/v7-m/nofp\libg.a(lib_a-isattyr.o)
 .ARM.attributes
                0x00000cee       0x2d d:/gcc-arm-none-eabi/bin/../lib/gcc/arm-none-eabi/9.3.1/../../../../arm-none-eabi/lib/thumb/v7-m/nofp\libg.a(lib_a-lseekr.o)
 .ARM.attributes
                0x00000d1b       0x2d d:/gcc-arm-none-eabi/bin/../lib/gcc/arm-none-eabi/9.3.1/../../../../arm-none-eabi/lib/thumb/v7-m/nofp\libg.a(lib_a-readr.o)
 .ARM.attributes
                0x00000d48       0x1d d:/gcc-arm-none-eabi/bin/../lib/gcc/arm-none-eabi/9.3.1/thumb/v7-m/nofp\libgcc.a(_arm_unorddf2.o)
 .ARM.attributes
                0x00000d65       0x1d d:/gcc-arm-none-eabi/bin/../lib/gcc/arm-none-eabi/9.3.1/thumb/v7-m/nofp\libgcc.a(_aeabi_uldivmod.o)
 .ARM.attributes
                0x00000d82       0x2d d:/gcc-arm-none-eabi/bin/../lib/gcc/arm-none-eabi/9.3.1/thumb/v7-m/nofp\libgcc.a(_udivmoddi4.o)
 .ARM.attributes
                0x00000daf       0x1d d:/gcc-arm-none-eabi/bin/../lib/gcc/arm-none-eabi/9.3.1/thumb/v7-m/nofp\libgcc.a(_dvmd_tls.o)
 .ARM.attributes
                0x00000dcc       0x1d d:/gcc-arm-none-eabi/bin/../lib/gcc/arm-none-eabi/9.3.1/thumb/v7-m/nofp/crtn.o
OUTPUT(newfolder.elf elf32-littlearm)
LOAD linker stubs
LOAD d:/gcc-arm-none-eabi/bin/../lib/gcc/arm-none-eabi/9.3.1/../../../../arm-none-eabi/lib/thumb/v7-m/nofp\libc.a
LOAD d:/gcc-arm-none-eabi/bin/../lib/gcc/arm-none-eabi/9.3.1/../../../../arm-none-eabi/lib/thumb/v7-m/nofp\libm.a
LOAD d:/gcc-arm-none-eabi/bin/../lib/gcc/arm-none-eabi/9.3.1/thumb/v7-m/nofp\libgcc.a

.debug_info     0x00000000     0xf3e7
 .debug_info    0x00000000     0x1369 CMakeFiles/newfolder.elf.dir/Core/Src/main.c.obj
 .debug_info    0x00001369     0x2030 CMakeFiles/newfolder.elf.dir/Core/Src/stm32f1xx_hal_msp.c.obj
 .debug_info    0x00003399     0x144e CMakeFiles/newfolder.elf.dir/Core/Src/stm32f1xx_it.c.obj
 .debug_info    0x000047e7     0x112b CMakeFiles/newfolder.elf.dir/Core/Src/syscalls.c.obj
 .debug_info    0x00005912      0x2c9 CMakeFiles/newfolder.elf.dir/Core/Src/system_stm32f1xx.c.obj
 .debug_info    0x00005bdb      0x897 CMakeFiles/newfolder.elf.dir/Drivers/STM32F1xx_HAL_Driver/Src/stm32f1xx_hal.c.obj
 .debug_info    0x00006472      0xeac CMakeFiles/newfolder.elf.dir/Drivers/STM32F1xx_HAL_Driver/Src/stm32f1xx_hal_cortex.c.obj
 .debug_info    0x0000731e      0x932 CMakeFiles/newfolder.elf.dir/Drivers/STM32F1xx_HAL_Driver/Src/stm32f1xx_hal_dma.c.obj
 .debug_info    0x00007c50      0x75b CMakeFiles/newfolder.elf.dir/Drivers/STM32F1xx_HAL_Driver/Src/stm32f1xx_hal_gpio.c.obj
 .debug_info    0x000083ab      0xaab CMakeFiles/newfolder.elf.dir/Drivers/STM32F1xx_HAL_Driver/Src/stm32f1xx_hal_rcc.c.obj
 .debug_info    0x00008e56      0x538 CMakeFiles/newfolder.elf.dir/Drivers/STM32F1xx_HAL_Driver/Src/stm32f1xx_hal_rcc_ex.c.obj
 .debug_info    0x0000938e     0x1919 CMakeFiles/newfolder.elf.dir/Drivers/STM32F1xx_HAL_Driver/Src/stm32f1xx_hal_uart.c.obj
 .debug_info    0x0000aca7     0x15db CMakeFiles/newfolder.elf.dir/Hardware/I2C1.c.obj
 .debug_info    0x0000c282      0x3a7 CMakeFiles/newfolder.elf.dir/Hardware/Led.c.obj
 .debug_info    0x0000c629     0x175c CMakeFiles/newfolder.elf.dir/Hardware/mpu6050.c.obj
 .debug_info    0x0000dd85     0x1640 CMakeFiles/newfolder.elf.dir/Hardware/uart.c.obj
 .debug_info    0x0000f3c5       0x22 CMakeFiles/newfolder.elf.dir/startup/startup_stm32f103xe.s.obj

.debug_abbrev   0x00000000     0x297f
 .debug_abbrev  0x00000000      0x2eb CMakeFiles/newfolder.elf.dir/Core/Src/main.c.obj
 .debug_abbrev  0x000002eb      0x304 CMakeFiles/newfolder.elf.dir/Core/Src/stm32f1xx_hal_msp.c.obj
 .debug_abbrev  0x000005ef      0x26a CMakeFiles/newfolder.elf.dir/Core/Src/stm32f1xx_it.c.obj
 .debug_abbrev  0x00000859      0x31e CMakeFiles/newfolder.elf.dir/Core/Src/syscalls.c.obj
 .debug_abbrev  0x00000b77      0x151 CMakeFiles/newfolder.elf.dir/Core/Src/system_stm32f1xx.c.obj
 .debug_abbrev  0x00000cc8      0x219 CMakeFiles/newfolder.elf.dir/Drivers/STM32F1xx_HAL_Driver/Src/stm32f1xx_hal.c.obj
 .debug_abbrev  0x00000ee1      0x367 CMakeFiles/newfolder.elf.dir/Drivers/STM32F1xx_HAL_Driver/Src/stm32f1xx_hal_cortex.c.obj
 .debug_abbrev  0x00001248      0x262 CMakeFiles/newfolder.elf.dir/Drivers/STM32F1xx_HAL_Driver/Src/stm32f1xx_hal_dma.c.obj
 .debug_abbrev  0x000014aa      0x213 CMakeFiles/newfolder.elf.dir/Drivers/STM32F1xx_HAL_Driver/Src/stm32f1xx_hal_gpio.c.obj
 .debug_abbrev  0x000016bd      0x28d CMakeFiles/newfolder.elf.dir/Drivers/STM32F1xx_HAL_Driver/Src/stm32f1xx_hal_rcc.c.obj
 .debug_abbrev  0x0000194a      0x1f8 CMakeFiles/newfolder.elf.dir/Drivers/STM32F1xx_HAL_Driver/Src/stm32f1xx_hal_rcc_ex.c.obj
 .debug_abbrev  0x00001b42      0x293 CMakeFiles/newfolder.elf.dir/Drivers/STM32F1xx_HAL_Driver/Src/stm32f1xx_hal_uart.c.obj
 .debug_abbrev  0x00001dd5      0x302 CMakeFiles/newfolder.elf.dir/Hardware/I2C1.c.obj
 .debug_abbrev  0x000020d7      0x17b CMakeFiles/newfolder.elf.dir/Hardware/Led.c.obj
 .debug_abbrev  0x00002252      0x3bb CMakeFiles/newfolder.elf.dir/Hardware/mpu6050.c.obj
 .debug_abbrev  0x0000260d      0x360 CMakeFiles/newfolder.elf.dir/Hardware/uart.c.obj
 .debug_abbrev  0x0000296d       0x12 CMakeFiles/newfolder.elf.dir/startup/startup_stm32f103xe.s.obj

.debug_aranges  0x00000000      0x828
 .debug_aranges
                0x00000000       0x30 CMakeFiles/newfolder.elf.dir/Core/Src/main.c.obj
 .debug_aranges
                0x00000030       0x68 CMakeFiles/newfolder.elf.dir/Core/Src/stm32f1xx_hal_msp.c.obj
 .debug_aranges
                0x00000098       0x88 CMakeFiles/newfolder.elf.dir/Core/Src/stm32f1xx_it.c.obj
 .debug_aranges
                0x00000120       0xb0 CMakeFiles/newfolder.elf.dir/Core/Src/syscalls.c.obj
 .debug_aranges
                0x000001d0       0x28 CMakeFiles/newfolder.elf.dir/Core/Src/system_stm32f1xx.c.obj
 .debug_aranges
                0x000001f8       0xe0 CMakeFiles/newfolder.elf.dir/Drivers/STM32F1xx_HAL_Driver/Src/stm32f1xx_hal.c.obj
 .debug_aranges
                0x000002d8       0x90 CMakeFiles/newfolder.elf.dir/Drivers/STM32F1xx_HAL_Driver/Src/stm32f1xx_hal_cortex.c.obj
 .debug_aranges
                0x00000368       0x80 CMakeFiles/newfolder.elf.dir/Drivers/STM32F1xx_HAL_Driver/Src/stm32f1xx_hal_dma.c.obj
 .debug_aranges
                0x000003e8       0x58 CMakeFiles/newfolder.elf.dir/Drivers/STM32F1xx_HAL_Driver/Src/stm32f1xx_hal_gpio.c.obj
 .debug_aranges
                0x00000440       0x90 CMakeFiles/newfolder.elf.dir/Drivers/STM32F1xx_HAL_Driver/Src/stm32f1xx_hal_rcc.c.obj
 .debug_aranges
                0x000004d0       0x30 CMakeFiles/newfolder.elf.dir/Drivers/STM32F1xx_HAL_Driver/Src/stm32f1xx_hal_rcc_ex.c.obj
 .debug_aranges
                0x00000500      0x1d0 CMakeFiles/newfolder.elf.dir/Drivers/STM32F1xx_HAL_Driver/Src/stm32f1xx_hal_uart.c.obj
 .debug_aranges
                0x000006d0       0x68 CMakeFiles/newfolder.elf.dir/Hardware/I2C1.c.obj
 .debug_aranges
                0x00000738       0x20 CMakeFiles/newfolder.elf.dir/Hardware/Led.c.obj
 .debug_aranges
                0x00000758       0x68 CMakeFiles/newfolder.elf.dir/Hardware/mpu6050.c.obj
 .debug_aranges
                0x000007c0       0x40 CMakeFiles/newfolder.elf.dir/Hardware/uart.c.obj
 .debug_aranges
                0x00000800       0x28 CMakeFiles/newfolder.elf.dir/startup/startup_stm32f103xe.s.obj

.debug_ranges   0x00000000      0x7b8
 .debug_ranges  0x00000000       0x20 CMakeFiles/newfolder.elf.dir/Core/Src/main.c.obj
 .debug_ranges  0x00000020       0x58 CMakeFiles/newfolder.elf.dir/Core/Src/stm32f1xx_hal_msp.c.obj
 .debug_ranges  0x00000078       0x78 CMakeFiles/newfolder.elf.dir/Core/Src/stm32f1xx_it.c.obj
 .debug_ranges  0x000000f0       0xa0 CMakeFiles/newfolder.elf.dir/Core/Src/syscalls.c.obj
 .debug_ranges  0x00000190       0x18 CMakeFiles/newfolder.elf.dir/Core/Src/system_stm32f1xx.c.obj
 .debug_ranges  0x000001a8       0xd0 CMakeFiles/newfolder.elf.dir/Drivers/STM32F1xx_HAL_Driver/Src/stm32f1xx_hal.c.obj
 .debug_ranges  0x00000278       0xe0 CMakeFiles/newfolder.elf.dir/Drivers/STM32F1xx_HAL_Driver/Src/stm32f1xx_hal_cortex.c.obj
 .debug_ranges  0x00000358       0x70 CMakeFiles/newfolder.elf.dir/Drivers/STM32F1xx_HAL_Driver/Src/stm32f1xx_hal_dma.c.obj
 .debug_ranges  0x000003c8       0x48 CMakeFiles/newfolder.elf.dir/Drivers/STM32F1xx_HAL_Driver/Src/stm32f1xx_hal_gpio.c.obj
 .debug_ranges  0x00000410       0xa0 CMakeFiles/newfolder.elf.dir/Drivers/STM32F1xx_HAL_Driver/Src/stm32f1xx_hal_rcc.c.obj
 .debug_ranges  0x000004b0       0x38 CMakeFiles/newfolder.elf.dir/Drivers/STM32F1xx_HAL_Driver/Src/stm32f1xx_hal_rcc_ex.c.obj
 .debug_ranges  0x000004e8      0x1c0 CMakeFiles/newfolder.elf.dir/Drivers/STM32F1xx_HAL_Driver/Src/stm32f1xx_hal_uart.c.obj
 .debug_ranges  0x000006a8       0x58 CMakeFiles/newfolder.elf.dir/Hardware/I2C1.c.obj
 .debug_ranges  0x00000700       0x10 CMakeFiles/newfolder.elf.dir/Hardware/Led.c.obj
 .debug_ranges  0x00000710       0x58 CMakeFiles/newfolder.elf.dir/Hardware/mpu6050.c.obj
 .debug_ranges  0x00000768       0x30 CMakeFiles/newfolder.elf.dir/Hardware/uart.c.obj
 .debug_ranges  0x00000798       0x20 CMakeFiles/newfolder.elf.dir/startup/startup_stm32f103xe.s.obj

.debug_line     0x00000000     0x769e
 .debug_line    0x00000000      0x3ed CMakeFiles/newfolder.elf.dir/Core/Src/main.c.obj
 .debug_line    0x000003ed      0x627 CMakeFiles/newfolder.elf.dir/Core/Src/stm32f1xx_hal_msp.c.obj
 .debug_line    0x00000a14      0x433 CMakeFiles/newfolder.elf.dir/Core/Src/stm32f1xx_it.c.obj
 .debug_line    0x00000e47      0x4c5 CMakeFiles/newfolder.elf.dir/Core/Src/syscalls.c.obj
 .debug_line    0x0000130c      0x29a CMakeFiles/newfolder.elf.dir/Core/Src/system_stm32f1xx.c.obj
 .debug_line    0x000015a6      0x52a CMakeFiles/newfolder.elf.dir/Drivers/STM32F1xx_HAL_Driver/Src/stm32f1xx_hal.c.obj
 .debug_line    0x00001ad0      0x680 CMakeFiles/newfolder.elf.dir/Drivers/STM32F1xx_HAL_Driver/Src/stm32f1xx_hal_cortex.c.obj
 .debug_line    0x00002150      0xd37 CMakeFiles/newfolder.elf.dir/Drivers/STM32F1xx_HAL_Driver/Src/stm32f1xx_hal_dma.c.obj
 .debug_line    0x00002e87      0x63d CMakeFiles/newfolder.elf.dir/Drivers/STM32F1xx_HAL_Driver/Src/stm32f1xx_hal_gpio.c.obj
 .debug_line    0x000034c4      0xc47 CMakeFiles/newfolder.elf.dir/Drivers/STM32F1xx_HAL_Driver/Src/stm32f1xx_hal_rcc.c.obj
 .debug_line    0x0000410b      0x4fc CMakeFiles/newfolder.elf.dir/Drivers/STM32F1xx_HAL_Driver/Src/stm32f1xx_hal_rcc_ex.c.obj
 .debug_line    0x00004607     0x1bec CMakeFiles/newfolder.elf.dir/Drivers/STM32F1xx_HAL_Driver/Src/stm32f1xx_hal_uart.c.obj
 .debug_line    0x000061f3      0x520 CMakeFiles/newfolder.elf.dir/Hardware/I2C1.c.obj
 .debug_line    0x00006713      0x205 CMakeFiles/newfolder.elf.dir/Hardware/Led.c.obj
 .debug_line    0x00006918      0x7e4 CMakeFiles/newfolder.elf.dir/Hardware/mpu6050.c.obj
 .debug_line    0x000070fc      0x513 CMakeFiles/newfolder.elf.dir/Hardware/uart.c.obj
 .debug_line    0x0000760f       0x8f CMakeFiles/newfolder.elf.dir/startup/startup_stm32f103xe.s.obj

.debug_str      0x00000000     0x3259
 .debug_str     0x00000000      0xc86 CMakeFiles/newfolder.elf.dir/Core/Src/main.c.obj
                                0xd7f (size before relaxing)
 .debug_str     0x00000c86      0xc9a CMakeFiles/newfolder.elf.dir/Core/Src/stm32f1xx_hal_msp.c.obj
                               0x16ee (size before relaxing)
 .debug_str     0x00001920      0x15f CMakeFiles/newfolder.elf.dir/Core/Src/stm32f1xx_it.c.obj
                                0xec1 (size before relaxing)
 .debug_str     0x00001a7f      0x274 CMakeFiles/newfolder.elf.dir/Core/Src/syscalls.c.obj
                                0x83f (size before relaxing)
 .debug_str     0x00001cf3       0x64 CMakeFiles/newfolder.elf.dir/Core/Src/system_stm32f1xx.c.obj
                                0x315 (size before relaxing)
 .debug_str     0x00001d57      0x290 CMakeFiles/newfolder.elf.dir/Drivers/STM32F1xx_HAL_Driver/Src/stm32f1xx_hal.c.obj
                                0x976 (size before relaxing)
 .debug_str     0x00001fe7      0x3a6 CMakeFiles/newfolder.elf.dir/Drivers/STM32F1xx_HAL_Driver/Src/stm32f1xx_hal_cortex.c.obj
                                0xa92 (size before relaxing)
 .debug_str     0x0000238d      0x22a CMakeFiles/newfolder.elf.dir/Drivers/STM32F1xx_HAL_Driver/Src/stm32f1xx_hal_dma.c.obj
                                0x6fc (size before relaxing)
 .debug_str     0x000025b7      0x155 CMakeFiles/newfolder.elf.dir/Drivers/STM32F1xx_HAL_Driver/Src/stm32f1xx_hal_gpio.c.obj
                                0x4ff (size before relaxing)
 .debug_str     0x0000270c      0x1f7 CMakeFiles/newfolder.elf.dir/Drivers/STM32F1xx_HAL_Driver/Src/stm32f1xx_hal_rcc.c.obj
                                0x6e1 (size before relaxing)
 .debug_str     0x00002903       0xb1 CMakeFiles/newfolder.elf.dir/Drivers/STM32F1xx_HAL_Driver/Src/stm32f1xx_hal_rcc_ex.c.obj
                                0x4fe (size before relaxing)
 .debug_str     0x000029b4      0x537 CMakeFiles/newfolder.elf.dir/Drivers/STM32F1xx_HAL_Driver/Src/stm32f1xx_hal_uart.c.obj
                                0xc8f (size before relaxing)
 .debug_str     0x00002eeb       0xa6 CMakeFiles/newfolder.elf.dir/Hardware/I2C1.c.obj
                                0xdfb (size before relaxing)
 .debug_str     0x00002f91       0x31 CMakeFiles/newfolder.elf.dir/Hardware/Led.c.obj
                                0x374 (size before relaxing)
 .debug_str     0x00002fc2      0x1d1 CMakeFiles/newfolder.elf.dir/Hardware/mpu6050.c.obj
                                0xcfd (size before relaxing)
 .debug_str     0x00003193       0x85 CMakeFiles/newfolder.elf.dir/Hardware/uart.c.obj
                               0x1010 (size before relaxing)
 .debug_str     0x00003218       0x41 CMakeFiles/newfolder.elf.dir/startup/startup_stm32f103xe.s.obj
                                 0x68 (size before relaxing)

.comment        0x00000000       0x4c
 .comment       0x00000000       0x4c CMakeFiles/newfolder.elf.dir/Core/Src/main.c.obj
                                 0x4d (size before relaxing)
 .comment       0x0000004c       0x4d CMakeFiles/newfolder.elf.dir/Core/Src/stm32f1xx_hal_msp.c.obj
 .comment       0x0000004c       0x4d CMakeFiles/newfolder.elf.dir/Core/Src/stm32f1xx_it.c.obj
 .comment       0x0000004c       0x4d CMakeFiles/newfolder.elf.dir/Core/Src/syscalls.c.obj
 .comment       0x0000004c       0x4d CMakeFiles/newfolder.elf.dir/Core/Src/system_stm32f1xx.c.obj
 .comment       0x0000004c       0x4d CMakeFiles/newfolder.elf.dir/Drivers/STM32F1xx_HAL_Driver/Src/stm32f1xx_hal.c.obj
 .comment       0x0000004c       0x4d CMakeFiles/newfolder.elf.dir/Drivers/STM32F1xx_HAL_Driver/Src/stm32f1xx_hal_cortex.c.obj
 .comment       0x0000004c       0x4d CMakeFiles/newfolder.elf.dir/Drivers/STM32F1xx_HAL_Driver/Src/stm32f1xx_hal_dma.c.obj
 .comment       0x0000004c       0x4d CMakeFiles/newfolder.elf.dir/Drivers/STM32F1xx_HAL_Driver/Src/stm32f1xx_hal_gpio.c.obj
 .comment       0x0000004c       0x4d CMakeFiles/newfolder.elf.dir/Drivers/STM32F1xx_HAL_Driver/Src/stm32f1xx_hal_rcc.c.obj
 .comment       0x0000004c       0x4d CMakeFiles/newfolder.elf.dir/Drivers/STM32F1xx_HAL_Driver/Src/stm32f1xx_hal_rcc_ex.c.obj
 .comment       0x0000004c       0x4d CMakeFiles/newfolder.elf.dir/Drivers/STM32F1xx_HAL_Driver/Src/stm32f1xx_hal_uart.c.obj
 .comment       0x0000004c       0x4d CMakeFiles/newfolder.elf.dir/Hardware/I2C1.c.obj
 .comment       0x0000004c       0x4d CMakeFiles/newfolder.elf.dir/Hardware/Led.c.obj
 .comment       0x0000004c       0x4d CMakeFiles/newfolder.elf.dir/Hardware/mpu6050.c.obj
 .comment       0x0000004c       0x4d CMakeFiles/newfolder.elf.dir/Hardware/uart.c.obj

.debug_frame    0x00000000     0x2940
 .debug_frame   0x00000000       0x58 CMakeFiles/newfolder.elf.dir/Core/Src/main.c.obj
 .debug_frame   0x00000058      0x124 CMakeFiles/newfolder.elf.dir/Core/Src/stm32f1xx_hal_msp.c.obj
 .debug_frame   0x0000017c      0x110 CMakeFiles/newfolder.elf.dir/Core/Src/stm32f1xx_it.c.obj
 .debug_frame   0x0000028c      0x1a8 CMakeFiles/newfolder.elf.dir/Core/Src/syscalls.c.obj
 .debug_frame   0x00000434       0x30 CMakeFiles/newfolder.elf.dir/Core/Src/system_stm32f1xx.c.obj
 .debug_frame   0x00000464      0x1cc CMakeFiles/newfolder.elf.dir/Drivers/STM32F1xx_HAL_Driver/Src/stm32f1xx_hal.c.obj
 .debug_frame   0x00000630      0x12c CMakeFiles/newfolder.elf.dir/Drivers/STM32F1xx_HAL_Driver/Src/stm32f1xx_hal_cortex.c.obj
 .debug_frame   0x0000075c      0x144 CMakeFiles/newfolder.elf.dir/Drivers/STM32F1xx_HAL_Driver/Src/stm32f1xx_hal_dma.c.obj
 .debug_frame   0x000008a0       0xe8 CMakeFiles/newfolder.elf.dir/Drivers/STM32F1xx_HAL_Driver/Src/stm32f1xx_hal_gpio.c.obj
 .debug_frame   0x00000988      0x190 CMakeFiles/newfolder.elf.dir/Drivers/STM32F1xx_HAL_Driver/Src/stm32f1xx_hal_rcc.c.obj
 .debug_frame   0x00000b18       0x68 CMakeFiles/newfolder.elf.dir/Drivers/STM32F1xx_HAL_Driver/Src/stm32f1xx_hal_rcc_ex.c.obj
 .debug_frame   0x00000b80      0x4e8 CMakeFiles/newfolder.elf.dir/Drivers/STM32F1xx_HAL_Driver/Src/stm32f1xx_hal_uart.c.obj
 .debug_frame   0x00001068      0x124 CMakeFiles/newfolder.elf.dir/Hardware/I2C1.c.obj
 .debug_frame   0x0000118c       0x30 CMakeFiles/newfolder.elf.dir/Hardware/Led.c.obj
 .debug_frame   0x000011bc      0x164 CMakeFiles/newfolder.elf.dir/Hardware/mpu6050.c.obj
 .debug_frame   0x00001320       0xac CMakeFiles/newfolder.elf.dir/Hardware/uart.c.obj
 .debug_frame   0x000013cc       0xac d:/gcc-arm-none-eabi/bin/../lib/gcc/arm-none-eabi/9.3.1/thumb/v7-m/nofp\libgcc.a(_arm_addsubdf3.o)
 .debug_frame   0x00001478       0x50 d:/gcc-arm-none-eabi/bin/../lib/gcc/arm-none-eabi/9.3.1/thumb/v7-m/nofp\libgcc.a(_arm_muldivdf3.o)
 .debug_frame   0x000014c8       0xc4 d:/gcc-arm-none-eabi/bin/../lib/gcc/arm-none-eabi/9.3.1/thumb/v7-m/nofp\libgcc.a(_arm_cmpdf2.o)
 .debug_frame   0x0000158c       0x24 d:/gcc-arm-none-eabi/bin/../lib/gcc/arm-none-eabi/9.3.1/thumb/v7-m/nofp\libgcc.a(_arm_fixdfsi.o)
 .debug_frame   0x000015b0       0x20 d:/gcc-arm-none-eabi/bin/../lib/gcc/arm-none-eabi/9.3.1/../../../../arm-none-eabi/lib/thumb/v7-m/nofp\libg.a(lib_a-errno.o)
 .debug_frame   0x000015d0       0x2c d:/gcc-arm-none-eabi/bin/../lib/gcc/arm-none-eabi/9.3.1/../../../../arm-none-eabi/lib/thumb/v7-m/nofp\libg.a(lib_a-init.o)
 .debug_frame   0x000015fc       0x38 d:/gcc-arm-none-eabi/bin/../lib/gcc/arm-none-eabi/9.3.1/../../../../arm-none-eabi/lib/thumb/v7-m/nofp\libg.a(lib_a-memset.o)
 .debug_frame   0x00001634       0x20 d:/gcc-arm-none-eabi/bin/../lib/gcc/arm-none-eabi/9.3.1/../../../../arm-none-eabi/lib/thumb/v7-m/nofp\libg.a(lib_a-strlen-stub.o)
 .debug_frame   0x00001654       0x4c d:/gcc-arm-none-eabi/bin/../lib/gcc/arm-none-eabi/9.3.1/../../../../arm-none-eabi/lib/thumb/v7-m/nofp\libg.a(lib_a-vsprintf.o)