Archive member included to satisfy reference by file (symbol)

d:/gcc-arm-none-eabi/bin/../lib/gcc/arm-none-eabi/9.3.1/../../../../arm-none-eabi/lib/thumb/v7-m/nofp\libg.a(lib_a-errno.o)
                              CMakeFiles/newfolder.elf.dir/Core/Src/syscalls.c.obj (__errno)
d:/gcc-arm-none-eabi/bin/../lib/gcc/arm-none-eabi/9.3.1/../../../../arm-none-eabi/lib/thumb/v7-m/nofp\libg.a(lib_a-exit.o)
                              d:/gcc-arm-none-eabi/bin/../lib/gcc/arm-none-eabi/9.3.1/../../../../arm-none-eabi/lib/thumb/v7-m/nofp/crt0.o (exit)
d:/gcc-arm-none-eabi/bin/../lib/gcc/arm-none-eabi/9.3.1/../../../../arm-none-eabi/lib/thumb/v7-m/nofp\libg.a(lib_a-impure.o)
                              d:/gcc-arm-none-eabi/bin/../lib/gcc/arm-none-eabi/9.3.1/../../../../arm-none-eabi/lib/thumb/v7-m/nofp\libg.a(lib_a-exit.o) (_global_impure_ptr)
d:/gcc-arm-none-eabi/bin/../lib/gcc/arm-none-eabi/9.3.1/../../../../arm-none-eabi/lib/thumb/v7-m/nofp\libg.a(lib_a-init.o)
                              d:/gcc-arm-none-eabi/bin/../lib/gcc/arm-none-eabi/9.3.1/../../../../arm-none-eabi/lib/thumb/v7-m/nofp/crt0.o (__libc_init_array)
d:/gcc-arm-none-eabi/bin/../lib/gcc/arm-none-eabi/9.3.1/../../../../arm-none-eabi/lib/thumb/v7-m/nofp\libg.a(lib_a-memset.o)
                              d:/gcc-arm-none-eabi/bin/../lib/gcc/arm-none-eabi/9.3.1/../../../../arm-none-eabi/lib/thumb/v7-m/nofp/crt0.o (memset)
d:/gcc-arm-none-eabi/bin/../lib/gcc/arm-none-eabi/9.3.1/../../../../arm-none-eabi/lib/thumb/v7-m/nofp\libg.a(lib_a-__call_atexit.o)
                              d:/gcc-arm-none-eabi/bin/../lib/gcc/arm-none-eabi/9.3.1/../../../../arm-none-eabi/lib/thumb/v7-m/nofp\libg.a(lib_a-exit.o) (__call_exitprocs)
d:/gcc-arm-none-eabi/bin/../lib/gcc/arm-none-eabi/9.3.1/../../../../arm-none-eabi/lib/thumb/v7-m/nofp\libg.a(lib_a-atexit.o)
                              d:/gcc-arm-none-eabi/bin/../lib/gcc/arm-none-eabi/9.3.1/../../../../arm-none-eabi/lib/thumb/v7-m/nofp\libg.a(lib_a-__call_atexit.o) (atexit)
d:/gcc-arm-none-eabi/bin/../lib/gcc/arm-none-eabi/9.3.1/../../../../arm-none-eabi/lib/thumb/v7-m/nofp\libg.a(lib_a-fini.o)
                              d:/gcc-arm-none-eabi/bin/../lib/gcc/arm-none-eabi/9.3.1/../../../../arm-none-eabi/lib/thumb/v7-m/nofp\libg.a(lib_a-__call_atexit.o) (__libc_fini_array)
d:/gcc-arm-none-eabi/bin/../lib/gcc/arm-none-eabi/9.3.1/../../../../arm-none-eabi/lib/thumb/v7-m/nofp\libg.a(lib_a-lock.o)
                              d:/gcc-arm-none-eabi/bin/../lib/gcc/arm-none-eabi/9.3.1/../../../../arm-none-eabi/lib/thumb/v7-m/nofp\libg.a(lib_a-__call_atexit.o) (__retarget_lock_acquire_recursive)
d:/gcc-arm-none-eabi/bin/../lib/gcc/arm-none-eabi/9.3.1/../../../../arm-none-eabi/lib/thumb/v7-m/nofp\libg.a(lib_a-__atexit.o)
                              d:/gcc-arm-none-eabi/bin/../lib/gcc/arm-none-eabi/9.3.1/../../../../arm-none-eabi/lib/thumb/v7-m/nofp\libg.a(lib_a-atexit.o) (__register_exitproc)

Allocating common symbols
Common symbol       size              file

__lock___atexit_recursive_mutex
                    0x1               d:/gcc-arm-none-eabi/bin/../lib/gcc/arm-none-eabi/9.3.1/../../../../arm-none-eabi/lib/thumb/v7-m/nofp\libg.a(lib_a-lock.o)
__lock___arc4random_mutex
                    0x1               d:/gcc-arm-none-eabi/bin/../lib/gcc/arm-none-eabi/9.3.1/../../../../arm-none-eabi/lib/thumb/v7-m/nofp\libg.a(lib_a-lock.o)
__lock___env_recursive_mutex
                    0x1               d:/gcc-arm-none-eabi/bin/../lib/gcc/arm-none-eabi/9.3.1/../../../../arm-none-eabi/lib/thumb/v7-m/nofp\libg.a(lib_a-lock.o)
__lock___sinit_recursive_mutex
                    0x1               d:/gcc-arm-none-eabi/bin/../lib/gcc/arm-none-eabi/9.3.1/../../../../arm-none-eabi/lib/thumb/v7-m/nofp\libg.a(lib_a-lock.o)
__lock___malloc_recursive_mutex
                    0x1               d:/gcc-arm-none-eabi/bin/../lib/gcc/arm-none-eabi/9.3.1/../../../../arm-none-eabi/lib/thumb/v7-m/nofp\libg.a(lib_a-lock.o)
__lock___at_quick_exit_mutex
                    0x1               d:/gcc-arm-none-eabi/bin/../lib/gcc/arm-none-eabi/9.3.1/../../../../arm-none-eabi/lib/thumb/v7-m/nofp\libg.a(lib_a-lock.o)
__lock___dd_hash_mutex
                    0x1               d:/gcc-arm-none-eabi/bin/../lib/gcc/arm-none-eabi/9.3.1/../../../../arm-none-eabi/lib/thumb/v7-m/nofp\libg.a(lib_a-lock.o)
__lock___tz_mutex   0x1               d:/gcc-arm-none-eabi/bin/../lib/gcc/arm-none-eabi/9.3.1/../../../../arm-none-eabi/lib/thumb/v7-m/nofp\libg.a(lib_a-lock.o)
__lock___sfp_recursive_mutex
                    0x1               d:/gcc-arm-none-eabi/bin/../lib/gcc/arm-none-eabi/9.3.1/../../../../arm-none-eabi/lib/thumb/v7-m/nofp\libg.a(lib_a-lock.o)

Discarded input sections

 .text          0x00000000        0x0 d:/gcc-arm-none-eabi/bin/../lib/gcc/arm-none-eabi/9.3.1/thumb/v7-m/nofp/crti.o
 .data          0x00000000        0x0 d:/gcc-arm-none-eabi/bin/../lib/gcc/arm-none-eabi/9.3.1/thumb/v7-m/nofp/crti.o
[...]
Memory Configuration

Name             Origin             Length             Attributes
RAM              0x20000000         0x00010000         xrw
FLASH            0x08000000         0x00080000         xr
*default*        0x00000000         0xffffffff

Linker script and memory map

LOAD d:/gcc-arm-none-eabi/bin/../lib/gcc/arm-none-eabi/9.3.1/thumb/v7-m/nofp/crti.o
LOAD d:/gcc-arm-none-eabi/bin/../lib/gcc/arm-none-eabi/9.3.1/thumb/v7-m/nofp/crtbegin.o
LOAD d:/gcc-arm-none-eabi/bin/../lib/gcc/arm-none-eabi/9.3.1/../../../../arm-none-eabi/lib/thumb/v7-m/nofp/crt0.o
LOAD CMakeFiles/newfolder.elf.dir/Core/Src/main.c.obj
LOAD CMakeFiles/newfolder.elf.dir/Core/Src/stm32f1xx_hal_msp.c.obj
LOAD CMakeFiles/newfolder.elf.dir/Core/Src/stm32f1xx_it.c.obj
LOAD CMakeFiles/newfolder.elf.dir/Core/Src/syscalls.c.obj
LOAD CMakeFiles/newfolder.elf.dir/Core/Src/system_stm32f1xx.c.obj
LOAD CMakeFiles/newfolder.elf.dir/Drivers/STM32F1xx_HAL_Driver/Src/stm32f1xx_hal.c.obj
LOAD CMakeFiles/newfolder.elf.dir/Drivers/STM32F1xx_HAL_Driver/Src/stm32f1xx_hal_adc.c.obj
LOAD CMakeFiles/newfolder.elf.dir/Drivers/STM32F1xx_HAL_Driver/Src/stm32f1xx_hal_adc_ex.c.obj
LOAD CMakeFiles/newfolder.elf.dir/Drivers/STM32F1xx_HAL_Driver/Src/stm32f1xx_hal_cortex.c.obj
LOAD CMakeFiles/newfolder.elf.dir/Drivers/STM32F1xx_HAL_Driver/Src/stm32f1xx_hal_dma.c.obj
LOAD CMakeFiles/newfolder.elf.dir/Drivers/STM32F1xx_HAL_Driver/Src/stm32f1xx_hal_exti.c.obj
LOAD CMakeFiles/newfolder.elf.dir/Drivers/STM32F1xx_HAL_Driver/Src/stm32f1xx_hal_flash.c.obj
LOAD CMakeFiles/newfolder.elf.dir/Drivers/STM32F1xx_HAL_Driver/Src/stm32f1xx_hal_flash_ex.c.obj
LOAD CMakeFiles/newfolder.elf.dir/Drivers/STM32F1xx_HAL_Driver/Src/stm32f1xx_hal_gpio.c.obj
LOAD CMakeFiles/newfolder.elf.dir/Drivers/STM32F1xx_HAL_Driver/Src/stm32f1xx_hal_gpio_ex.c.obj
LOAD CMakeFiles/newfolder.elf.dir/Drivers/STM32F1xx_HAL_Driver/Src/stm32f1xx_hal_iwdg.c.obj
LOAD CMakeFiles/newfolder.elf.dir/Drivers/STM32F1xx_HAL_Driver/Src/stm32f1xx_hal_pwr.c.obj
LOAD CMakeFiles/newfolder.elf.dir/Drivers/STM32F1xx_HAL_Driver/Src/stm32f1xx_hal_rcc.c.obj
LOAD CMakeFiles/newfolder.elf.dir/Drivers/STM32F1xx_HAL_Driver/Src/stm32f1xx_hal_rcc_ex.c.obj
LOAD CMakeFiles/newfolder.elf.dir/Drivers/STM32F1xx_HAL_Driver/Src/stm32f1xx_hal_tim.c.obj
LOAD CMakeFiles/newfolder.elf.dir/Drivers/STM32F1xx_HAL_Driver/Src/stm32f1xx_hal_tim_ex.c.obj
LOAD CMakeFiles/newfolder.elf.dir/Drivers/STM32F1xx_HAL_Driver/Src/stm32f1xx_hal_uart.c.obj
LOAD CMakeFiles/newfolder.elf.dir/Drivers/STM32F1xx_HAL_Driver/Src/stm32f1xx_hal_wwdg.c.obj
LOAD CMakeFiles/newfolder.elf.dir/Hardware/Exti.c.obj
LOAD CMakeFiles/newfolder.elf.dir/Hardware/Key.c.obj
LOAD CMakeFiles/newfolder.elf.dir/Hardware/Led.c.obj
LOAD CMakeFiles/newfolder.elf.dir/Hardware/Timer2.c.obj
LOAD CMakeFiles/newfolder.elf.dir/Hardware/adc1.c.obj
LOAD CMakeFiles/newfolder.elf.dir/Hardware/iwg.c.obj
LOAD CMakeFiles/newfolder.elf.dir/Hardware/uart.c.obj
LOAD CMakeFiles/newfolder.elf.dir/Hardware/wwdg.c.obj
LOAD CMakeFiles/newfolder.elf.dir/startup/startup_stm32f103xe.s.obj
START GROUP
LOAD d:/gcc-arm-none-eabi/bin/../lib/gcc/arm-none-eabi/9.3.1/thumb/v7-m/nofp\libgcc.a
LOAD d:/gcc-arm-none-eabi/bin/../lib/gcc/arm-none-eabi/9.3.1/../../../../arm-none-eabi/lib/thumb/v7-m/nofp\libg.a
LOAD d:/gcc-arm-none-eabi/bin/../lib/gcc/arm-none-eabi/9.3.1/../../../../arm-none-eabi/lib/thumb/v7-m/nofp\libc.a
END GROUP
LOAD d:/gcc-arm-none-eabi/bin/../lib/gcc/arm-none-eabi/9.3.1/thumb/v7-m/nofp/crtend.o
LOAD d:/gcc-arm-none-eabi/bin/../lib/gcc/arm-none-eabi/9.3.1/thumb/v7-m/nofp/crtn.o
                0x20010000                _estack = 0x20010000
                0x00000400                _Min_Heap_Size = 0x400
                0x00000800                _Min_Stack_Size = 0x800

.isr_vector     0x08000000      0x1e4
                0x08000000                . = ALIGN (0x4)
 *(.isr_vector)
 .isr_vector    0x08000000      0x1e4 CMakeFiles/newfolder.elf.dir/startup/startup_stm32f103xe.s.obj
                0x08000000                g_pfnVectors
                0x080001e4                . = ALIGN (0x4)

.text           0x080001e4     0x1278
                0x080001e4                . = ALIGN (0x4)
 *(.text)
 .text          0x080001e4       0x40 d:/gcc-arm-none-eabi/bin/../lib/gcc/arm-none-eabi/9.3.1/thumb/v7-m/nofp/crtbegin.o
 *(.text*)
 .text.SystemClock_Config
                0x08000224       0x6e CMakeFiles/newfolder.elf.dir/Core/Src/main.c.obj
                0x08000224                SystemClock_Config
 .text.main     0x08000292       0x18 CMakeFiles/newfolder.elf.dir/Core/Src/main.c.obj
                0x08000292                main
 *fill*         0x080002aa        0x2 
 .text.HAL_MspInit
                0x080002ac       0x44 CMakeFiles/newfolder.elf.dir/Core/Src/stm32f1xx_hal_msp.c.obj
                0x080002ac                HAL_MspInit
 .text.HAL_ADC_MspInit
                0x080002f0       0x60 CMakeFiles/newfolder.elf.dir/Core/Src/stm32f1xx_hal_msp.c.obj
                0x080002f0                HAL_ADC_MspInit
 .text.NMI_Handler
                0x08000350        0x2 CMakeFiles/newfolder.elf.dir/Core/Src/stm32f1xx_it.c.obj
                0x08000350                NMI_Handler
 .text.HardFault_Handler
                0x08000352        0x2 CMakeFiles/newfolder.elf.dir/Core/Src/stm32f1xx_it.c.obj
                0x08000352                HardFault_Handler
 .text.MemManage_Handler
                0x08000354        0x2 CMakeFiles/newfolder.elf.dir/Core/Src/stm32f1xx_it.c.obj
                0x08000354                MemManage_Handler
 .text.BusFault_Handler
                0x08000356        0x2 CMakeFiles/newfolder.elf.dir/Core/Src/stm32f1xx_it.c.obj
                0x08000356                BusFault_Handler
 .text.UsageFault_Handler
                0x08000358        0x2 CMakeFiles/newfolder.elf.dir/Core/Src/stm32f1xx_it.c.obj
                0x08000358                UsageFault_Handler
 .text.SVC_Handler
                0x0800035a        0x2 CMakeFiles/newfolder.elf.dir/Core/Src/stm32f1xx_it.c.obj
                0x0800035a                SVC_Handler
 .text.DebugMon_Handler
                0x0800035c        0x2 CMakeFiles/newfolder.elf.dir/Core/Src/stm32f1xx_it.c.obj
                0x0800035c                DebugMon_Handler
 .text.PendSV_Handler
                0x0800035e        0x2 CMakeFiles/newfolder.elf.dir/Core/Src/stm32f1xx_it.c.obj
                0x0800035e                PendSV_Handler
 .text.SysTick_Handler
                0x08000360        0x8 CMakeFiles/newfolder.elf.dir/Core/Src/stm32f1xx_it.c.obj
                0x08000360                SysTick_Handler
 .text.WWDG_IRQHandler
                0x08000368        0x2 CMakeFiles/newfolder.elf.dir/Core/Src/stm32f1xx_it.c.obj
                0x08000368                WWDG_IRQHandler
 .text.DMA1_Channel4_IRQHandler
                0x0800036a        0x2 CMakeFiles/newfolder.elf.dir/Core/Src/stm32f1xx_it.c.obj
                0x0800036a                DMA1_Channel4_IRQHandler
 .text.DMA1_Channel5_IRQHandler
                0x0800036c        0x2 CMakeFiles/newfolder.elf.dir/Core/Src/stm32f1xx_it.c.obj
                0x0800036c                DMA1_Channel5_IRQHandler
 .text.TIM2_IRQHandler
                0x0800036e        0x2 CMakeFiles/newfolder.elf.dir/Core/Src/stm32f1xx_it.c.obj
                0x0800036e                TIM2_IRQHandler
 .text.USART1_IRQHandler
                0x08000370        0x2 CMakeFiles/newfolder.elf.dir/Core/Src/stm32f1xx_it.c.obj
                0x08000370                USART1_IRQHandler
 .text.EXTI15_10_IRQHandler
                0x08000372        0x2 CMakeFiles/newfolder.elf.dir/Core/Src/stm32f1xx_it.c.obj
                0x08000372                EXTI15_10_IRQHandler
 .text.SystemInit
                0x08000374        0x2 CMakeFiles/newfolder.elf.dir/Core/Src/system_stm32f1xx.c.obj
                0x08000374                SystemInit
 *fill*         0x08000376        0x2 
 .text.HAL_InitTick
                0x08000378       0x4c CMakeFiles/newfolder.elf.dir/Drivers/STM32F1xx_HAL_Driver/Src/stm32f1xx_hal.c.obj
                0x08000378                HAL_InitTick
 .text.HAL_Init
                0x080003c4       0x24 CMakeFiles/newfolder.elf.dir/Drivers/STM32F1xx_HAL_Driver/Src/stm32f1xx_hal.c.obj
                0x080003c4                HAL_Init
 .text.HAL_IncTick
                0x080003e8       0x18 CMakeFiles/newfolder.elf.dir/Drivers/STM32F1xx_HAL_Driver/Src/stm32f1xx_hal.c.obj
                0x080003e8                HAL_IncTick
 .text.HAL_GetTick
                0x08000400        0xc CMakeFiles/newfolder.elf.dir/Drivers/STM32F1xx_HAL_Driver/Src/stm32f1xx_hal.c.obj
                0x08000400                HAL_GetTick
 .text.HAL_Delay
                0x0800040c       0x28 CMakeFiles/newfolder.elf.dir/Drivers/STM32F1xx_HAL_Driver/Src/stm32f1xx_hal.c.obj
                0x0800040c                HAL_Delay
 .text.ADC_Enable
                0x08000434       0x7c CMakeFiles/newfolder.elf.dir/Drivers/STM32F1xx_HAL_Driver/Src/stm32f1xx_hal_adc.c.obj
                0x08000434                ADC_Enable
 .text.ADC_ConversionStop_Disable
                0x080004b0       0x4c CMakeFiles/newfolder.elf.dir/Drivers/STM32F1xx_HAL_Driver/Src/stm32f1xx_hal_adc.c.obj
                0x080004b0                ADC_ConversionStop_Disable
 .text.HAL_ADC_Init
                0x080004fc      0x124 CMakeFiles/newfolder.elf.dir/Drivers/STM32F1xx_HAL_Driver/Src/stm32f1xx_hal_adc.c.obj
                0x080004fc                HAL_ADC_Init
 .text.HAL_ADCEx_Calibration_Start
                0x08000620       0xe8 CMakeFiles/newfolder.elf.dir/Drivers/STM32F1xx_HAL_Driver/Src/stm32f1xx_hal_adc_ex.c.obj
                0x08000620                HAL_ADCEx_Calibration_Start
 .text.HAL_NVIC_SetPriorityGrouping
                0x08000708       0x24 CMakeFiles/newfolder.elf.dir/Drivers/STM32F1xx_HAL_Driver/Src/stm32f1xx_hal_cortex.c.obj
                0x08000708                HAL_NVIC_SetPriorityGrouping
 .text.HAL_NVIC_SetPriority
                0x0800072c       0x68 CMakeFiles/newfolder.elf.dir/Drivers/STM32F1xx_HAL_Driver/Src/stm32f1xx_hal_cortex.c.obj
                0x0800072c                HAL_NVIC_SetPriority
 .text.HAL_SYSTICK_Config
                0x08000794       0x2c CMakeFiles/newfolder.elf.dir/Drivers/STM32F1xx_HAL_Driver/Src/stm32f1xx_hal_cortex.c.obj
                0x08000794                HAL_SYSTICK_Config
 .text.HAL_GPIO_Init
                0x080007c0      0x238 CMakeFiles/newfolder.elf.dir/Drivers/STM32F1xx_HAL_Driver/Src/stm32f1xx_hal_gpio.c.obj
                0x080007c0                HAL_GPIO_Init
 .text.RCC_Delay
                0x080009f8       0x2c CMakeFiles/newfolder.elf.dir/Drivers/STM32F1xx_HAL_Driver/Src/stm32f1xx_hal_rcc.c.obj
 .text.HAL_RCC_OscConfig
                0x08000a24      0x410 CMakeFiles/newfolder.elf.dir/Drivers/STM32F1xx_HAL_Driver/Src/stm32f1xx_hal_rcc.c.obj
                0x08000a24                HAL_RCC_OscConfig
 .text.HAL_RCC_GetSysClockFreq
                0x08000e34       0x6c CMakeFiles/newfolder.elf.dir/Drivers/STM32F1xx_HAL_Driver/Src/stm32f1xx_hal_rcc.c.obj
                0x08000e34                HAL_RCC_GetSysClockFreq
 .text.HAL_RCC_ClockConfig
                0x08000ea0      0x16c CMakeFiles/newfolder.elf.dir/Drivers/STM32F1xx_HAL_Driver/Src/stm32f1xx_hal_rcc.c.obj
                0x08000ea0                HAL_RCC_ClockConfig
 .text.HAL_RCC_GetHCLKFreq
                0x0800100c        0xc CMakeFiles/newfolder.elf.dir/Drivers/STM32F1xx_HAL_Driver/Src/stm32f1xx_hal_rcc.c.obj
                0x0800100c                HAL_RCC_GetHCLKFreq
 .text.HAL_RCC_GetPCLK2Freq
                0x08001018       0x20 CMakeFiles/newfolder.elf.dir/Drivers/STM32F1xx_HAL_Driver/Src/stm32f1xx_hal_rcc.c.obj
                0x08001018                HAL_RCC_GetPCLK2Freq
 .text.HAL_RCCEx_PeriphCLKConfig
                0x08001038      0x114 CMakeFiles/newfolder.elf.dir/Drivers/STM32F1xx_HAL_Driver/Src/stm32f1xx_hal_rcc_ex.c.obj
                0x08001038                HAL_RCCEx_PeriphCLKConfig
 .text.HAL_RCCEx_GetPeriphCLKFreq
                0x0800114c      0x110 CMakeFiles/newfolder.elf.dir/Drivers/STM32F1xx_HAL_Driver/Src/stm32f1xx_hal_rcc_ex.c.obj
                0x0800114c                HAL_RCCEx_GetPeriphCLKFreq
 .text.MX_ADC1_Init
                0x0800125c       0x74 CMakeFiles/newfolder.elf.dir/Hardware/adc1.c.obj
                0x0800125c                MX_ADC1_Init
 .text.Reset_Handler
                0x080012d0       0x48 CMakeFiles/newfolder.elf.dir/startup/startup_stm32f103xe.s.obj
                0x080012d0                Reset_Handler
 .text.Default_Handler
                0x08001318        0x2 CMakeFiles/newfolder.elf.dir/startup/startup_stm32f103xe.s.obj
                0x08001318                RTC_Alarm_IRQHandler
                0x08001318                EXTI2_IRQHandler
                0x08001318                TIM8_TRG_COM_IRQHandler
                0x08001318                TIM8_CC_IRQHandler
                0x08001318                TIM1_CC_IRQHandler
                0x08001318                TIM6_IRQHandler
                0x08001318                PVD_IRQHandler
                0x08001318                SDIO_IRQHandler
                0x08001318                EXTI3_IRQHandler
                0x08001318                EXTI0_IRQHandler
                0x08001318                I2C2_EV_IRQHandler
                0x08001318                ADC1_2_IRQHandler
                0x08001318                SPI1_IRQHandler
                0x08001318                TAMPER_IRQHandler
                0x08001318                TIM8_UP_IRQHandler
                0x08001318                DMA2_Channel2_IRQHandler
                0x08001318                USART3_IRQHandler
                0x08001318                RTC_IRQHandler
                0x08001318                DMA1_Channel7_IRQHandler
                0x08001318                CAN1_RX1_IRQHandler
                0x08001318                UART5_IRQHandler
                0x08001318                ADC3_IRQHandler
                0x08001318                TIM4_IRQHandler
                0x08001318                DMA2_Channel1_IRQHandler
                0x08001318                I2C1_EV_IRQHandler
                0x08001318                DMA1_Channel6_IRQHandler
                0x08001318                UART4_IRQHandler
                0x08001318                TIM3_IRQHandler
                0x08001318                RCC_IRQHandler
                0x08001318                TIM1_TRG_COM_IRQHandler
                0x08001318                DMA1_Channel1_IRQHandler
                0x08001318                Default_Handler
                0x08001318                TIM7_IRQHandler
                0x08001318                TIM5_IRQHandler
                0x08001318                EXTI9_5_IRQHandler
                0x08001318                SPI2_IRQHandler
                0x08001318                EXTI4_IRQHandler
                0x08001318                USB_LP_CAN1_RX0_IRQHandler
                0x08001318                USB_HP_CAN1_TX_IRQHandler
                0x08001318                DMA1_Channel3_IRQHandler
                0x08001318                FSMC_IRQHandler
                0x08001318                TIM1_UP_IRQHandler
                0x08001318                TIM1_BRK_IRQHandler
                0x08001318                EXTI1_IRQHandler
                0x08001318                DMA2_Channel4_5_IRQHandler
                0x08001318                USART2_IRQHandler
                0x08001318                I2C2_ER_IRQHandler
                0x08001318                DMA1_Channel2_IRQHandler
                0x08001318                TIM8_BRK_IRQHandler
                0x08001318                CAN1_SCE_IRQHandler
                0x08001318                FLASH_IRQHandler
                0x08001318                SPI3_IRQHandler
                0x08001318                I2C1_ER_IRQHandler
                0x08001318                USBWakeUp_IRQHandler
                0x08001318                DMA2_Channel3_IRQHandler
 *fill*         0x0800131a        0x2 
 .text.__libc_init_array
                0x0800131c       0x48 d:/gcc-arm-none-eabi/bin/../lib/gcc/arm-none-eabi/9.3.1/../../../../arm-none-eabi/lib/thumb/v7-m/nofp\libg.a(lib_a-init.o)
                0x0800131c                __libc_init_array
 .text.startup.register_fini
                0x08001364       0x14 d:/gcc-arm-none-eabi/bin/../lib/gcc/arm-none-eabi/9.3.1/../../../../arm-none-eabi/lib/thumb/v7-m/nofp\libg.a(lib_a-__call_atexit.o)
 .text.atexit   0x08001378        0xc d:/gcc-arm-none-eabi/bin/../lib/gcc/arm-none-eabi/9.3.1/../../../../arm-none-eabi/lib/thumb/v7-m/nofp\libg.a(lib_a-atexit.o)
                0x08001378                atexit
 .text.__libc_fini_array
                0x08001384       0x2c d:/gcc-arm-none-eabi/bin/../lib/gcc/arm-none-eabi/9.3.1/../../../../arm-none-eabi/lib/thumb/v7-m/nofp\libg.a(lib_a-fini.o)
                0x08001384                __libc_fini_array
 .text.__retarget_lock_acquire_recursive
                0x080013b0        0x4 d:/gcc-arm-none-eabi/bin/../lib/gcc/arm-none-eabi/9.3.1/../../../../arm-none-eabi/lib/thumb/v7-m/nofp\libg.a(lib_a-lock.o)
                0x080013b0                __retarget_lock_acquire_recursive
 .text.__retarget_lock_release_recursive
                0x080013b4        0x4 d:/gcc-arm-none-eabi/bin/../lib/gcc/arm-none-eabi/9.3.1/../../../../arm-none-eabi/lib/thumb/v7-m/nofp\libg.a(lib_a-lock.o)
                0x080013b4                __retarget_lock_release_recursive
 .text.__register_exitproc
                0x080013b8       0x8c d:/gcc-arm-none-eabi/bin/../lib/gcc/arm-none-eabi/9.3.1/../../../../arm-none-eabi/lib/thumb/v7-m/nofp\libg.a(lib_a-__atexit.o)
                0x080013b8                __register_exitproc
 *(.glue_7)
 .glue_7        0x08001444        0x0 linker stubs
 *(.glue_7t)
 .glue_7t       0x08001444        0x0 linker stubs
 *(.eh_frame)
 .eh_frame      0x08001444        0x0 d:/gcc-arm-none-eabi/bin/../lib/gcc/arm-none-eabi/9.3.1/thumb/v7-m/nofp/crtbegin.o
 *(.init)
 .init          0x08001444        0x4 d:/gcc-arm-none-eabi/bin/../lib/gcc/arm-none-eabi/9.3.1/thumb/v7-m/nofp/crti.o
                0x08001444                _init
 .init          0x08001448        0x8 d:/gcc-arm-none-eabi/bin/../lib/gcc/arm-none-eabi/9.3.1/thumb/v7-m/nofp/crtn.o
 *(.fini)
 .fini          0x08001450        0x4 d:/gcc-arm-none-eabi/bin/../lib/gcc/arm-none-eabi/9.3.1/thumb/v7-m/nofp/crti.o
                0x08001450                _fini
 .fini          0x08001454        0x8 d:/gcc-arm-none-eabi/bin/../lib/gcc/arm-none-eabi/9.3.1/thumb/v7-m/nofp/crtn.o
                0x0800145c                . = ALIGN (0x4)
                0x0800145c                _etext = .

.vfp11_veneer   0x0800145c        0x0
 .vfp11_veneer  0x0800145c        0x0 linker stubs

.v4_bx          0x0800145c        0x0
 .v4_bx         0x0800145c        0x0 linker stubs

.iplt           0x0800145c        0x0
 .iplt          0x0800145c        0x0 d:/gcc-arm-none-eabi/bin/../lib/gcc/arm-none-eabi/9.3.1/thumb/v7-m/nofp/crtbegin.o

.rodata         0x0800145c       0x30
                0x0800145c                . = ALIGN (0x4)
 *(.rodata)
 *(.rodata*)
 .rodata.AHBPrescTable
                0x0800145c       0x10 CMakeFiles/newfolder.elf.dir/Core/Src/system_stm32f1xx.c.obj
                0x0800145c                AHBPrescTable
 .rodata.APBPrescTable
                0x0800146c        0x8 CMakeFiles/newfolder.elf.dir/Core/Src/system_stm32f1xx.c.obj
                0x0800146c                APBPrescTable
 .rodata.HAL_RCC_GetSysClockFreq.str1.4
                0x08001474       0x11 CMakeFiles/newfolder.elf.dir/Drivers/STM32F1xx_HAL_Driver/Src/stm32f1xx_hal_rcc.c.obj
 .rodata.HAL_RCCEx_GetPeriphCLKFreq.str1.4
                0x08001485       0x11 CMakeFiles/newfolder.elf.dir/Drivers/STM32F1xx_HAL_Driver/Src/stm32f1xx_hal_rcc_ex.c.obj
 *fill*         0x08001485        0x3 
 .rodata._global_impure_ptr
                0x08001488        0x4 d:/gcc-arm-none-eabi/bin/../lib/gcc/arm-none-eabi/9.3.1/../../../../arm-none-eabi/lib/thumb/v7-m/nofp\libg.a(lib_a-impure.o)
                0x08001488                _global_impure_ptr
                0x0800148c                . = ALIGN (0x4)

.rel.dyn        0x0800148c        0x0
 .rel.iplt      0x0800148c        0x0 d:/gcc-arm-none-eabi/bin/../lib/gcc/arm-none-eabi/9.3.1/thumb/v7-m/nofp/crtbegin.o

.ARM.extab
 *(.ARM.extab* .gnu.linkonce.armextab.*)

.ARM            0x0800148c        0x0
                0x0800148c                __exidx_start = .
 *(.ARM.exidx*)
                0x0800148c                __exidx_end = .

.preinit_array  0x0800148c        0x0
                0x0800148c                PROVIDE (__preinit_array_start = .)
 *(.preinit_array*)
                0x0800148c                PROVIDE (__preinit_array_end = .)

.init_array     0x0800148c        0x8
                0x0800148c                PROVIDE (__init_array_start = .)
 *(SORT_BY_NAME(.init_array.*))
 .init_array.00000
                0x0800148c        0x4 d:/gcc-arm-none-eabi/bin/../lib/gcc/arm-none-eabi/9.3.1/../../../../arm-none-eabi/lib/thumb/v7-m/nofp\libg.a(lib_a-__call_atexit.o)
 *(.init_array*)
 .init_array    0x08001490        0x4 d:/gcc-arm-none-eabi/bin/../lib/gcc/arm-none-eabi/9.3.1/thumb/v7-m/nofp/crtbegin.o
                0x08001494                PROVIDE (__init_array_end = .)

.fini_array     0x08001494        0x4
                0x08001494                PROVIDE (__fini_array_start = .)
 *(SORT_BY_NAME(.fini_array.*))
 *(.fini_array*)
 .fini_array    0x08001494        0x4 d:/gcc-arm-none-eabi/bin/../lib/gcc/arm-none-eabi/9.3.1/thumb/v7-m/nofp/crtbegin.o
                0x08001498                PROVIDE (__fini_array_end = .)
                0x08001498                _sidata = LOADADDR (.data)

.data           0x20000000      0x43c load address 0x08001498
                0x20000000                . = ALIGN (0x4)
                0x20000000                _sdata = .
 *(.data)
 *(.data*)
 .data.SystemCoreClock
                0x20000000        0x4 CMakeFiles/newfolder.elf.dir/Core/Src/system_stm32f1xx.c.obj
                0x20000000                SystemCoreClock
 .data.uwTickFreq
                0x20000004        0x1 CMakeFiles/newfolder.elf.dir/Drivers/STM32F1xx_HAL_Driver/Src/stm32f1xx_hal.c.obj
                0x20000004                uwTickFreq
 *fill*         0x20000005        0x3 
 .data.uwTickPrio
                0x20000008        0x4 CMakeFiles/newfolder.elf.dir/Drivers/STM32F1xx_HAL_Driver/Src/stm32f1xx_hal.c.obj
                0x20000008                uwTickPrio
 *fill*         0x2000000c        0x4 
 .data.impure_data
                0x20000010      0x428 d:/gcc-arm-none-eabi/bin/../lib/gcc/arm-none-eabi/9.3.1/../../../../arm-none-eabi/lib/thumb/v7-m/nofp\libg.a(lib_a-impure.o)
 .data.__atexit_recursive_mutex
                0x20000438        0x4 d:/gcc-arm-none-eabi/bin/../lib/gcc/arm-none-eabi/9.3.1/../../../../arm-none-eabi/lib/thumb/v7-m/nofp\libg.a(lib_a-__call_atexit.o)
                0x20000438                __atexit_recursive_mutex
                0x2000043c                . = ALIGN (0x4)
                0x2000043c                _edata = .

.igot.plt       0x2000043c        0x0 load address 0x080018d4
 .igot.plt      0x2000043c        0x0 d:/gcc-arm-none-eabi/bin/../lib/gcc/arm-none-eabi/9.3.1/thumb/v7-m/nofp/crtbegin.o
                0x2000043c                . = ALIGN (0x4)

.bss            0x2000043c       0x74 load address 0x080018d4
                0x2000043c                _sbss = .
                0x2000043c                __bss_start__ = _sbss
 *(.bss)
 .bss           0x2000043c       0x1c d:/gcc-arm-none-eabi/bin/../lib/gcc/arm-none-eabi/9.3.1/thumb/v7-m/nofp/crtbegin.o
 *(.bss*)
 .bss.uwTick    0x20000458        0x4 CMakeFiles/newfolder.elf.dir/Drivers/STM32F1xx_HAL_Driver/Src/stm32f1xx_hal.c.obj
                0x20000458                uwTick
 .bss.hadc1     0x2000045c       0x30 CMakeFiles/newfolder.elf.dir/Hardware/adc1.c.obj
                0x2000045c                hadc1
 *(COMMON)
 COMMON         0x2000048c       0x21 d:/gcc-arm-none-eabi/bin/../lib/gcc/arm-none-eabi/9.3.1/../../../../arm-none-eabi/lib/thumb/v7-m/nofp\libg.a(lib_a-lock.o)
                0x2000048c                __lock___atexit_recursive_mutex
                0x20000490                __lock___arc4random_mutex
                0x20000494                __lock___env_recursive_mutex
                0x20000498                __lock___sinit_recursive_mutex
                0x2000049c                __lock___malloc_recursive_mutex
                0x200004a0                __lock___at_quick_exit_mutex
                0x200004a4                __lock___dd_hash_mutex
                0x200004a8                __lock___tz_mutex
                0x200004ac                __lock___sfp_recursive_mutex
                0x200004b0                . = ALIGN (0x4)
 *fill*         0x200004ad        0x3 
                0x200004b0                _ebss = .
                0x200004b0                __bss_end__ = _ebss

._user_heap_stack
                0x200004b0      0xc00 load address 0x080018d4
                0x200004b0                . = ALIGN (0x8)
                0x200004b0                PROVIDE (end = .)
                [!provide]                PROVIDE (_end = .)
                0x200008b0                . = (. + _Min_Heap_Size)
 *fill*         0x200004b0      0x400 
                0x200010b0                . = (. + _Min_Stack_Size)
 *fill*         0x200008b0      0x800 
                0x200010b0                . = ALIGN (0x8)

/DISCARD/
 libc.a(*)
 libm.a(*)
 libgcc.a(*)

.ARM.attributes
                0x00000000       0x29
 *(.ARM.attributes)
 .ARM.attributes
                0x00000000       0x1d d:/gcc-arm-none-eabi/bin/../lib/gcc/arm-none-eabi/9.3.1/thumb/v7-m/nofp/crti.o
 .ARM.attributes
                0x0000001d       0x2d d:/gcc-arm-none-eabi/bin/../lib/gcc/arm-none-eabi/9.3.1/thumb/v7-m/nofp/crtbegin.o
 .ARM.attributes
                0x0000004a       0x2d CMakeFiles/newfolder.elf.dir/Core/Src/main.c.obj
 .ARM.attributes
                0x00000077       0x2d CMakeFiles/newfolder.elf.dir/Core/Src/stm32f1xx_hal_msp.c.obj
 .ARM.attributes
                0x000000a4       0x2d CMakeFiles/newfolder.elf.dir/Core/Src/stm32f1xx_it.c.obj
 .ARM.attributes
                0x000000d1       0x2d CMakeFiles/newfolder.elf.dir/Core/Src/system_stm32f1xx.c.obj
 .ARM.attributes
                0x000000fe       0x2d CMakeFiles/newfolder.elf.dir/Drivers/STM32F1xx_HAL_Driver/Src/stm32f1xx_hal.c.obj
 .ARM.attributes
                0x0000012b       0x2d CMakeFiles/newfolder.elf.dir/Drivers/STM32F1xx_HAL_Driver/Src/stm32f1xx_hal_adc.c.obj
 .ARM.attributes
                0x00000158       0x2d CMakeFiles/newfolder.elf.dir/Drivers/STM32F1xx_HAL_Driver/Src/stm32f1xx_hal_adc_ex.c.obj
 .ARM.attributes
                0x00000185       0x2d CMakeFiles/newfolder.elf.dir/Drivers/STM32F1xx_HAL_Driver/Src/stm32f1xx_hal_cortex.c.obj
 .ARM.attributes
                0x000001b2       0x2d CMakeFiles/newfolder.elf.dir/Drivers/STM32F1xx_HAL_Driver/Src/stm32f1xx_hal_gpio.c.obj
 .ARM.attributes
                0x000001df       0x2d CMakeFiles/newfolder.elf.dir/Drivers/STM32F1xx_HAL_Driver/Src/stm32f1xx_hal_rcc.c.obj
 .ARM.attributes
                0x0000020c       0x2d CMakeFiles/newfolder.elf.dir/Drivers/STM32F1xx_HAL_Driver/Src/stm32f1xx_hal_rcc_ex.c.obj
 .ARM.attributes
                0x00000239       0x2d CMakeFiles/newfolder.elf.dir/Hardware/adc1.c.obj
 .ARM.attributes
                0x00000266       0x21 CMakeFiles/newfolder.elf.dir/startup/startup_stm32f103xe.s.obj
 .ARM.attributes
                0x00000287       0x2d d:/gcc-arm-none-eabi/bin/../lib/gcc/arm-none-eabi/9.3.1/../../../../arm-none-eabi/lib/thumb/v7-m/nofp\libg.a(lib_a-impure.o)
 .ARM.attributes
                0x000002b4       0x2d d:/gcc-arm-none-eabi/bin/../lib/gcc/arm-none-eabi/9.3.1/../../../../arm-none-eabi/lib/thumb/v7-m/nofp\libg.a(lib_a-init.o)
 .ARM.attributes
                0x000002e1       0x2d d:/gcc-arm-none-eabi/bin/../lib/gcc/arm-none-eabi/9.3.1/../../../../arm-none-eabi/lib/thumb/v7-m/nofp\libg.a(lib_a-__call_atexit.o)
 .ARM.attributes
                0x0000030e       0x2d d:/gcc-arm-none-eabi/bin/../lib/gcc/arm-none-eabi/9.3.1/../../../../arm-none-eabi/lib/thumb/v7-m/nofp\libg.a(lib_a-atexit.o)
 .ARM.attributes
                0x0000033b       0x2d d:/gcc-arm-none-eabi/bin/../lib/gcc/arm-none-eabi/9.3.1/../../../../arm-none-eabi/lib/thumb/v7-m/nofp\libg.a(lib_a-fini.o)
 .ARM.attributes
                0x00000368       0x2d d:/gcc-arm-none-eabi/bin/../lib/gcc/arm-none-eabi/9.3.1/../../../../arm-none-eabi/lib/thumb/v7-m/nofp\libg.a(lib_a-lock.o)
 .ARM.attributes
                0x00000395       0x2d d:/gcc-arm-none-eabi/bin/../lib/gcc/arm-none-eabi/9.3.1/../../../../arm-none-eabi/lib/thumb/v7-m/nofp\libg.a(lib_a-__atexit.o)
 .ARM.attributes
                0x000003c2       0x1d d:/gcc-arm-none-eabi/bin/../lib/gcc/arm-none-eabi/9.3.1/thumb/v7-m/nofp/crtn.o
OUTPUT(newfolder.elf elf32-littlearm)
LOAD linker stubs
LOAD d:/gcc-arm-none-eabi/bin/../lib/gcc/arm-none-eabi/9.3.1/../../../../arm-none-eabi/lib/thumb/v7-m/nofp\libc.a
LOAD d:/gcc-arm-none-eabi/bin/../lib/gcc/arm-none-eabi/9.3.1/../../../../arm-none-eabi/lib/thumb/v7-m/nofp\libm.a
LOAD d:/gcc-arm-none-eabi/bin/../lib/gcc/arm-none-eabi/9.3.1/thumb/v7-m/nofp\libgcc.a

.debug_info     0x00000000     0x7b45
 .debug_info    0x00000000      0x44f CMakeFiles/newfolder.elf.dir/Core/Src/main.c.obj
 .debug_info    0x0000044f     0x1414 CMakeFiles/newfolder.elf.dir/Core/Src/stm32f1xx_hal_msp.c.obj
 .debug_info    0x00001863      0xb49 CMakeFiles/newfolder.elf.dir/Core/Src/stm32f1xx_it.c.obj
 .debug_info    0x000023ac      0x2c9 CMakeFiles/newfolder.elf.dir/Core/Src/system_stm32f1xx.c.obj
 .debug_info    0x00002675      0x897 CMakeFiles/newfolder.elf.dir/Drivers/STM32F1xx_HAL_Driver/Src/stm32f1xx_hal.c.obj
 .debug_info    0x00002f0c      0xfd8 CMakeFiles/newfolder.elf.dir/Drivers/STM32F1xx_HAL_Driver/Src/stm32f1xx_hal_adc.c.obj
 .debug_info    0x00003ee4      0xca9 CMakeFiles/newfolder.elf.dir/Drivers/STM32F1xx_HAL_Driver/Src/stm32f1xx_hal_adc_ex.c.obj
 .debug_info    0x00004b8d      0xeac CMakeFiles/newfolder.elf.dir/Drivers/STM32F1xx_HAL_Driver/Src/stm32f1xx_hal_cortex.c.obj
 .debug_info    0x00005a39      0x75b CMakeFiles/newfolder.elf.dir/Drivers/STM32F1xx_HAL_Driver/Src/stm32f1xx_hal_gpio.c.obj
 .debug_info    0x00006194      0xaab CMakeFiles/newfolder.elf.dir/Drivers/STM32F1xx_HAL_Driver/Src/stm32f1xx_hal_rcc.c.obj
 .debug_info    0x00006c3f      0x538 CMakeFiles/newfolder.elf.dir/Drivers/STM32F1xx_HAL_Driver/Src/stm32f1xx_hal_rcc_ex.c.obj
 .debug_info    0x00007177      0x9ac CMakeFiles/newfolder.elf.dir/Hardware/adc1.c.obj
 .debug_info    0x00007b23       0x22 CMakeFiles/newfolder.elf.dir/startup/startup_stm32f103xe.s.obj

.debug_abbrev   0x00000000     0x1a2b
 .debug_abbrev  0x00000000      0x1b5 CMakeFiles/newfolder.elf.dir/Core/Src/main.c.obj
 .debug_abbrev  0x000001b5      0x258 CMakeFiles/newfolder.elf.dir/Core/Src/stm32f1xx_hal_msp.c.obj
 .debug_abbrev  0x0000040d      0x1ad CMakeFiles/newfolder.elf.dir/Core/Src/stm32f1xx_it.c.obj
 .debug_abbrev  0x000005ba      0x151 CMakeFiles/newfolder.elf.dir/Core/Src/system_stm32f1xx.c.obj
 .debug_abbrev  0x0000070b      0x219 CMakeFiles/newfolder.elf.dir/Drivers/STM32F1xx_HAL_Driver/Src/stm32f1xx_hal.c.obj
 .debug_abbrev  0x00000924      0x228 CMakeFiles/newfolder.elf.dir/Drivers/STM32F1xx_HAL_Driver/Src/stm32f1xx_hal_adc.c.obj
 .debug_abbrev  0x00000b4c      0x272 CMakeFiles/newfolder.elf.dir/Drivers/STM32F1xx_HAL_Driver/Src/stm32f1xx_hal_adc_ex.c.obj
 .debug_abbrev  0x00000dbe      0x367 CMakeFiles/newfolder.elf.dir/Drivers/STM32F1xx_HAL_Driver/Src/stm32f1xx_hal_cortex.c.obj
 .debug_abbrev  0x00001125      0x213 CMakeFiles/newfolder.elf.dir/Drivers/STM32F1xx_HAL_Driver/Src/stm32f1xx_hal_gpio.c.obj
 .debug_abbrev  0x00001338      0x28d CMakeFiles/newfolder.elf.dir/Drivers/STM32F1xx_HAL_Driver/Src/stm32f1xx_hal_rcc.c.obj
 .debug_abbrev  0x000015c5      0x1f8 CMakeFiles/newfolder.elf.dir/Drivers/STM32F1xx_HAL_Driver/Src/stm32f1xx_hal_rcc_ex.c.obj
 .debug_abbrev  0x000017bd      0x25c CMakeFiles/newfolder.elf.dir/Hardware/adc1.c.obj
 .debug_abbrev  0x00001a19       0x12 CMakeFiles/newfolder.elf.dir/startup/startup_stm32f103xe.s.obj

.debug_aranges  0x00000000      0x590
 .debug_aranges
                0x00000000       0x30 CMakeFiles/newfolder.elf.dir/Core/Src/main.c.obj
 .debug_aranges
                0x00000030       0x58 CMakeFiles/newfolder.elf.dir/Core/Src/stm32f1xx_hal_msp.c.obj
 .debug_aranges
                0x00000088       0x90 CMakeFiles/newfolder.elf.dir/Core/Src/stm32f1xx_it.c.obj
 .debug_aranges
                0x00000118       0x28 CMakeFiles/newfolder.elf.dir/Core/Src/system_stm32f1xx.c.obj
 .debug_aranges
                0x00000140       0xe0 CMakeFiles/newfolder.elf.dir/Drivers/STM32F1xx_HAL_Driver/Src/stm32f1xx_hal.c.obj
 .debug_aranges
                0x00000220       0xf0 CMakeFiles/newfolder.elf.dir/Drivers/STM32F1xx_HAL_Driver/Src/stm32f1xx_hal_adc.c.obj
 .debug_aranges
                0x00000310       0x80 CMakeFiles/newfolder.elf.dir/Drivers/STM32F1xx_HAL_Driver/Src/stm32f1xx_hal_adc_ex.c.obj
 .debug_aranges
                0x00000390       0x90 CMakeFiles/newfolder.elf.dir/Drivers/STM32F1xx_HAL_Driver/Src/stm32f1xx_hal_cortex.c.obj
 .debug_aranges
                0x00000420       0x58 CMakeFiles/newfolder.elf.dir/Drivers/STM32F1xx_HAL_Driver/Src/stm32f1xx_hal_gpio.c.obj
 .debug_aranges
                0x00000478       0x90 CMakeFiles/newfolder.elf.dir/Drivers/STM32F1xx_HAL_Driver/Src/stm32f1xx_hal_rcc.c.obj
 .debug_aranges
                0x00000508       0x30 CMakeFiles/newfolder.elf.dir/Drivers/STM32F1xx_HAL_Driver/Src/stm32f1xx_hal_rcc_ex.c.obj
 .debug_aranges
                0x00000538       0x30 CMakeFiles/newfolder.elf.dir/Hardware/adc1.c.obj
 .debug_aranges
                0x00000568       0x28 CMakeFiles/newfolder.elf.dir/startup/startup_stm32f103xe.s.obj

.debug_ranges   0x00000000      0x560
 .debug_ranges  0x00000000       0x20 CMakeFiles/newfolder.elf.dir/Core/Src/main.c.obj
 .debug_ranges  0x00000020       0x48 CMakeFiles/newfolder.elf.dir/Core/Src/stm32f1xx_hal_msp.c.obj
 .debug_ranges  0x00000068       0x80 CMakeFiles/newfolder.elf.dir/Core/Src/stm32f1xx_it.c.obj
 .debug_ranges  0x000000e8       0x18 CMakeFiles/newfolder.elf.dir/Core/Src/system_stm32f1xx.c.obj
 .debug_ranges  0x00000100       0xd0 CMakeFiles/newfolder.elf.dir/Drivers/STM32F1xx_HAL_Driver/Src/stm32f1xx_hal.c.obj
 .debug_ranges  0x000001d0       0xe0 CMakeFiles/newfolder.elf.dir/Drivers/STM32F1xx_HAL_Driver/Src/stm32f1xx_hal_adc.c.obj
 .debug_ranges  0x000002b0       0x70 CMakeFiles/newfolder.elf.dir/Drivers/STM32F1xx_HAL_Driver/Src/stm32f1xx_hal_adc_ex.c.obj
 .debug_ranges  0x00000320       0xe0 CMakeFiles/newfolder.elf.dir/Drivers/STM32F1xx_HAL_Driver/Src/stm32f1xx_hal_cortex.c.obj
 .debug_ranges  0x00000400       0x48 CMakeFiles/newfolder.elf.dir/Drivers/STM32F1xx_HAL_Driver/Src/stm32f1xx_hal_gpio.c.obj
 .debug_ranges  0x00000448       0xa0 CMakeFiles/newfolder.elf.dir/Drivers/STM32F1xx_HAL_Driver/Src/stm32f1xx_hal_rcc.c.obj
 .debug_ranges  0x000004e8       0x38 CMakeFiles/newfolder.elf.dir/Drivers/STM32F1xx_HAL_Driver/Src/stm32f1xx_hal_rcc_ex.c.obj
 .debug_ranges  0x00000520       0x20 CMakeFiles/newfolder.elf.dir/Hardware/adc1.c.obj
 .debug_ranges  0x00000540       0x20 CMakeFiles/newfolder.elf.dir/startup/startup_stm32f103xe.s.obj

.debug_line     0x00000000     0x501f
 .debug_line    0x00000000      0x306 CMakeFiles/newfolder.elf.dir/Core/Src/main.c.obj
 .debug_line    0x00000306      0x541 CMakeFiles/newfolder.elf.dir/Core/Src/stm32f1xx_hal_msp.c.obj
 .debug_line    0x00000847      0x39a CMakeFiles/newfolder.elf.dir/Core/Src/stm32f1xx_it.c.obj
 .debug_line    0x00000be1      0x29a CMakeFiles/newfolder.elf.dir/Core/Src/system_stm32f1xx.c.obj
 .debug_line    0x00000e7b      0x52a CMakeFiles/newfolder.elf.dir/Drivers/STM32F1xx_HAL_Driver/Src/stm32f1xx_hal.c.obj
 .debug_line    0x000013a5      0xee3 CMakeFiles/newfolder.elf.dir/Drivers/STM32F1xx_HAL_Driver/Src/stm32f1xx_hal_adc.c.obj
 .debug_line    0x00002288      0xbb7 CMakeFiles/newfolder.elf.dir/Drivers/STM32F1xx_HAL_Driver/Src/stm32f1xx_hal_adc_ex.c.obj
 .debug_line    0x00002e3f      0x680 CMakeFiles/newfolder.elf.dir/Drivers/STM32F1xx_HAL_Driver/Src/stm32f1xx_hal_cortex.c.obj
 .debug_line    0x000034bf      0x63d CMakeFiles/newfolder.elf.dir/Drivers/STM32F1xx_HAL_Driver/Src/stm32f1xx_hal_gpio.c.obj
 .debug_line    0x00003afc      0xc47 CMakeFiles/newfolder.elf.dir/Drivers/STM32F1xx_HAL_Driver/Src/stm32f1xx_hal_rcc.c.obj
 .debug_line    0x00004743      0x4fc CMakeFiles/newfolder.elf.dir/Drivers/STM32F1xx_HAL_Driver/Src/stm32f1xx_hal_rcc_ex.c.obj
 .debug_line    0x00004c3f      0x351 CMakeFiles/newfolder.elf.dir/Hardware/adc1.c.obj
 .debug_line    0x00004f90       0x8f CMakeFiles/newfolder.elf.dir/startup/startup_stm32f103xe.s.obj

.debug_str      0x00000000     0x247e
 .debug_str     0x00000000      0x498 CMakeFiles/newfolder.elf.dir/Core/Src/main.c.obj
                                0x4e5 (size before relaxing)
 .debug_str     0x00000498      0xd3e CMakeFiles/newfolder.elf.dir/Core/Src/stm32f1xx_hal_msp.c.obj
                               0x106d (size before relaxing)
 .debug_str     0x000011d6      0x14f CMakeFiles/newfolder.elf.dir/Core/Src/stm32f1xx_it.c.obj
                                0xa9f (size before relaxing)
 .debug_str     0x00001325       0x64 CMakeFiles/newfolder.elf.dir/Core/Src/system_stm32f1xx.c.obj
                                0x315 (size before relaxing)
 .debug_str     0x00001389      0x295 CMakeFiles/newfolder.elf.dir/Drivers/STM32F1xx_HAL_Driver/Src/stm32f1xx_hal.c.obj
                                0x976 (size before relaxing)
 .debug_str     0x0000161e      0x38f CMakeFiles/newfolder.elf.dir/Drivers/STM32F1xx_HAL_Driver/Src/stm32f1xx_hal_adc.c.obj
                                0x9b0 (size before relaxing)
 .debug_str     0x000019ad      0x2a3 CMakeFiles/newfolder.elf.dir/Drivers/STM32F1xx_HAL_Driver/Src/stm32f1xx_hal_adc_ex.c.obj
                                0x963 (size before relaxing)
 .debug_str     0x00001c50      0x3a6 CMakeFiles/newfolder.elf.dir/Drivers/STM32F1xx_HAL_Driver/Src/stm32f1xx_hal_cortex.c.obj
                                0xa92 (size before relaxing)
 .debug_str     0x00001ff6      0x15a CMakeFiles/newfolder.elf.dir/Drivers/STM32F1xx_HAL_Driver/Src/stm32f1xx_hal_gpio.c.obj
                                0x4ff (size before relaxing)
 .debug_str     0x00002150      0x1f7 CMakeFiles/newfolder.elf.dir/Drivers/STM32F1xx_HAL_Driver/Src/stm32f1xx_hal_rcc.c.obj
                                0x6e1 (size before relaxing)
 .debug_str     0x00002347       0x96 CMakeFiles/newfolder.elf.dir/Drivers/STM32F1xx_HAL_Driver/Src/stm32f1xx_hal_rcc_ex.c.obj
                                0x4fe (size before relaxing)
 .debug_str     0x000023dd       0x60 CMakeFiles/newfolder.elf.dir/Hardware/adc1.c.obj
                                0x733 (size before relaxing)
 .debug_str     0x0000243d       0x41 CMakeFiles/newfolder.elf.dir/startup/startup_stm32f103xe.s.obj
                                 0x68 (size before relaxing)

.comment        0x00000000       0x4c
 .comment       0x00000000       0x4c CMakeFiles/newfolder.elf.dir/Core/Src/main.c.obj
                                 0x4d (size before relaxing)
 .comment       0x0000004c       0x4d CMakeFiles/newfolder.elf.dir/Core/Src/stm32f1xx_hal_msp.c.obj
 .comment       0x0000004c       0x4d CMakeFiles/newfolder.elf.dir/Core/Src/stm32f1xx_it.c.obj
 .comment       0x0000004c       0x4d CMakeFiles/newfolder.elf.dir/Core/Src/system_stm32f1xx.c.obj
 .comment       0x0000004c       0x4d CMakeFiles/newfolder.elf.dir/Drivers/STM32F1xx_HAL_Driver/Src/stm32f1xx_hal.c.obj
 .comment       0x0000004c       0x4d CMakeFiles/newfolder.elf.dir/Drivers/STM32F1xx_HAL_Driver/Src/stm32f1xx_hal_adc.c.obj
 .comment       0x0000004c       0x4d CMakeFiles/newfolder.elf.dir/Drivers/STM32F1xx_HAL_Driver/Src/stm32f1xx_hal_adc_ex.c.obj
 .comment       0x0000004c       0x4d CMakeFiles/newfolder.elf.dir/Drivers/STM32F1xx_HAL_Driver/Src/stm32f1xx_hal_cortex.c.obj
 .comment       0x0000004c       0x4d CMakeFiles/newfolder.elf.dir/Drivers/STM32F1xx_HAL_Driver/Src/stm32f1xx_hal_gpio.c.obj
 .comment       0x0000004c       0x4d CMakeFiles/newfolder.elf.dir/Drivers/STM32F1xx_HAL_Driver/Src/stm32f1xx_hal_rcc.c.obj
 .comment       0x0000004c       0x4d CMakeFiles/newfolder.elf.dir/Drivers/STM32F1xx_HAL_Driver/Src/stm32f1xx_hal_rcc_ex.c.obj
 .comment       0x0000004c       0x4d CMakeFiles/newfolder.elf.dir/Hardware/adc1.c.obj

.debug_frame    0x00000000      0xee4
 .debug_frame   0x00000000       0x58 CMakeFiles/newfolder.elf.dir/Core/Src/main.c.obj
 .debug_frame   0x00000058       0xec CMakeFiles/newfolder.elf.dir/Core/Src/stm32f1xx_hal_msp.c.obj
 .debug_frame   0x00000144      0x108 CMakeFiles/newfolder.elf.dir/Core/Src/stm32f1xx_it.c.obj
 .debug_frame   0x0000024c       0x30 CMakeFiles/newfolder.elf.dir/Core/Src/system_stm32f1xx.c.obj
 .debug_frame   0x0000027c      0x1cc CMakeFiles/newfolder.elf.dir/Drivers/STM32F1xx_HAL_Driver/Src/stm32f1xx_hal.c.obj
 .debug_frame   0x00000448      0x2cc CMakeFiles/newfolder.elf.dir/Drivers/STM32F1xx_HAL_Driver/Src/stm32f1xx_hal_adc.c.obj
 .debug_frame   0x00000714      0x190 CMakeFiles/newfolder.elf.dir/Drivers/STM32F1xx_HAL_Driver/Src/stm32f1xx_hal_adc_ex.c.obj
 .debug_frame   0x000008a4      0x12c CMakeFiles/newfolder.elf.dir/Drivers/STM32F1xx_HAL_Driver/Src/stm32f1xx_hal_cortex.c.obj
 .debug_frame   0x000009d0       0xe8 CMakeFiles/newfolder.elf.dir/Drivers/STM32F1xx_HAL_Driver/Src/stm32f1xx_hal_gpio.c.obj
 .debug_frame   0x00000ab8      0x190 CMakeFiles/newfolder.elf.dir/Drivers/STM32F1xx_HAL_Driver/Src/stm32f1xx_hal_rcc.c.obj
 .debug_frame   0x00000c48       0x68 CMakeFiles/newfolder.elf.dir/Drivers/STM32F1xx_HAL_Driver/Src/stm32f1xx_hal_rcc_ex.c.obj
 .debug_frame   0x00000cb0       0x74 CMakeFiles/newfolder.elf.dir/Hardware/adc1.c.obj
 .debug_frame   0x00000d24       0x2c d:/gcc-arm-none-eabi/bin/../lib/gcc/arm-none-eabi/9.3.1/../../../../arm-none-eabi/lib/thumb/v7-m/nofp\libg.a(lib_a-init.o)
 .debug_frame   0x00000d50       0x5c d:/gcc-arm-none-eabi/bin/../lib/gcc/arm-none-eabi/9.3.1/../../../../arm-none-eabi/lib/thumb/v7-m/nofp\libg.a(lib_a-__call_atexit.o)
 .debug_frame   0x00000dac       0x20 d:/gcc-arm-none-eabi/bin/../lib/gcc/arm-none-eabi/9.3.1/../../../../arm-none-eabi/lib/thumb/v7-m/nofp\libg.a(lib_a-atexit.o)
 .debug_frame   0x00000dcc       0x34 d:/gcc-arm-none-eabi/bin/../lib/gcc/arm-none-eabi/9.3.1/../../../../arm-none-eabi/lib/thumb/v7-m/nofp\libg.a(lib_a-fini.o)
 .debug_frame   0x00000e00       0xb0 d:/gcc-arm-none-eabi/bin/../lib/gcc/arm-none-eabi/9.3.1/../../../../arm-none-eabi/lib/thumb/v7-m/nofp\libg.a(lib_a-lock.o)
 .debug_frame   0x00000eb0       0x34 d:/gcc-arm-none-eabi/bin/../lib/gcc/arm-none-eabi/9.3.1/../../../../arm-none-eabi/lib/thumb/v7-m/nofp\libg.a(lib_a-__atexit.o)

.debug_loc      0x00000000     0x2d6c
 .debug_loc     0x00000000      0x196 CMakeFiles/newfolder.elf.dir/Core/Src/stm32f1xx_hal_msp.c.obj
 .debug_loc     0x00000196       0xff CMakeFiles/newfolder.elf.dir/Core/Src/system_stm32f1xx.c.obj
 .debug_loc     0x00000295      0x141 CMakeFiles/newfolder.elf.dir/Drivers/STM32F1xx_HAL_Driver/Src/stm32f1xx_hal.c.obj
 .debug_loc     0x000003d6      0xad9 CMakeFiles/newfolder.elf.dir/Drivers/STM32F1xx_HAL_Driver/Src/stm32f1xx_hal_adc.c.obj
 .debug_loc     0x00000eaf      0x8e3 CMakeFiles/newfolder.elf.dir/Drivers/STM32F1xx_HAL_Driver/Src/stm32f1xx_hal_adc_ex.c.obj
 .debug_loc     0x00001792      0x71f CMakeFiles/newfolder.elf.dir/Drivers/STM32F1xx_HAL_Driver/Src/stm32f1xx_hal_cortex.c.obj
 .debug_loc     0x00001eb1      0x45b CMakeFiles/newfolder.elf.dir/Drivers/STM32F1xx_HAL_Driver/Src/stm32f1xx_hal_gpio.c.obj
 .debug_loc     0x0000230c      0x610 CMakeFiles/newfolder.elf.dir/Drivers/STM32F1xx_HAL_Driver/Src/stm32f1xx_hal_rcc.c.obj
 .debug_loc     0x0000291c      0x3b6 CMakeFiles/newfolder.elf.dir/Drivers/STM32F1xx_HAL_Driver/Src/stm32f1xx_hal_rcc_ex.c.obj
 .debug_loc     0x00002cd2       0x9a CMakeFiles/newfolder.elf.dir/Hardware/adc1.c.obj
