Archive member included to satisfy reference by file (symbol)

d:/gcc-arm-none-eabi/bin/../lib/gcc/arm-none-eabi/9.3.1/../../../../arm-none-eabi/lib/thumb/v7-m/nofp\libg.a(lib_a-errno.o)
                              CMakeFiles/newfolder.elf.dir/Core/Src/syscalls.c.obj (__errno)
d:/gcc-arm-none-eabi/bin/../lib/gcc/arm-none-eabi/9.3.1/../../../../arm-none-eabi/lib/thumb/v7-m/nofp\libg.a(lib_a-exit.o)
                              d:/gcc-arm-none-eabi/bin/../lib/gcc/arm-none-eabi/9.3.1/../../../../arm-none-eabi/lib/thumb/v7-m/nofp/crt0.o (exit)
d:/gcc-arm-none-eabi/bin/../lib/gcc/arm-none-eabi/9.3.1/../../../../arm-none-eabi/lib/thumb/v7-m/nofp\libg.a(lib_a-impure.o)
                              d:/gcc-arm-none-eabi/bin/../lib/gcc/arm-none-eabi/9.3.1/../../../../arm-none-eabi/lib/thumb/v7-m/nofp\libg.a(lib_a-exit.o) (_global_impure_ptr)
d:/gcc-arm-none-eabi/bin/../lib/gcc/arm-none-eabi/9.3.1/../../../../arm-none-eabi/lib/thumb/v7-m/nofp\libg.a(lib_a-init.o)
                              d:/gcc-arm-none-eabi/bin/../lib/gcc/arm-none-eabi/9.3.1/../../../../arm-none-eabi/lib/thumb/v7-m/nofp/crt0.o (__libc_init_array)
d:/gcc-arm-none-eabi/bin/../lib/gcc/arm-none-eabi/9.3.1/../../../../arm-none-eabi/lib/thumb/v7-m/nofp\libg.a(lib_a-memset.o)
                              d:/gcc-arm-none-eabi/bin/../lib/gcc/arm-none-eabi/9.3.1/../../../../arm-none-eabi/lib/thumb/v7-m/nofp/crt0.o (memset)
d:/gcc-arm-none-eabi/bin/../lib/gcc/arm-none-eabi/9.3.1/../../../../arm-none-eabi/lib/thumb/v7-m/nofp\libg.a(lib_a-puts.o)
                              CMakeFiles/newfolder.elf.dir/Core/Src/main.c.obj (puts)
d:/gcc-arm-none-eabi/bin/../lib/gcc/arm-none-eabi/9.3.1/../../../../arm-none-eabi/lib/thumb/v7-m/nofp\libg.a(lib_a-strlen-stub.o)
                              d:/gcc-arm-none-eabi/bin/../lib/gcc/arm-none-eabi/9.3.1/../../../../arm-none-eabi/lib/thumb/v7-m/nofp\libg.a(lib_a-puts.o) (strlen)
d:/gcc-arm-none-eabi/bin/../lib/gcc/arm-none-eabi/9.3.1/../../../../arm-none-eabi/lib/thumb/v7-m/nofp\libg.a(lib_a-__call_atexit.o)
                              d:/gcc-arm-none-eabi/bin/../lib/gcc/arm-none-eabi/9.3.1/../../../../arm-none-eabi/lib/thumb/v7-m/nofp\libg.a(lib_a-exit.o) (__call_exitprocs)
d:/gcc-arm-none-eabi/bin/../lib/gcc/arm-none-eabi/9.3.1/../../../../arm-none-eabi/lib/thumb/v7-m/nofp\libg.a(lib_a-atexit.o)
                              d:/gcc-arm-none-eabi/bin/../lib/gcc/arm-none-eabi/9.3.1/../../../../arm-none-eabi/lib/thumb/v7-m/nofp\libg.a(lib_a-__call_atexit.o) (atexit)
d:/gcc-arm-none-eabi/bin/../lib/gcc/arm-none-eabi/9.3.1/../../../../arm-none-eabi/lib/thumb/v7-m/nofp\libg.a(lib_a-findfp.o)
                              d:/gcc-arm-none-eabi/bin/../lib/gcc/arm-none-eabi/9.3.1/../../../../arm-none-eabi/lib/thumb/v7-m/nofp\libg.a(lib_a-puts.o) (__sinit)
d:/gcc-arm-none-eabi/bin/../lib/gcc/arm-none-eabi/9.3.1/../../../../arm-none-eabi/lib/thumb/v7-m/nofp\libg.a(lib_a-fini.o)
                              d:/gcc-arm-none-eabi/bin/../lib/gcc/arm-none-eabi/9.3.1/../../../../arm-none-eabi/lib/thumb/v7-m/nofp\libg.a(lib_a-__call_atexit.o) (__libc_fini_array)
d:/gcc-arm-none-eabi/bin/../lib/gcc/arm-none-eabi/9.3.1/../../../../arm-none-eabi/lib/thumb/v7-m/nofp\libg.a(lib_a-fvwrite.o)
                              d:/gcc-arm-none-eabi/bin/../lib/gcc/arm-none-eabi/9.3.1/../../../../arm-none-eabi/lib/thumb/v7-m/nofp\libg.a(lib_a-puts.o) (__sfvwrite_r)
d:/gcc-arm-none-eabi/bin/../lib/gcc/arm-none-eabi/9.3.1/../../../../arm-none-eabi/lib/thumb/v7-m/nofp\libg.a(lib_a-fwalk.o)
                              d:/gcc-arm-none-eabi/bin/../lib/gcc/arm-none-eabi/9.3.1/../../../../arm-none-eabi/lib/thumb/v7-m/nofp\libg.a(lib_a-findfp.o) (_fwalk)
d:/gcc-arm-none-eabi/bin/../lib/gcc/arm-none-eabi/9.3.1/../../../../arm-none-eabi/lib/thumb/v7-m/nofp\libg.a(lib_a-lock.o)
                              d:/gcc-arm-none-eabi/bin/../lib/gcc/arm-none-eabi/9.3.1/../../../../arm-none-eabi/lib/thumb/v7-m/nofp\libg.a(lib_a-findfp.o) (__retarget_lock_init_recursive)
d:/gcc-arm-none-eabi/bin/../lib/gcc/arm-none-eabi/9.3.1/../../../../arm-none-eabi/lib/thumb/v7-m/nofp\libg.a(lib_a-mallocr.o)
                              d:/gcc-arm-none-eabi/bin/../lib/gcc/arm-none-eabi/9.3.1/../../../../arm-none-eabi/lib/thumb/v7-m/nofp\libg.a(lib_a-findfp.o) (_malloc_r)
d:/gcc-arm-none-eabi/bin/../lib/gcc/arm-none-eabi/9.3.1/../../../../arm-none-eabi/lib/thumb/v7-m/nofp\libg.a(lib_a-memchr-stub.o)
                              d:/gcc-arm-none-eabi/bin/../lib/gcc/arm-none-eabi/9.3.1/../../../../arm-none-eabi/lib/thumb/v7-m/nofp\libg.a(lib_a-fvwrite.o) (memchr)
d:/gcc-arm-none-eabi/bin/../lib/gcc/arm-none-eabi/9.3.1/../../../../arm-none-eabi/lib/thumb/v7-m/nofp\libg.a(lib_a-memcpy.o)
                              d:/gcc-arm-none-eabi/bin/../lib/gcc/arm-none-eabi/9.3.1/../../../../arm-none-eabi/lib/thumb/v7-m/nofp\libg.a(lib_a-fvwrite.o) (memcpy)
d:/gcc-arm-none-eabi/bin/../lib/gcc/arm-none-eabi/9.3.1/../../../../arm-none-eabi/lib/thumb/v7-m/nofp\libg.a(lib_a-memmove.o)
[...]
Memory Configuration

Name             Origin             Length             Attributes
RAM              0x20000000         0x00010000         xrw
FLASH            0x08000000         0x00080000         xr
*default*        0x00000000         0xffffffff

Linker script and memory map

LOAD d:/gcc-arm-none-eabi/bin/../lib/gcc/arm-none-eabi/9.3.1/thumb/v7-m/nofp/crti.o
LOAD d:/gcc-arm-none-eabi/bin/../lib/gcc/arm-none-eabi/9.3.1/thumb/v7-m/nofp/crtbegin.o
LOAD d:/gcc-arm-none-eabi/bin/../lib/gcc/arm-none-eabi/9.3.1/../../../../arm-none-eabi/lib/thumb/v7-m/nofp/crt0.o
LOAD CMakeFiles/newfolder.elf.dir/Core/Src/main.c.obj
LOAD CMakeFiles/newfolder.elf.dir/Core/Src/stm32f1xx_hal_msp.c.obj
LOAD CMakeFiles/newfolder.elf.dir/Core/Src/stm32f1xx_it.c.obj
LOAD CMakeFiles/newfolder.elf.dir/Core/Src/syscalls.c.obj
LOAD CMakeFiles/newfolder.elf.dir/Core/Src/system_stm32f1xx.c.obj
LOAD CMakeFiles/newfolder.elf.dir/Drivers/STM32F1xx_HAL_Driver/Src/stm32f1xx_hal.c.obj
LOAD CMakeFiles/newfolder.elf.dir/Drivers/STM32F1xx_HAL_Driver/Src/stm32f1xx_hal_cortex.c.obj
LOAD CMakeFiles/newfolder.elf.dir/Drivers/STM32F1xx_HAL_Driver/Src/stm32f1xx_hal_dma.c.obj
LOAD CMakeFiles/newfolder.elf.dir/Drivers/STM32F1xx_HAL_Driver/Src/stm32f1xx_hal_exti.c.obj
LOAD CMakeFiles/newfolder.elf.dir/Drivers/STM32F1xx_HAL_Driver/Src/stm32f1xx_hal_flash.c.obj
LOAD CMakeFiles/newfolder.elf.dir/Drivers/STM32F1xx_HAL_Driver/Src/stm32f1xx_hal_flash_ex.c.obj
LOAD CMakeFiles/newfolder.elf.dir/Drivers/STM32F1xx_HAL_Driver/Src/stm32f1xx_hal_gpio.c.obj
LOAD CMakeFiles/newfolder.elf.dir/Drivers/STM32F1xx_HAL_Driver/Src/stm32f1xx_hal_gpio_ex.c.obj
LOAD CMakeFiles/newfolder.elf.dir/Drivers/STM32F1xx_HAL_Driver/Src/stm32f1xx_hal_iwdg.c.obj
LOAD CMakeFiles/newfolder.elf.dir/Drivers/STM32F1xx_HAL_Driver/Src/stm32f1xx_hal_pwr.c.obj
LOAD CMakeFiles/newfolder.elf.dir/Drivers/STM32F1xx_HAL_Driver/Src/stm32f1xx_hal_rcc.c.obj
LOAD CMakeFiles/newfolder.elf.dir/Drivers/STM32F1xx_HAL_Driver/Src/stm32f1xx_hal_rcc_ex.c.obj
LOAD CMakeFiles/newfolder.elf.dir/Drivers/STM32F1xx_HAL_Driver/Src/stm32f1xx_hal_tim.c.obj
LOAD CMakeFiles/newfolder.elf.dir/Drivers/STM32F1xx_HAL_Driver/Src/stm32f1xx_hal_tim_ex.c.obj
LOAD CMakeFiles/newfolder.elf.dir/Drivers/STM32F1xx_HAL_Driver/Src/stm32f1xx_hal_uart.c.obj
LOAD CMakeFiles/newfolder.elf.dir/Drivers/STM32F1xx_HAL_Driver/Src/stm32f1xx_hal_wwdg.c.obj
LOAD CMakeFiles/newfolder.elf.dir/Hardware/Key.c.obj
LOAD CMakeFiles/newfolder.elf.dir/Hardware/Led.c.obj
LOAD CMakeFiles/newfolder.elf.dir/Hardware/uart.c.obj
LOAD CMakeFiles/newfolder.elf.dir/startup/startup_stm32f103xe.s.obj
START GROUP
LOAD d:/gcc-arm-none-eabi/bin/../lib/gcc/arm-none-eabi/9.3.1/thumb/v7-m/nofp\libgcc.a
LOAD d:/gcc-arm-none-eabi/bin/../lib/gcc/arm-none-eabi/9.3.1/../../../../arm-none-eabi/lib/thumb/v7-m/nofp\libg.a
LOAD d:/gcc-arm-none-eabi/bin/../lib/gcc/arm-none-eabi/9.3.1/../../../../arm-none-eabi/lib/thumb/v7-m/nofp\libc.a
END GROUP
LOAD d:/gcc-arm-none-eabi/bin/../lib/gcc/arm-none-eabi/9.3.1/thumb/v7-m/nofp/crtend.o
LOAD d:/gcc-arm-none-eabi/bin/../lib/gcc/arm-none-eabi/9.3.1/thumb/v7-m/nofp/crtn.o
                0x20010000                _estack = 0x20010000
                0x00000400                _Min_Heap_Size = 0x400
                0x00000800                _Min_Stack_Size = 0x800

.isr_vector     0x08000000      0x1e4
                0x08000000                . = ALIGN (0x4)
 *(.isr_vector)
 .isr_vector    0x08000000      0x1e4 CMakeFiles/newfolder.elf.dir/startup/startup_stm32f103xe.s.obj
                0x08000000                g_pfnVectors
                0x080001e4                . = ALIGN (0x4)

.text           0x080001e4     0x3448
                0x080001e4                . = ALIGN (0x4)
 *(.text)
 .text          0x080001e4       0x40 d:/gcc-arm-none-eabi/bin/../lib/gcc/arm-none-eabi/9.3.1/thumb/v7-m/nofp/crtbegin.o
 .text          0x08000224       0xec d:/gcc-arm-none-eabi/bin/../lib/gcc/arm-none-eabi/9.3.1/../../../../arm-none-eabi/lib/thumb/v7-m/nofp\libg.a(lib_a-memcpy.o)
                0x08000224                memcpy
 *(.text*)
 .text.MX_USART1_UART_Init
                0x08000310       0xbc CMakeFiles/newfolder.elf.dir/Core/Src/main.c.obj
                0x08000310                MX_USART1_UART_Init
 .text.SystemClock_Config
                0x080003cc       0x54 CMakeFiles/newfolder.elf.dir/Core/Src/main.c.obj
                0x080003cc                SystemClock_Config
 .text.main     0x08000420       0xa0 CMakeFiles/newfolder.elf.dir/Core/Src/main.c.obj
                0x08000420                main
 .text.Error_Handler
                0x080004c0        0x2 CMakeFiles/newfolder.elf.dir/Core/Src/main.c.obj
                0x080004c0                Error_Handler
 *fill*         0x080004c2        0x2 
 .text.HAL_MspInit
                0x080004c4       0x44 CMakeFiles/newfolder.elf.dir/Core/Src/stm32f1xx_hal_msp.c.obj
                0x080004c4                HAL_MspInit
 .text.HAL_UART_MspInit
                0x08000508       0xf0 CMakeFiles/newfolder.elf.dir/Core/Src/stm32f1xx_hal_msp.c.obj
                0x08000508                HAL_UART_MspInit
 .text.NMI_Handler
                0x080005f8        0x2 CMakeFiles/newfolder.elf.dir/Core/Src/stm32f1xx_it.c.obj
                0x080005f8                NMI_Handler
 .text.HardFault_Handler
                0x080005fa        0x2 CMakeFiles/newfolder.elf.dir/Core/Src/stm32f1xx_it.c.obj
                0x080005fa                HardFault_Handler
 .text.MemManage_Handler
                0x080005fc        0x2 CMakeFiles/newfolder.elf.dir/Core/Src/stm32f1xx_it.c.obj
                0x080005fc                MemManage_Handler
 .text.BusFault_Handler
                0x080005fe        0x2 CMakeFiles/newfolder.elf.dir/Core/Src/stm32f1xx_it.c.obj
                0x080005fe                BusFault_Handler
 .text.UsageFault_Handler
                0x08000600        0x2 CMakeFiles/newfolder.elf.dir/Core/Src/stm32f1xx_it.c.obj
                0x08000600                UsageFault_Handler
 .text.SVC_Handler
                0x08000602        0x2 CMakeFiles/newfolder.elf.dir/Core/Src/stm32f1xx_it.c.obj
                0x08000602                SVC_Handler
 .text.DebugMon_Handler
                0x08000604        0x2 CMakeFiles/newfolder.elf.dir/Core/Src/stm32f1xx_it.c.obj
                0x08000604                DebugMon_Handler
 .text.PendSV_Handler
                0x08000606        0x2 CMakeFiles/newfolder.elf.dir/Core/Src/stm32f1xx_it.c.obj
                0x08000606                PendSV_Handler
 .text.SysTick_Handler
                0x08000608        0x8 CMakeFiles/newfolder.elf.dir/Core/Src/stm32f1xx_it.c.obj
                0x08000608                SysTick_Handler
 .text.DMA1_Channel4_IRQHandler
                0x08000610       0x10 CMakeFiles/newfolder.elf.dir/Core/Src/stm32f1xx_it.c.obj
                0x08000610                DMA1_Channel4_IRQHandler
 .text.DMA1_Channel5_IRQHandler
                0x08000620       0x10 CMakeFiles/newfolder.elf.dir/Core/Src/stm32f1xx_it.c.obj
                0x08000620                DMA1_Channel5_IRQHandler
 .text.USART1_IRQHandler
                0x08000630       0x2c CMakeFiles/newfolder.elf.dir/Core/Src/stm32f1xx_it.c.obj
                0x08000630                USART1_IRQHandler
 .text._read    0x0800065c       0x20 CMakeFiles/newfolder.elf.dir/Core/Src/syscalls.c.obj
                0x0800065c                _read
 .text._write   0x0800067c       0x1c CMakeFiles/newfolder.elf.dir/Core/Src/syscalls.c.obj
                0x0800067c                _write
 .text._sbrk    0x08000698       0x3c CMakeFiles/newfolder.elf.dir/Core/Src/syscalls.c.obj
                0x08000698                _sbrk
 .text._close   0x080006d4        0x6 CMakeFiles/newfolder.elf.dir/Core/Src/syscalls.c.obj
                0x080006d4                _close
 .text._fstat   0x080006da        0xa CMakeFiles/newfolder.elf.dir/Core/Src/syscalls.c.obj
                0x080006da                _fstat
 .text._isatty  0x080006e4        0x4 CMakeFiles/newfolder.elf.dir/Core/Src/syscalls.c.obj
                0x080006e4                _isatty
 .text._lseek   0x080006e8        0x4 CMakeFiles/newfolder.elf.dir/Core/Src/syscalls.c.obj
                0x080006e8                _lseek
 .text.SystemInit
                0x080006ec        0x2 CMakeFiles/newfolder.elf.dir/Core/Src/system_stm32f1xx.c.obj
                0x080006ec                SystemInit
 *fill*         0x080006ee        0x2 
 .text.HAL_InitTick
                0x080006f0       0x4c CMakeFiles/newfolder.elf.dir/Drivers/STM32F1xx_HAL_Driver/Src/stm32f1xx_hal.c.obj
                0x080006f0                HAL_InitTick
 .text.HAL_Init
                0x0800073c       0x24 CMakeFiles/newfolder.elf.dir/Drivers/STM32F1xx_HAL_Driver/Src/stm32f1xx_hal.c.obj
                0x0800073c                HAL_Init
 .text.HAL_IncTick
                0x08000760       0x18 CMakeFiles/newfolder.elf.dir/Drivers/STM32F1xx_HAL_Driver/Src/stm32f1xx_hal.c.obj
                0x08000760                HAL_IncTick
 .text.HAL_GetTick
                0x08000778        0xc CMakeFiles/newfolder.elf.dir/Drivers/STM32F1xx_HAL_Driver/Src/stm32f1xx_hal.c.obj
                0x08000778                HAL_GetTick
 .text.HAL_Delay
                0x08000784       0x28 CMakeFiles/newfolder.elf.dir/Drivers/STM32F1xx_HAL_Driver/Src/stm32f1xx_hal.c.obj
                0x08000784                HAL_Delay
 .text.HAL_NVIC_SetPriorityGrouping
                0x080007ac       0x24 CMakeFiles/newfolder.elf.dir/Drivers/STM32F1xx_HAL_Driver/Src/stm32f1xx_hal_cortex.c.obj
                0x080007ac                HAL_NVIC_SetPriorityGrouping
 .text.HAL_NVIC_SetPriority
                0x080007d0       0x68 CMakeFiles/newfolder.elf.dir/Drivers/STM32F1xx_HAL_Driver/Src/stm32f1xx_hal_cortex.c.obj
                0x080007d0                HAL_NVIC_SetPriority
 .text.HAL_NVIC_EnableIRQ
                0x08000838       0x1c CMakeFiles/newfolder.elf.dir/Drivers/STM32F1xx_HAL_Driver/Src/stm32f1xx_hal_cortex.c.obj
                0x08000838                HAL_NVIC_EnableIRQ
 .text.HAL_SYSTICK_Config
                0x08000854       0x2c CMakeFiles/newfolder.elf.dir/Drivers/STM32F1xx_HAL_Driver/Src/stm32f1xx_hal_cortex.c.obj
                0x08000854                HAL_SYSTICK_Config
 .text.HAL_DMA_Init
                0x08000880       0x98 CMakeFiles/newfolder.elf.dir/Drivers/STM32F1xx_HAL_Driver/Src/stm32f1xx_hal_dma.c.obj
                0x08000880                HAL_DMA_Init
 .text.HAL_DMA_Abort_IT
                0x08000918      0x168 CMakeFiles/newfolder.elf.dir/Drivers/STM32F1xx_HAL_Driver/Src/stm32f1xx_hal_dma.c.obj
                0x08000918                HAL_DMA_Abort_IT
 .text.HAL_DMA_IRQHandler
                0x08000a80      0x2ec CMakeFiles/newfolder.elf.dir/Drivers/STM32F1xx_HAL_Driver/Src/stm32f1xx_hal_dma.c.obj
                0x08000a80                HAL_DMA_IRQHandler
 .text.HAL_GPIO_Init
                0x08000d6c      0x238 CMakeFiles/newfolder.elf.dir/Drivers/STM32F1xx_HAL_Driver/Src/stm32f1xx_hal_gpio.c.obj
                0x08000d6c                HAL_GPIO_Init
 .text.HAL_GPIO_WritePin
                0x08000fa4        0xc CMakeFiles/newfolder.elf.dir/Drivers/STM32F1xx_HAL_Driver/Src/stm32f1xx_hal_gpio.c.obj
                0x08000fa4                HAL_GPIO_WritePin
 .text.RCC_Delay
                0x08000fb0       0x2c CMakeFiles/newfolder.elf.dir/Drivers/STM32F1xx_HAL_Driver/Src/stm32f1xx_hal_rcc.c.obj
 .text.HAL_RCC_OscConfig
                0x08000fdc      0x410 CMakeFiles/newfolder.elf.dir/Drivers/STM32F1xx_HAL_Driver/Src/stm32f1xx_hal_rcc.c.obj
                0x08000fdc                HAL_RCC_OscConfig
 .text.HAL_RCC_GetSysClockFreq
                0x080013ec       0x6c CMakeFiles/newfolder.elf.dir/Drivers/STM32F1xx_HAL_Driver/Src/stm32f1xx_hal_rcc.c.obj
                0x080013ec                HAL_RCC_GetSysClockFreq
 .text.HAL_RCC_ClockConfig
                0x08001458      0x16c CMakeFiles/newfolder.elf.dir/Drivers/STM32F1xx_HAL_Driver/Src/stm32f1xx_hal_rcc.c.obj
                0x08001458                HAL_RCC_ClockConfig
 .text.HAL_RCC_GetHCLKFreq
                0x080015c4        0xc CMakeFiles/newfolder.elf.dir/Drivers/STM32F1xx_HAL_Driver/Src/stm32f1xx_hal_rcc.c.obj
                0x080015c4                HAL_RCC_GetHCLKFreq
 .text.HAL_RCC_GetPCLK1Freq
                0x080015d0       0x20 CMakeFiles/newfolder.elf.dir/Drivers/STM32F1xx_HAL_Driver/Src/stm32f1xx_hal_rcc.c.obj
                0x080015d0                HAL_RCC_GetPCLK1Freq
 .text.HAL_RCC_GetPCLK2Freq
                0x080015f0       0x20 CMakeFiles/newfolder.elf.dir/Drivers/STM32F1xx_HAL_Driver/Src/stm32f1xx_hal_rcc.c.obj
                0x080015f0                HAL_RCC_GetPCLK2Freq
 .text.UART_EndRxTransfer
                0x08001610       0x1c CMakeFiles/newfolder.elf.dir/Drivers/STM32F1xx_HAL_Driver/Src/stm32f1xx_hal_uart.c.obj
 .text.UART_Transmit_IT
                0x0800162c       0x60 CMakeFiles/newfolder.elf.dir/Drivers/STM32F1xx_HAL_Driver/Src/stm32f1xx_hal_uart.c.obj
 .text.UART_SetConfig
                0x0800168c       0x90 CMakeFiles/newfolder.elf.dir/Drivers/STM32F1xx_HAL_Driver/Src/stm32f1xx_hal_uart.c.obj
 .text.UART_WaitOnFlagUntilTimeout
                0x0800171c       0x68 CMakeFiles/newfolder.elf.dir/Drivers/STM32F1xx_HAL_Driver/Src/stm32f1xx_hal_uart.c.obj
 .text.HAL_UART_Init
                0x08001784       0x5e CMakeFiles/newfolder.elf.dir/Drivers/STM32F1xx_HAL_Driver/Src/stm32f1xx_hal_uart.c.obj
                0x08001784                HAL_UART_Init
 .text.HAL_UART_Transmit
                0x080017e2       0xd8 CMakeFiles/newfolder.elf.dir/Drivers/STM32F1xx_HAL_Driver/Src/stm32f1xx_hal_uart.c.obj
                0x080017e2                HAL_UART_Transmit
 .text.HAL_UART_Receive_IT
                0x080018ba       0x5c CMakeFiles/newfolder.elf.dir/Drivers/STM32F1xx_HAL_Driver/Src/stm32f1xx_hal_uart.c.obj
                0x080018ba                HAL_UART_Receive_IT
 .text.HAL_UART_TxCpltCallback
                0x08001916        0x2 CMakeFiles/newfolder.elf.dir/Drivers/STM32F1xx_HAL_Driver/Src/stm32f1xx_hal_uart.c.obj
                0x08001916                HAL_UART_TxCpltCallback
 .text.UART_EndTransmit_IT
                0x08001918       0x1a CMakeFiles/newfolder.elf.dir/Drivers/STM32F1xx_HAL_Driver/Src/stm32f1xx_hal_uart.c.obj
 .text.UART_Receive_IT
                0x08001932       0x94 CMakeFiles/newfolder.elf.dir/Drivers/STM32F1xx_HAL_Driver/Src/stm32f1xx_hal_uart.c.obj
 .text.HAL_UART_ErrorCallback
                0x080019c6        0x2 CMakeFiles/newfolder.elf.dir/Drivers/STM32F1xx_HAL_Driver/Src/stm32f1xx_hal_uart.c.obj
                0x080019c6                HAL_UART_ErrorCallback
 .text.HAL_UART_IRQHandler
                0x080019c8      0x128 CMakeFiles/newfolder.elf.dir/Drivers/STM32F1xx_HAL_Driver/Src/stm32f1xx_hal_uart.c.obj
                0x080019c8                HAL_UART_IRQHandler
 .text.UART_DMAAbortOnError
                0x08001af0       0x10 CMakeFiles/newfolder.elf.dir/Drivers/STM32F1xx_HAL_Driver/Src/stm32f1xx_hal_uart.c.obj
 .text.HAL_UART_GetState
                0x08001b00        0xc CMakeFiles/newfolder.elf.dir/Drivers/STM32F1xx_HAL_Driver/Src/stm32f1xx_hal_uart.c.obj
                0x08001b00                HAL_UART_GetState
 .text.Led_init
                0x08001b0c       0x48 CMakeFiles/newfolder.elf.dir/Hardware/Led.c.obj
                0x08001b0c                Led_init
 .text.HAL_UART_RxCpltCallback
                0x08001b54       0x78 CMakeFiles/newfolder.elf.dir/Hardware/uart.c.obj
                0x08001b54                HAL_UART_RxCpltCallback
 .text.Reset_Handler
                0x08001bcc       0x48 CMakeFiles/newfolder.elf.dir/startup/startup_stm32f103xe.s.obj
                0x08001bcc                Reset_Handler
 .text.Default_Handler
                0x08001c14        0x2 CMakeFiles/newfolder.elf.dir/startup/startup_stm32f103xe.s.obj
                0x08001c14                RTC_Alarm_IRQHandler
                0x08001c14                EXTI2_IRQHandler
                0x08001c14                TIM8_TRG_COM_IRQHandler
                0x08001c14                TIM8_CC_IRQHandler
                0x08001c14                TIM1_CC_IRQHandler
                0x08001c14                TIM6_IRQHandler
                0x08001c14                PVD_IRQHandler
                0x08001c14                SDIO_IRQHandler
                0x08001c14                EXTI3_IRQHandler
                0x08001c14                EXTI0_IRQHandler
                0x08001c14                I2C2_EV_IRQHandler
                0x08001c14                ADC1_2_IRQHandler
                0x08001c14                SPI1_IRQHandler
                0x08001c14                TAMPER_IRQHandler
                0x08001c14                TIM8_UP_IRQHandler
                0x08001c14                DMA2_Channel2_IRQHandler
                0x08001c14                USART3_IRQHandler
                0x08001c14                RTC_IRQHandler
                0x08001c14                DMA1_Channel7_IRQHandler
                0x08001c14                CAN1_RX1_IRQHandler
                0x08001c14                UART5_IRQHandler
                0x08001c14                ADC3_IRQHandler
                0x08001c14                TIM4_IRQHandler
                0x08001c14                DMA2_Channel1_IRQHandler
                0x08001c14                I2C1_EV_IRQHandler
                0x08001c14                DMA1_Channel6_IRQHandler
                0x08001c14                UART4_IRQHandler
                0x08001c14                TIM3_IRQHandler
                0x08001c14                RCC_IRQHandler
                0x08001c14                TIM1_TRG_COM_IRQHandler
                0x08001c14                DMA1_Channel1_IRQHandler
                0x08001c14                Default_Handler
                0x08001c14                EXTI15_10_IRQHandler
                0x08001c14                TIM7_IRQHandler
                0x08001c14                TIM5_IRQHandler
                0x08001c14                EXTI9_5_IRQHandler
                0x08001c14                SPI2_IRQHandler
                0x08001c14                EXTI4_IRQHandler
                0x08001c14                USB_LP_CAN1_RX0_IRQHandler
                0x08001c14                USB_HP_CAN1_TX_IRQHandler
                0x08001c14                DMA1_Channel3_IRQHandler
                0x08001c14                FSMC_IRQHandler
                0x08001c14                TIM1_UP_IRQHandler
                0x08001c14                WWDG_IRQHandler
                0x08001c14                TIM2_IRQHandler
                0x08001c14                TIM1_BRK_IRQHandler
                0x08001c14                EXTI1_IRQHandler
                0x08001c14                DMA2_Channel4_5_IRQHandler
                0x08001c14                USART2_IRQHandler
                0x08001c14                I2C2_ER_IRQHandler
                0x08001c14                DMA1_Channel2_IRQHandler
                0x08001c14                TIM8_BRK_IRQHandler
                0x08001c14                CAN1_SCE_IRQHandler
                0x08001c14                FLASH_IRQHandler
                0x08001c14                SPI3_IRQHandler
                0x08001c14                I2C1_ER_IRQHandler
                0x08001c14                USBWakeUp_IRQHandler
                0x08001c14                DMA2_Channel3_IRQHandler
 *fill*         0x08001c16        0x2 
 .text.__errno  0x08001c18        0xc d:/gcc-arm-none-eabi/bin/../lib/gcc/arm-none-eabi/9.3.1/../../../../arm-none-eabi/lib/thumb/v7-m/nofp\libg.a(lib_a-errno.o)
                0x08001c18                __errno
 .text.__libc_init_array
                0x08001c24       0x48 d:/gcc-arm-none-eabi/bin/../lib/gcc/arm-none-eabi/9.3.1/../../../../arm-none-eabi/lib/thumb/v7-m/nofp\libg.a(lib_a-init.o)
                0x08001c24                __libc_init_array
 .text.memset   0x08001c6c       0xa0 d:/gcc-arm-none-eabi/bin/../lib/gcc/arm-none-eabi/9.3.1/../../../../arm-none-eabi/lib/thumb/v7-m/nofp\libg.a(lib_a-memset.o)
                0x08001c6c                memset
 .text._puts_r  0x08001d0c       0x9c d:/gcc-arm-none-eabi/bin/../lib/gcc/arm-none-eabi/9.3.1/../../../../arm-none-eabi/lib/thumb/v7-m/nofp\libg.a(lib_a-puts.o)
                0x08001d0c                _puts_r
 .text.puts     0x08001da8       0x10 d:/gcc-arm-none-eabi/bin/../lib/gcc/arm-none-eabi/9.3.1/../../../../arm-none-eabi/lib/thumb/v7-m/nofp\libg.a(lib_a-puts.o)
                0x08001da8                puts
 .text.strlen   0x08001db8       0x5c d:/gcc-arm-none-eabi/bin/../lib/gcc/arm-none-eabi/9.3.1/../../../../arm-none-eabi/lib/thumb/v7-m/nofp\libg.a(lib_a-strlen-stub.o)
                0x08001db8                strlen
 .text.startup.register_fini
                0x08001e14       0x14 d:/gcc-arm-none-eabi/bin/../lib/gcc/arm-none-eabi/9.3.1/../../../../arm-none-eabi/lib/thumb/v7-m/nofp\libg.a(lib_a-__call_atexit.o)
 .text.atexit   0x08001e28        0xc d:/gcc-arm-none-eabi/bin/../lib/gcc/arm-none-eabi/9.3.1/../../../../arm-none-eabi/lib/thumb/v7-m/nofp\libg.a(lib_a-atexit.o)
                0x08001e28                atexit
 .text.std      0x08001e34       0x50 d:/gcc-arm-none-eabi/bin/../lib/gcc/arm-none-eabi/9.3.1/../../../../arm-none-eabi/lib/thumb/v7-m/nofp\libg.a(lib_a-findfp.o)
 .text._cleanup_r
                0x08001e84        0xc d:/gcc-arm-none-eabi/bin/../lib/gcc/arm-none-eabi/9.3.1/../../../../arm-none-eabi/lib/thumb/v7-m/nofp\libg.a(lib_a-findfp.o)
                0x08001e84                _cleanup_r
 .text.__sinit  0x08001e90       0x5c d:/gcc-arm-none-eabi/bin/../lib/gcc/arm-none-eabi/9.3.1/../../../../arm-none-eabi/lib/thumb/v7-m/nofp\libg.a(lib_a-findfp.o)
                0x08001e90                __sinit
 .text.__sfp_lock_acquire
                0x08001eec        0xc d:/gcc-arm-none-eabi/bin/../lib/gcc/arm-none-eabi/9.3.1/../../../../arm-none-eabi/lib/thumb/v7-m/nofp\libg.a(lib_a-findfp.o)
                0x08001eec                __sfp_lock_acquire
 .text.__sfp_lock_release
                0x08001ef8        0xc d:/gcc-arm-none-eabi/bin/../lib/gcc/arm-none-eabi/9.3.1/../../../../arm-none-eabi/lib/thumb/v7-m/nofp\libg.a(lib_a-findfp.o)
                0x08001ef8                __sfp_lock_release
 .text.__libc_fini_array
                0x08001f04       0x2c d:/gcc-arm-none-eabi/bin/../lib/gcc/arm-none-eabi/9.3.1/../../../../arm-none-eabi/lib/thumb/v7-m/nofp\libg.a(lib_a-fini.o)
                0x08001f04                __libc_fini_array
 .text.__sfvwrite_r
                0x08001f30      0x2ec d:/gcc-arm-none-eabi/bin/../lib/gcc/arm-none-eabi/9.3.1/../../../../arm-none-eabi/lib/thumb/v7-m/nofp\libg.a(lib_a-fvwrite.o)
                0x08001f30                __sfvwrite_r
 .text._fwalk_reent
                0x0800221c       0x48 d:/gcc-arm-none-eabi/bin/../lib/gcc/arm-none-eabi/9.3.1/../../../../arm-none-eabi/lib/thumb/v7-m/nofp\libg.a(lib_a-fwalk.o)
                0x0800221c                _fwalk_reent
 .text.__retarget_lock_init_recursive
                0x08002264        0x4 d:/gcc-arm-none-eabi/bin/../lib/gcc/arm-none-eabi/9.3.1/../../../../arm-none-eabi/lib/thumb/v7-m/nofp\libg.a(lib_a-lock.o)
                0x08002264                __retarget_lock_init_recursive
 .text.__retarget_lock_close_recursive
                0x08002268        0x4 d:/gcc-arm-none-eabi/bin/../lib/gcc/arm-none-eabi/9.3.1/../../../../arm-none-eabi/lib/thumb/v7-m/nofp\libg.a(lib_a-lock.o)
                0x08002268                __retarget_lock_close_recursive
 .text.__retarget_lock_acquire_recursive
                0x0800226c        0x4 d:/gcc-arm-none-eabi/bin/../lib/gcc/arm-none-eabi/9.3.1/../../../../arm-none-eabi/lib/thumb/v7-m/nofp\libg.a(lib_a-lock.o)
                0x0800226c                __retarget_lock_acquire_recursive
 .text.__retarget_lock_release_recursive
                0x08002270        0x4 d:/gcc-arm-none-eabi/bin/../lib/gcc/arm-none-eabi/9.3.1/../../../../arm-none-eabi/lib/thumb/v7-m/nofp\libg.a(lib_a-lock.o)
                0x08002270                __retarget_lock_release_recursive
 .text._malloc_r
                0x08002274      0x55c d:/gcc-arm-none-eabi/bin/../lib/gcc/arm-none-eabi/9.3.1/../../../../arm-none-eabi/lib/thumb/v7-m/nofp\libg.a(lib_a-mallocr.o)
                0x08002274                _malloc_r
 .text.memchr   0x080027d0       0x80 d:/gcc-arm-none-eabi/bin/../lib/gcc/arm-none-eabi/9.3.1/../../../../arm-none-eabi/lib/thumb/v7-m/nofp\libg.a(lib_a-memchr-stub.o)
                0x080027d0                memchr
 .text.memmove  0x08002850       0xd4 d:/gcc-arm-none-eabi/bin/../lib/gcc/arm-none-eabi/9.3.1/../../../../arm-none-eabi/lib/thumb/v7-m/nofp\libg.a(lib_a-memmove.o)
                0x08002850                memmove
 .text.__malloc_lock
                0x08002924        0xc d:/gcc-arm-none-eabi/bin/../lib/gcc/arm-none-eabi/9.3.1/../../../../arm-none-eabi/lib/thumb/v7-m/nofp\libg.a(lib_a-mlock.o)
                0x08002924                __malloc_lock
 .text.__malloc_unlock
                0x08002930        0xc d:/gcc-arm-none-eabi/bin/../lib/gcc/arm-none-eabi/9.3.1/../../../../arm-none-eabi/lib/thumb/v7-m/nofp\libg.a(lib_a-mlock.o)
                0x08002930                __malloc_unlock
 .text._realloc_r
                0x0800293c      0x3e0 d:/gcc-arm-none-eabi/bin/../lib/gcc/arm-none-eabi/9.3.1/../../../../arm-none-eabi/lib/thumb/v7-m/nofp\libg.a(lib_a-reallocr.o)
                0x0800293c                _realloc_r
 .text._sbrk_r  0x08002d1c       0x24 d:/gcc-arm-none-eabi/bin/../lib/gcc/arm-none-eabi/9.3.1/../../../../arm-none-eabi/lib/thumb/v7-m/nofp\libg.a(lib_a-sbrkr.o)
                0x08002d1c                _sbrk_r
 .text.__sread  0x08002d40       0x24 d:/gcc-arm-none-eabi/bin/../lib/gcc/arm-none-eabi/9.3.1/../../../../arm-none-eabi/lib/thumb/v7-m/nofp\libg.a(lib_a-stdio.o)
                0x08002d40                __sread
 .text.__swrite
                0x08002d64       0x40 d:/gcc-arm-none-eabi/bin/../lib/gcc/arm-none-eabi/9.3.1/../../../../arm-none-eabi/lib/thumb/v7-m/nofp\libg.a(lib_a-stdio.o)
                0x08002d64                __swrite
 .text.__sseek  0x08002da4       0x20 d:/gcc-arm-none-eabi/bin/../lib/gcc/arm-none-eabi/9.3.1/../../../../arm-none-eabi/lib/thumb/v7-m/nofp\libg.a(lib_a-stdio.o)
                0x08002da4                __sseek
 .text.__sclose
                0x08002dc4        0x8 d:/gcc-arm-none-eabi/bin/../lib/gcc/arm-none-eabi/9.3.1/../../../../arm-none-eabi/lib/thumb/v7-m/nofp\libg.a(lib_a-stdio.o)
                0x08002dc4                __sclose
 .text._write_r
                0x08002dcc       0x2c d:/gcc-arm-none-eabi/bin/../lib/gcc/arm-none-eabi/9.3.1/../../../../arm-none-eabi/lib/thumb/v7-m/nofp\libg.a(lib_a-writer.o)
                0x08002dcc                _write_r
 .text.__swsetup_r
                0x08002df8       0xd0 d:/gcc-arm-none-eabi/bin/../lib/gcc/arm-none-eabi/9.3.1/../../../../arm-none-eabi/lib/thumb/v7-m/nofp\libg.a(lib_a-wsetup.o)
                0x08002df8                __swsetup_r
 .text.__register_exitproc
                0x08002ec8       0x8c d:/gcc-arm-none-eabi/bin/../lib/gcc/arm-none-eabi/9.3.1/../../../../arm-none-eabi/lib/thumb/v7-m/nofp\libg.a(lib_a-__atexit.o)
                0x08002ec8                __register_exitproc
 .text._close_r
                0x08002f54       0x24 d:/gcc-arm-none-eabi/bin/../lib/gcc/arm-none-eabi/9.3.1/../../../../arm-none-eabi/lib/thumb/v7-m/nofp\libg.a(lib_a-closer.o)
                0x08002f54                _close_r
 .text._fclose_r
                0x08002f78       0xcc d:/gcc-arm-none-eabi/bin/../lib/gcc/arm-none-eabi/9.3.1/../../../../arm-none-eabi/lib/thumb/v7-m/nofp\libg.a(lib_a-fclose.o)
                0x08002f78                _fclose_r
 .text.__sflush_r
                0x08003044      0x130 d:/gcc-arm-none-eabi/bin/../lib/gcc/arm-none-eabi/9.3.1/../../../../arm-none-eabi/lib/thumb/v7-m/nofp\libg.a(lib_a-fflush.o)
                0x08003044                __sflush_r
 .text._fflush_r
                0x08003174       0x5c d:/gcc-arm-none-eabi/bin/../lib/gcc/arm-none-eabi/9.3.1/../../../../arm-none-eabi/lib/thumb/v7-m/nofp\libg.a(lib_a-fflush.o)
                0x08003174                _fflush_r
 .text._malloc_trim_r
                0x080031d0       0xa0 d:/gcc-arm-none-eabi/bin/../lib/gcc/arm-none-eabi/9.3.1/../../../../arm-none-eabi/lib/thumb/v7-m/nofp\libg.a(lib_a-freer.o)
                0x080031d0                _malloc_trim_r
 .text._free_r  0x08003270      0x20c d:/gcc-arm-none-eabi/bin/../lib/gcc/arm-none-eabi/9.3.1/../../../../arm-none-eabi/lib/thumb/v7-m/nofp\libg.a(lib_a-freer.o)
                0x08003270                _free_r
 .text._lseek_r
                0x0800347c       0x2c d:/gcc-arm-none-eabi/bin/../lib/gcc/arm-none-eabi/9.3.1/../../../../arm-none-eabi/lib/thumb/v7-m/nofp\libg.a(lib_a-lseekr.o)
                0x0800347c                _lseek_r
 .text.__swhatbuf_r
                0x080034a8       0x5c d:/gcc-arm-none-eabi/bin/../lib/gcc/arm-none-eabi/9.3.1/../../../../arm-none-eabi/lib/thumb/v7-m/nofp\libg.a(lib_a-makebuf.o)
                0x080034a8                __swhatbuf_r
 .text.__smakebuf_r
                0x08003504       0x94 d:/gcc-arm-none-eabi/bin/../lib/gcc/arm-none-eabi/9.3.1/../../../../arm-none-eabi/lib/thumb/v7-m/nofp\libg.a(lib_a-makebuf.o)
                0x08003504                __smakebuf_r
 .text._read_r  0x08003598       0x2c d:/gcc-arm-none-eabi/bin/../lib/gcc/arm-none-eabi/9.3.1/../../../../arm-none-eabi/lib/thumb/v7-m/nofp\libg.a(lib_a-readr.o)
                0x08003598                _read_r
 .text._fstat_r
                0x080035c4       0x2c d:/gcc-arm-none-eabi/bin/../lib/gcc/arm-none-eabi/9.3.1/../../../../arm-none-eabi/lib/thumb/v7-m/nofp\libg.a(lib_a-fstatr.o)
                0x080035c4                _fstat_r
 .text._isatty_r
                0x080035f0       0x24 d:/gcc-arm-none-eabi/bin/../lib/gcc/arm-none-eabi/9.3.1/../../../../arm-none-eabi/lib/thumb/v7-m/nofp\libg.a(lib_a-isattyr.o)
                0x080035f0                _isatty_r
 *(.glue_7)
 .glue_7        0x08003614        0x0 linker stubs
 *(.glue_7t)
 .glue_7t       0x08003614        0x0 linker stubs
 *(.eh_frame)
 .eh_frame      0x08003614        0x0 d:/gcc-arm-none-eabi/bin/../lib/gcc/arm-none-eabi/9.3.1/thumb/v7-m/nofp/crtbegin.o
 *(.init)
 .init          0x08003614        0x4 d:/gcc-arm-none-eabi/bin/../lib/gcc/arm-none-eabi/9.3.1/thumb/v7-m/nofp/crti.o
                0x08003614                _init
 .init          0x08003618        0x8 d:/gcc-arm-none-eabi/bin/../lib/gcc/arm-none-eabi/9.3.1/thumb/v7-m/nofp/crtn.o
 *(.fini)
 .fini          0x08003620        0x4 d:/gcc-arm-none-eabi/bin/../lib/gcc/arm-none-eabi/9.3.1/thumb/v7-m/nofp/crti.o
                0x08003620                _fini
 .fini          0x08003624        0x8 d:/gcc-arm-none-eabi/bin/../lib/gcc/arm-none-eabi/9.3.1/thumb/v7-m/nofp/crtn.o
                0x0800362c                . = ALIGN (0x4)
                0x0800362c                _etext = .

.vfp11_veneer   0x0800362c        0x0
 .vfp11_veneer  0x0800362c        0x0 linker stubs

.v4_bx          0x0800362c        0x0
 .v4_bx         0x0800362c        0x0 linker stubs

.iplt           0x0800362c        0x0
 .iplt          0x0800362c        0x0 d:/gcc-arm-none-eabi/bin/../lib/gcc/arm-none-eabi/9.3.1/thumb/v7-m/nofp/crtbegin.o

.rodata         0x0800362c       0x78
                0x0800362c                . = ALIGN (0x4)
 *(.rodata)
 *(.rodata*)
 .rodata.main.str1.4
                0x0800362c       0x44 CMakeFiles/newfolder.elf.dir/Core/Src/main.c.obj
 .rodata.AHBPrescTable
                0x08003670       0x10 CMakeFiles/newfolder.elf.dir/Core/Src/system_stm32f1xx.c.obj
                0x08003670                AHBPrescTable
 .rodata.APBPrescTable
                0x08003680        0x8 CMakeFiles/newfolder.elf.dir/Core/Src/system_stm32f1xx.c.obj
                0x08003680                APBPrescTable
 .rodata.HAL_RCC_GetSysClockFreq.str1.4
                0x08003688       0x11 CMakeFiles/newfolder.elf.dir/Drivers/STM32F1xx_HAL_Driver/Src/stm32f1xx_hal_rcc.c.obj
 *fill*         0x08003699        0x3 
 .rodata._global_impure_ptr
                0x0800369c        0x4 d:/gcc-arm-none-eabi/bin/../lib/gcc/arm-none-eabi/9.3.1/../../../../arm-none-eabi/lib/thumb/v7-m/nofp\libg.a(lib_a-impure.o)
                0x0800369c                _global_impure_ptr
 .rodata._puts_r.str1.4
                0x080036a0        0x2 d:/gcc-arm-none-eabi/bin/../lib/gcc/arm-none-eabi/9.3.1/../../../../arm-none-eabi/lib/thumb/v7-m/nofp\libg.a(lib_a-puts.o)
                0x080036a4                . = ALIGN (0x4)
 *fill*         0x080036a2        0x2 

.rel.dyn        0x080036a4        0x0
 .rel.iplt      0x080036a4        0x0 d:/gcc-arm-none-eabi/bin/../lib/gcc/arm-none-eabi/9.3.1/thumb/v7-m/nofp/crtbegin.o

.ARM.extab
 *(.ARM.extab* .gnu.linkonce.armextab.*)

.ARM            0x080036a4        0x0
                0x080036a4                __exidx_start = .
 *(.ARM.exidx*)
                0x080036a4                __exidx_end = .

.preinit_array  0x080036a4        0x0
                0x080036a4                PROVIDE (__preinit_array_start = .)
 *(.preinit_array*)
                0x080036a4                PROVIDE (__preinit_array_end = .)

.init_array     0x080036a4        0x8
                0x080036a4                PROVIDE (__init_array_start = .)
 *(SORT_BY_NAME(.init_array.*))
 .init_array.00000
                0x080036a4        0x4 d:/gcc-arm-none-eabi/bin/../lib/gcc/arm-none-eabi/9.3.1/../../../../arm-none-eabi/lib/thumb/v7-m/nofp\libg.a(lib_a-__call_atexit.o)
 *(.init_array*)
 .init_array    0x080036a8        0x4 d:/gcc-arm-none-eabi/bin/../lib/gcc/arm-none-eabi/9.3.1/thumb/v7-m/nofp/crtbegin.o
                0x080036ac                PROVIDE (__init_array_end = .)

.fini_array     0x080036ac        0x4
                0x080036ac                PROVIDE (__fini_array_start = .)
 *(SORT_BY_NAME(.fini_array.*))
 *(.fini_array*)
 .fini_array    0x080036ac        0x4 d:/gcc-arm-none-eabi/bin/../lib/gcc/arm-none-eabi/9.3.1/thumb/v7-m/nofp/crtbegin.o
                0x080036b0                PROVIDE (__fini_array_end = .)
                0x080036b0                _sidata = LOADADDR (.data)

.data           0x20000000      0x84c load address 0x080036b0
                0x20000000                . = ALIGN (0x4)
                0x20000000                _sdata = .
 *(.data)
 *(.data*)
 .data.SystemCoreClock
                0x20000000        0x4 CMakeFiles/newfolder.elf.dir/Core/Src/system_stm32f1xx.c.obj
                0x20000000                SystemCoreClock
 .data.uwTickFreq
                0x20000004        0x1 CMakeFiles/newfolder.elf.dir/Drivers/STM32F1xx_HAL_Driver/Src/stm32f1xx_hal.c.obj
                0x20000004                uwTickFreq
 *fill*         0x20000005        0x3 
 .data.uwTickPrio
                0x20000008        0x4 CMakeFiles/newfolder.elf.dir/Drivers/STM32F1xx_HAL_Driver/Src/stm32f1xx_hal.c.obj
                0x20000008                uwTickPrio
 .data._impure_ptr
                0x2000000c        0x4 d:/gcc-arm-none-eabi/bin/../lib/gcc/arm-none-eabi/9.3.1/../../../../arm-none-eabi/lib/thumb/v7-m/nofp\libg.a(lib_a-impure.o)
                0x2000000c                _impure_ptr
 .data.impure_data
                0x20000010      0x428 d:/gcc-arm-none-eabi/bin/../lib/gcc/arm-none-eabi/9.3.1/../../../../arm-none-eabi/lib/thumb/v7-m/nofp\libg.a(lib_a-impure.o)
 .data.__atexit_recursive_mutex
                0x20000438        0x4 d:/gcc-arm-none-eabi/bin/../lib/gcc/arm-none-eabi/9.3.1/../../../../arm-none-eabi/lib/thumb/v7-m/nofp\libg.a(lib_a-__call_atexit.o)
                0x20000438                __atexit_recursive_mutex
 .data.__malloc_av_
                0x2000043c      0x408 d:/gcc-arm-none-eabi/bin/../lib/gcc/arm-none-eabi/9.3.1/../../../../arm-none-eabi/lib/thumb/v7-m/nofp\libg.a(lib_a-mallocr.o)
                0x2000043c                __malloc_av_
 .data.__malloc_sbrk_base
                0x20000844        0x4 d:/gcc-arm-none-eabi/bin/../lib/gcc/arm-none-eabi/9.3.1/../../../../arm-none-eabi/lib/thumb/v7-m/nofp\libg.a(lib_a-mallocr.o)
                0x20000844                __malloc_sbrk_base
 .data.__malloc_trim_threshold
                0x20000848        0x4 d:/gcc-arm-none-eabi/bin/../lib/gcc/arm-none-eabi/9.3.1/../../../../arm-none-eabi/lib/thumb/v7-m/nofp\libg.a(lib_a-mallocr.o)
                0x20000848                __malloc_trim_threshold
                0x2000084c                . = ALIGN (0x4)
                0x2000084c                _edata = .

.igot.plt       0x2000084c        0x0 load address 0x08003efc
 .igot.plt      0x2000084c        0x0 d:/gcc-arm-none-eabi/bin/../lib/gcc/arm-none-eabi/9.3.1/thumb/v7-m/nofp/crtbegin.o
                0x2000084c                . = ALIGN (0x4)

.bss            0x2000084c      0x218 load address 0x08003efc
                0x2000084c                _sbss = .
                0x2000084c                __bss_start__ = _sbss
 *(.bss)
 .bss           0x2000084c       0x1c d:/gcc-arm-none-eabi/bin/../lib/gcc/arm-none-eabi/9.3.1/thumb/v7-m/nofp/crtbegin.o
 *(.bss*)
 .bss.hdma_usart1_rx
                0x20000868       0x44 CMakeFiles/newfolder.elf.dir/Core/Src/main.c.obj
                0x20000868                hdma_usart1_rx
 .bss.hdma_usart1_tx
                0x200008ac       0x44 CMakeFiles/newfolder.elf.dir/Core/Src/main.c.obj
                0x200008ac                hdma_usart1_tx
 .bss.heap_end.6022
                0x200008f0        0x4 CMakeFiles/newfolder.elf.dir/Core/Src/syscalls.c.obj
 .bss.uwTick    0x200008f4        0x4 CMakeFiles/newfolder.elf.dir/Drivers/STM32F1xx_HAL_Driver/Src/stm32f1xx_hal.c.obj
                0x200008f4                uwTick
 .bss.UART1_Handler
                0x200008f8       0x40 CMakeFiles/newfolder.elf.dir/Hardware/uart.c.obj
                0x200008f8                UART1_Handler
 .bss.UART_RX_STA
                0x20000938        0x2 CMakeFiles/newfolder.elf.dir/Hardware/uart.c.obj
                0x20000938                UART_RX_STA
 *fill*         0x2000093a        0x2 
 .bss.USART_RX_BUF
                0x2000093c       0xc8 CMakeFiles/newfolder.elf.dir/Hardware/uart.c.obj
                0x2000093c                USART_RX_BUF
 .bss.aRxBuffer
                0x20000a04        0x1 CMakeFiles/newfolder.elf.dir/Hardware/uart.c.obj
                0x20000a04                aRxBuffer
 *fill*         0x20000a05        0x3 
 .bss.__malloc_current_mallinfo
                0x20000a08       0x28 d:/gcc-arm-none-eabi/bin/../lib/gcc/arm-none-eabi/9.3.1/../../../../arm-none-eabi/lib/thumb/v7-m/nofp\libg.a(lib_a-mallocr.o)
                0x20000a08                __malloc_current_mallinfo
 .bss.__malloc_max_sbrked_mem
                0x20000a30        0x4 d:/gcc-arm-none-eabi/bin/../lib/gcc/arm-none-eabi/9.3.1/../../../../arm-none-eabi/lib/thumb/v7-m/nofp\libg.a(lib_a-mallocr.o)
                0x20000a30                __malloc_max_sbrked_mem
 .bss.__malloc_max_total_mem
                0x20000a34        0x4 d:/gcc-arm-none-eabi/bin/../lib/gcc/arm-none-eabi/9.3.1/../../../../arm-none-eabi/lib/thumb/v7-m/nofp\libg.a(lib_a-mallocr.o)
                0x20000a34                __malloc_max_total_mem
 .bss.__malloc_top_pad
                0x20000a38        0x4 d:/gcc-arm-none-eabi/bin/../lib/gcc/arm-none-eabi/9.3.1/../../../../arm-none-eabi/lib/thumb/v7-m/nofp\libg.a(lib_a-mallocr.o)
                0x20000a38                __malloc_top_pad
 *(COMMON)
 COMMON         0x20000a3c       0x21 d:/gcc-arm-none-eabi/bin/../lib/gcc/arm-none-eabi/9.3.1/../../../../arm-none-eabi/lib/thumb/v7-m/nofp\libg.a(lib_a-lock.o)
                0x20000a3c                __lock___atexit_recursive_mutex
                0x20000a40                __lock___arc4random_mutex
                0x20000a44                __lock___env_recursive_mutex
                0x20000a48                __lock___sinit_recursive_mutex
                0x20000a4c                __lock___malloc_recursive_mutex
                0x20000a50                __lock___at_quick_exit_mutex
                0x20000a54                __lock___dd_hash_mutex
                0x20000a58                __lock___tz_mutex
                0x20000a5c                __lock___sfp_recursive_mutex
 *fill*         0x20000a5d        0x3 
 COMMON         0x20000a60        0x4 d:/gcc-arm-none-eabi/bin/../lib/gcc/arm-none-eabi/9.3.1/../../../../arm-none-eabi/lib/thumb/v7-m/nofp\libg.a(lib_a-reent.o)
                0x20000a60                errno
                0x20000a64                . = ALIGN (0x4)
                0x20000a64                _ebss = .
                0x20000a64                __bss_end__ = _ebss

._user_heap_stack
                0x20000a64      0xc04 load address 0x08003efc
                0x20000a68                . = ALIGN (0x8)
 *fill*         0x20000a64        0x4 
                0x20000a68                PROVIDE (end = .)
                [!provide]                PROVIDE (_end = .)
                0x20000e68                . = (. + _Min_Heap_Size)
 *fill*         0x20000a68      0x400 
                0x20001668                . = (. + _Min_Stack_Size)
 *fill*         0x20000e68      0x800 
                0x20001668                . = ALIGN (0x8)

/DISCARD/
 libc.a(*)
 libm.a(*)
 libgcc.a(*)

.ARM.attributes
                0x00000000       0x29
 *(.ARM.attributes)
 .ARM.attributes
                0x00000000       0x1d d:/gcc-arm-none-eabi/bin/../lib/gcc/arm-none-eabi/9.3.1/thumb/v7-m/nofp/crti.o
 .ARM.attributes
                0x0000001d       0x2d d:/gcc-arm-none-eabi/bin/../lib/gcc/arm-none-eabi/9.3.1/thumb/v7-m/nofp/crtbegin.o
 .ARM.attributes
                0x0000004a       0x2d CMakeFiles/newfolder.elf.dir/Core/Src/main.c.obj
 .ARM.attributes
                0x00000077       0x2d CMakeFiles/newfolder.elf.dir/Core/Src/stm32f1xx_hal_msp.c.obj
 .ARM.attributes
                0x000000a4       0x2d CMakeFiles/newfolder.elf.dir/Core/Src/stm32f1xx_it.c.obj
 .ARM.attributes
                0x000000d1       0x2d CMakeFiles/newfolder.elf.dir/Core/Src/syscalls.c.obj
 .ARM.attributes
                0x000000fe       0x2d CMakeFiles/newfolder.elf.dir/Core/Src/system_stm32f1xx.c.obj
 .ARM.attributes
                0x0000012b       0x2d CMakeFiles/newfolder.elf.dir/Drivers/STM32F1xx_HAL_Driver/Src/stm32f1xx_hal.c.obj
 .ARM.attributes
                0x00000158       0x2d CMakeFiles/newfolder.elf.dir/Drivers/STM32F1xx_HAL_Driver/Src/stm32f1xx_hal_cortex.c.obj
 .ARM.attributes
                0x00000185       0x2d CMakeFiles/newfolder.elf.dir/Drivers/STM32F1xx_HAL_Driver/Src/stm32f1xx_hal_dma.c.obj
 .ARM.attributes
                0x000001b2       0x2d CMakeFiles/newfolder.elf.dir/Drivers/STM32F1xx_HAL_Driver/Src/stm32f1xx_hal_gpio.c.obj
 .ARM.attributes
                0x000001df       0x2d CMakeFiles/newfolder.elf.dir/Drivers/STM32F1xx_HAL_Driver/Src/stm32f1xx_hal_rcc.c.obj
 .ARM.attributes
                0x0000020c       0x2d CMakeFiles/newfolder.elf.dir/Drivers/STM32F1xx_HAL_Driver/Src/stm32f1xx_hal_uart.c.obj
 .ARM.attributes
                0x00000239       0x2d CMakeFiles/newfolder.elf.dir/Hardware/Led.c.obj
 .ARM.attributes
                0x00000266       0x2d CMakeFiles/newfolder.elf.dir/Hardware/uart.c.obj
 .ARM.attributes
                0x00000293       0x21 CMakeFiles/newfolder.elf.dir/startup/startup_stm32f103xe.s.obj
 .ARM.attributes
                0x000002b4       0x2d d:/gcc-arm-none-eabi/bin/../lib/gcc/arm-none-eabi/9.3.1/../../../../arm-none-eabi/lib/thumb/v7-m/nofp\libg.a(lib_a-errno.o)
 .ARM.attributes
                0x000002e1       0x2d d:/gcc-arm-none-eabi/bin/../lib/gcc/arm-none-eabi/9.3.1/../../../../arm-none-eabi/lib/thumb/v7-m/nofp\libg.a(lib_a-impure.o)
 .ARM.attributes
                0x0000030e       0x2d d:/gcc-arm-none-eabi/bin/../lib/gcc/arm-none-eabi/9.3.1/../../../../arm-none-eabi/lib/thumb/v7-m/nofp\libg.a(lib_a-init.o)
 .ARM.attributes
                0x0000033b       0x2d d:/gcc-arm-none-eabi/bin/../lib/gcc/arm-none-eabi/9.3.1/../../../../arm-none-eabi/lib/thumb/v7-m/nofp\libg.a(lib_a-memset.o)
 .ARM.attributes
                0x00000368       0x2d d:/gcc-arm-none-eabi/bin/../lib/gcc/arm-none-eabi/9.3.1/../../../../arm-none-eabi/lib/thumb/v7-m/nofp\libg.a(lib_a-puts.o)
 .ARM.attributes
                0x00000395       0x2d d:/gcc-arm-none-eabi/bin/../lib/gcc/arm-none-eabi/9.3.1/../../../../arm-none-eabi/lib/thumb/v7-m/nofp\libg.a(lib_a-strlen-stub.o)
 .ARM.attributes
                0x000003c2       0x2d d:/gcc-arm-none-eabi/bin/../lib/gcc/arm-none-eabi/9.3.1/../../../../arm-none-eabi/lib/thumb/v7-m/nofp\libg.a(lib_a-__call_atexit.o)
 .ARM.attributes
                0x000003ef       0x2d d:/gcc-arm-none-eabi/bin/../lib/gcc/arm-none-eabi/9.3.1/../../../../arm-none-eabi/lib/thumb/v7-m/nofp\libg.a(lib_a-atexit.o)
 .ARM.attributes
                0x0000041c       0x2d d:/gcc-arm-none-eabi/bin/../lib/gcc/arm-none-eabi/9.3.1/../../../../arm-none-eabi/lib/thumb/v7-m/nofp\libg.a(lib_a-findfp.o)
 .ARM.attributes
                0x00000449       0x2d d:/gcc-arm-none-eabi/bin/../lib/gcc/arm-none-eabi/9.3.1/../../../../arm-none-eabi/lib/thumb/v7-m/nofp\libg.a(lib_a-fini.o)
 .ARM.attributes
                0x00000476       0x2d d:/gcc-arm-none-eabi/bin/../lib/gcc/arm-none-eabi/9.3.1/../../../../arm-none-eabi/lib/thumb/v7-m/nofp\libg.a(lib_a-fvwrite.o)
 .ARM.attributes
                0x000004a3       0x2d d:/gcc-arm-none-eabi/bin/../lib/gcc/arm-none-eabi/9.3.1/../../../../arm-none-eabi/lib/thumb/v7-m/nofp\libg.a(lib_a-fwalk.o)
 .ARM.attributes
                0x000004d0       0x2d d:/gcc-arm-none-eabi/bin/../lib/gcc/arm-none-eabi/9.3.1/../../../../arm-none-eabi/lib/thumb/v7-m/nofp\libg.a(lib_a-lock.o)
 .ARM.attributes
                0x000004fd       0x2d d:/gcc-arm-none-eabi/bin/../lib/gcc/arm-none-eabi/9.3.1/../../../../arm-none-eabi/lib/thumb/v7-m/nofp\libg.a(lib_a-mallocr.o)
 .ARM.attributes
                0x0000052a       0x2d d:/gcc-arm-none-eabi/bin/../lib/gcc/arm-none-eabi/9.3.1/../../../../arm-none-eabi/lib/thumb/v7-m/nofp\libg.a(lib_a-memchr-stub.o)
 .ARM.attributes
                0x00000557       0x1b d:/gcc-arm-none-eabi/bin/../lib/gcc/arm-none-eabi/9.3.1/../../../../arm-none-eabi/lib/thumb/v7-m/nofp\libg.a(lib_a-memcpy.o)
 .ARM.attributes
                0x00000572       0x2d d:/gcc-arm-none-eabi/bin/../lib/gcc/arm-none-eabi/9.3.1/../../../../arm-none-eabi/lib/thumb/v7-m/nofp\libg.a(lib_a-memmove.o)
 .ARM.attributes
                0x0000059f       0x2d d:/gcc-arm-none-eabi/bin/../lib/gcc/arm-none-eabi/9.3.1/../../../../arm-none-eabi/lib/thumb/v7-m/nofp\libg.a(lib_a-mlock.o)
 .ARM.attributes
                0x000005cc       0x2d d:/gcc-arm-none-eabi/bin/../lib/gcc/arm-none-eabi/9.3.1/../../../../arm-none-eabi/lib/thumb/v7-m/nofp\libg.a(lib_a-reallocr.o)
 .ARM.attributes
                0x000005f9       0x2d d:/gcc-arm-none-eabi/bin/../lib/gcc/arm-none-eabi/9.3.1/../../../../arm-none-eabi/lib/thumb/v7-m/nofp\libg.a(lib_a-sbrkr.o)
 .ARM.attributes
                0x00000626       0x2d d:/gcc-arm-none-eabi/bin/../lib/gcc/arm-none-eabi/9.3.1/../../../../arm-none-eabi/lib/thumb/v7-m/nofp\libg.a(lib_a-stdio.o)
 .ARM.attributes
                0x00000653       0x2d d:/gcc-arm-none-eabi/bin/../lib/gcc/arm-none-eabi/9.3.1/../../../../arm-none-eabi/lib/thumb/v7-m/nofp\libg.a(lib_a-writer.o)
 .ARM.attributes
                0x00000680       0x2d d:/gcc-arm-none-eabi/bin/../lib/gcc/arm-none-eabi/9.3.1/../../../../arm-none-eabi/lib/thumb/v7-m/nofp\libg.a(lib_a-wsetup.o)
 .ARM.attributes
                0x000006ad       0x2d d:/gcc-arm-none-eabi/bin/../lib/gcc/arm-none-eabi/9.3.1/../../../../arm-none-eabi/lib/thumb/v7-m/nofp\libg.a(lib_a-__atexit.o)
 .ARM.attributes
                0x000006da       0x2d d:/gcc-arm-none-eabi/bin/../lib/gcc/arm-none-eabi/9.3.1/../../../../arm-none-eabi/lib/thumb/v7-m/nofp\libg.a(lib_a-closer.o)
 .ARM.attributes
                0x00000707       0x2d d:/gcc-arm-none-eabi/bin/../lib/gcc/arm-none-eabi/9.3.1/../../../../arm-none-eabi/lib/thumb/v7-m/nofp\libg.a(lib_a-fclose.o)
 .ARM.attributes
                0x00000734       0x2d d:/gcc-arm-none-eabi/bin/../lib/gcc/arm-none-eabi/9.3.1/../../../../arm-none-eabi/lib/thumb/v7-m/nofp\libg.a(lib_a-fflush.o)
 .ARM.attributes
                0x00000761       0x2d d:/gcc-arm-none-eabi/bin/../lib/gcc/arm-none-eabi/9.3.1/../../../../arm-none-eabi/lib/thumb/v7-m/nofp\libg.a(lib_a-freer.o)
 .ARM.attributes
                0x0000078e       0x2d d:/gcc-arm-none-eabi/bin/../lib/gcc/arm-none-eabi/9.3.1/../../../../arm-none-eabi/lib/thumb/v7-m/nofp\libg.a(lib_a-lseekr.o)
 .ARM.attributes
                0x000007bb       0x2d d:/gcc-arm-none-eabi/bin/../lib/gcc/arm-none-eabi/9.3.1/../../../../arm-none-eabi/lib/thumb/v7-m/nofp\libg.a(lib_a-makebuf.o)
 .ARM.attributes
                0x000007e8       0x2d d:/gcc-arm-none-eabi/bin/../lib/gcc/arm-none-eabi/9.3.1/../../../../arm-none-eabi/lib/thumb/v7-m/nofp\libg.a(lib_a-readr.o)
 .ARM.attributes
                0x00000815       0x2d d:/gcc-arm-none-eabi/bin/../lib/gcc/arm-none-eabi/9.3.1/../../../../arm-none-eabi/lib/thumb/v7-m/nofp\libg.a(lib_a-reent.o)
 .ARM.attributes
                0x00000842       0x2d d:/gcc-arm-none-eabi/bin/../lib/gcc/arm-none-eabi/9.3.1/../../../../arm-none-eabi/lib/thumb/v7-m/nofp\libg.a(lib_a-fstatr.o)
 .ARM.attributes
                0x0000086f       0x2d d:/gcc-arm-none-eabi/bin/../lib/gcc/arm-none-eabi/9.3.1/../../../../arm-none-eabi/lib/thumb/v7-m/nofp\libg.a(lib_a-isattyr.o)
 .ARM.attributes
                0x0000089c       0x1d d:/gcc-arm-none-eabi/bin/../lib/gcc/arm-none-eabi/9.3.1/thumb/v7-m/nofp/crtn.o
OUTPUT(newfolder.elf elf32-littlearm)
LOAD linker stubs
LOAD d:/gcc-arm-none-eabi/bin/../lib/gcc/arm-none-eabi/9.3.1/../../../../arm-none-eabi/lib/thumb/v7-m/nofp\libc.a
LOAD d:/gcc-arm-none-eabi/bin/../lib/gcc/arm-none-eabi/9.3.1/../../../../arm-none-eabi/lib/thumb/v7-m/nofp\libm.a
LOAD d:/gcc-arm-none-eabi/bin/../lib/gcc/arm-none-eabi/9.3.1/thumb/v7-m/nofp\libgcc.a

.debug_info     0x00000000     0x9e6e
 .debug_info    0x00000000     0x1b87 CMakeFiles/newfolder.elf.dir/Core/Src/main.c.obj
 .debug_info    0x00001b87     0x110a CMakeFiles/newfolder.elf.dir/Core/Src/stm32f1xx_hal_msp.c.obj
 .debug_info    0x00002c91      0x7f6 CMakeFiles/newfolder.elf.dir/Core/Src/stm32f1xx_it.c.obj
 .debug_info    0x00003487     0x112b CMakeFiles/newfolder.elf.dir/Core/Src/syscalls.c.obj
 .debug_info    0x000045b2      0x2c9 CMakeFiles/newfolder.elf.dir/Core/Src/system_stm32f1xx.c.obj
 .debug_info    0x0000487b      0x897 CMakeFiles/newfolder.elf.dir/Drivers/STM32F1xx_HAL_Driver/Src/stm32f1xx_hal.c.obj
 .debug_info    0x00005112      0xeac CMakeFiles/newfolder.elf.dir/Drivers/STM32F1xx_HAL_Driver/Src/stm32f1xx_hal_cortex.c.obj
 .debug_info    0x00005fbe      0x932 CMakeFiles/newfolder.elf.dir/Drivers/STM32F1xx_HAL_Driver/Src/stm32f1xx_hal_dma.c.obj
 .debug_info    0x000068f0      0x75b CMakeFiles/newfolder.elf.dir/Drivers/STM32F1xx_HAL_Driver/Src/stm32f1xx_hal_gpio.c.obj
 .debug_info    0x0000704b      0xaab CMakeFiles/newfolder.elf.dir/Drivers/STM32F1xx_HAL_Driver/Src/stm32f1xx_hal_rcc.c.obj
 .debug_info    0x00007af6     0x1919 CMakeFiles/newfolder.elf.dir/Drivers/STM32F1xx_HAL_Driver/Src/stm32f1xx_hal_uart.c.obj
 .debug_info    0x0000940f      0x3a6 CMakeFiles/newfolder.elf.dir/Hardware/Led.c.obj
 .debug_info    0x000097b5      0x697 CMakeFiles/newfolder.elf.dir/Hardware/uart.c.obj
 .debug_info    0x00009e4c       0x22 CMakeFiles/newfolder.elf.dir/startup/startup_stm32f103xe.s.obj

.debug_abbrev   0x00000000     0x1d9b
 .debug_abbrev  0x00000000      0x31f CMakeFiles/newfolder.elf.dir/Core/Src/main.c.obj
 .debug_abbrev  0x0000031f      0x255 CMakeFiles/newfolder.elf.dir/Core/Src/stm32f1xx_hal_msp.c.obj
 .debug_abbrev  0x00000574      0x1ab CMakeFiles/newfolder.elf.dir/Core/Src/stm32f1xx_it.c.obj
 .debug_abbrev  0x0000071f      0x31e CMakeFiles/newfolder.elf.dir/Core/Src/syscalls.c.obj
 .debug_abbrev  0x00000a3d      0x151 CMakeFiles/newfolder.elf.dir/Core/Src/system_stm32f1xx.c.obj
 .debug_abbrev  0x00000b8e      0x219 CMakeFiles/newfolder.elf.dir/Drivers/STM32F1xx_HAL_Driver/Src/stm32f1xx_hal.c.obj
 .debug_abbrev  0x00000da7      0x367 CMakeFiles/newfolder.elf.dir/Drivers/STM32F1xx_HAL_Driver/Src/stm32f1xx_hal_cortex.c.obj
 .debug_abbrev  0x0000110e      0x262 CMakeFiles/newfolder.elf.dir/Drivers/STM32F1xx_HAL_Driver/Src/stm32f1xx_hal_dma.c.obj
 .debug_abbrev  0x00001370      0x213 CMakeFiles/newfolder.elf.dir/Drivers/STM32F1xx_HAL_Driver/Src/stm32f1xx_hal_gpio.c.obj
 .debug_abbrev  0x00001583      0x28d CMakeFiles/newfolder.elf.dir/Drivers/STM32F1xx_HAL_Driver/Src/stm32f1xx_hal_rcc.c.obj
 .debug_abbrev  0x00001810      0x293 CMakeFiles/newfolder.elf.dir/Drivers/STM32F1xx_HAL_Driver/Src/stm32f1xx_hal_uart.c.obj
 .debug_abbrev  0x00001aa3      0x17b CMakeFiles/newfolder.elf.dir/Hardware/Led.c.obj
 .debug_abbrev  0x00001c1e      0x16b CMakeFiles/newfolder.elf.dir/Hardware/uart.c.obj
 .debug_abbrev  0x00001d89       0x12 CMakeFiles/newfolder.elf.dir/startup/startup_stm32f103xe.s.obj

.debug_loc      0x00000000     0x3ae1
 .debug_loc     0x00000000       0x53 CMakeFiles/newfolder.elf.dir/Core/Src/main.c.obj
 .debug_loc     0x00000053      0x10a CMakeFiles/newfolder.elf.dir/Core/Src/stm32f1xx_hal_msp.c.obj
 .debug_loc     0x0000015d       0x16 CMakeFiles/newfolder.elf.dir/Core/Src/stm32f1xx_it.c.obj
 .debug_loc     0x00000173      0x436 CMakeFiles/newfolder.elf.dir/Core/Src/syscalls.c.obj
 .debug_loc     0x000005a9       0xff CMakeFiles/newfolder.elf.dir/Core/Src/system_stm32f1xx.c.obj
 .debug_loc     0x000006a8      0x141 CMakeFiles/newfolder.elf.dir/Drivers/STM32F1xx_HAL_Driver/Src/stm32f1xx_hal.c.obj
 .debug_loc     0x000007e9      0x71f CMakeFiles/newfolder.elf.dir/Drivers/STM32F1xx_HAL_Driver/Src/stm32f1xx_hal_cortex.c.obj
 .debug_loc     0x00000f08      0x7ce CMakeFiles/newfolder.elf.dir/Drivers/STM32F1xx_HAL_Driver/Src/stm32f1xx_hal_dma.c.obj
 .debug_loc     0x000016d6      0x45b CMakeFiles/newfolder.elf.dir/Drivers/STM32F1xx_HAL_Driver/Src/stm32f1xx_hal_gpio.c.obj
 .debug_loc     0x00001b31      0x610 CMakeFiles/newfolder.elf.dir/Drivers/STM32F1xx_HAL_Driver/Src/stm32f1xx_hal_rcc.c.obj
 .debug_loc     0x00002141     0x1951 CMakeFiles/newfolder.elf.dir/Drivers/STM32F1xx_HAL_Driver/Src/stm32f1xx_hal_uart.c.obj
 .debug_loc     0x00003a92       0x4f CMakeFiles/newfolder.elf.dir/Hardware/uart.c.obj

.debug_aranges  0x00000000      0x6e0
 .debug_aranges
                0x00000000       0x38 CMakeFiles/newfolder.elf.dir/Core/Src/main.c.obj
 .debug_aranges
                0x00000038       0x48 CMakeFiles/newfolder.elf.dir/Core/Src/stm32f1xx_hal_msp.c.obj
 .debug_aranges
                0x00000080       0x78 CMakeFiles/newfolder.elf.dir/Core/Src/stm32f1xx_it.c.obj
 .debug_aranges
                0x000000f8       0xb0 CMakeFiles/newfolder.elf.dir/Core/Src/syscalls.c.obj
 .debug_aranges
                0x000001a8       0x28 CMakeFiles/newfolder.elf.dir/Core/Src/system_stm32f1xx.c.obj
 .debug_aranges
                0x000001d0       0xe0 CMakeFiles/newfolder.elf.dir/Drivers/STM32F1xx_HAL_Driver/Src/stm32f1xx_hal.c.obj
 .debug_aranges
                0x000002b0       0x90 CMakeFiles/newfolder.elf.dir/Drivers/STM32F1xx_HAL_Driver/Src/stm32f1xx_hal_cortex.c.obj
 .debug_aranges
                0x00000340       0x80 CMakeFiles/newfolder.elf.dir/Drivers/STM32F1xx_HAL_Driver/Src/stm32f1xx_hal_dma.c.obj
 .debug_aranges
                0x000003c0       0x58 CMakeFiles/newfolder.elf.dir/Drivers/STM32F1xx_HAL_Driver/Src/stm32f1xx_hal_gpio.c.obj
 .debug_aranges
                0x00000418       0x90 CMakeFiles/newfolder.elf.dir/Drivers/STM32F1xx_HAL_Driver/Src/stm32f1xx_hal_rcc.c.obj
 .debug_aranges
                0x000004a8      0x1d0 CMakeFiles/newfolder.elf.dir/Drivers/STM32F1xx_HAL_Driver/Src/stm32f1xx_hal_uart.c.obj
 .debug_aranges
                0x00000678       0x20 CMakeFiles/newfolder.elf.dir/Hardware/Led.c.obj
 .debug_aranges
                0x00000698       0x20 CMakeFiles/newfolder.elf.dir/Hardware/uart.c.obj
 .debug_aranges
                0x000006b8       0x28 CMakeFiles/newfolder.elf.dir/startup/startup_stm32f103xe.s.obj

.debug_ranges   0x00000000      0x688
 .debug_ranges  0x00000000       0x28 CMakeFiles/newfolder.elf.dir/Core/Src/main.c.obj
 .debug_ranges  0x00000028       0x38 CMakeFiles/newfolder.elf.dir/Core/Src/stm32f1xx_hal_msp.c.obj
 .debug_ranges  0x00000060       0x68 CMakeFiles/newfolder.elf.dir/Core/Src/stm32f1xx_it.c.obj
 .debug_ranges  0x000000c8       0xa0 CMakeFiles/newfolder.elf.dir/Core/Src/syscalls.c.obj
 .debug_ranges  0x00000168       0x18 CMakeFiles/newfolder.elf.dir/Core/Src/system_stm32f1xx.c.obj
 .debug_ranges  0x00000180       0xd0 CMakeFiles/newfolder.elf.dir/Drivers/STM32F1xx_HAL_Driver/Src/stm32f1xx_hal.c.obj
 .debug_ranges  0x00000250       0xe0 CMakeFiles/newfolder.elf.dir/Drivers/STM32F1xx_HAL_Driver/Src/stm32f1xx_hal_cortex.c.obj
 .debug_ranges  0x00000330       0x70 CMakeFiles/newfolder.elf.dir/Drivers/STM32F1xx_HAL_Driver/Src/stm32f1xx_hal_dma.c.obj
 .debug_ranges  0x000003a0       0x48 CMakeFiles/newfolder.elf.dir/Drivers/STM32F1xx_HAL_Driver/Src/stm32f1xx_hal_gpio.c.obj
 .debug_ranges  0x000003e8       0xa0 CMakeFiles/newfolder.elf.dir/Drivers/STM32F1xx_HAL_Driver/Src/stm32f1xx_hal_rcc.c.obj
 .debug_ranges  0x00000488      0x1c0 CMakeFiles/newfolder.elf.dir/Drivers/STM32F1xx_HAL_Driver/Src/stm32f1xx_hal_uart.c.obj
 .debug_ranges  0x00000648       0x10 CMakeFiles/newfolder.elf.dir/Hardware/Led.c.obj
 .debug_ranges  0x00000658       0x10 CMakeFiles/newfolder.elf.dir/Hardware/uart.c.obj
 .debug_ranges  0x00000668       0x20 CMakeFiles/newfolder.elf.dir/startup/startup_stm32f103xe.s.obj

.debug_line     0x00000000     0x6150
 .debug_line    0x00000000      0x526 CMakeFiles/newfolder.elf.dir/Core/Src/main.c.obj
 .debug_line    0x00000526      0x4bd CMakeFiles/newfolder.elf.dir/Core/Src/stm32f1xx_hal_msp.c.obj
 .debug_line    0x000009e3      0x381 CMakeFiles/newfolder.elf.dir/Core/Src/stm32f1xx_it.c.obj
 .debug_line    0x00000d64      0x4c5 CMakeFiles/newfolder.elf.dir/Core/Src/syscalls.c.obj
 .debug_line    0x00001229      0x29a CMakeFiles/newfolder.elf.dir/Core/Src/system_stm32f1xx.c.obj
 .debug_line    0x000014c3      0x52a CMakeFiles/newfolder.elf.dir/Drivers/STM32F1xx_HAL_Driver/Src/stm32f1xx_hal.c.obj
 .debug_line    0x000019ed      0x680 CMakeFiles/newfolder.elf.dir/Drivers/STM32F1xx_HAL_Driver/Src/stm32f1xx_hal_cortex.c.obj
 .debug_line    0x0000206d      0xd37 CMakeFiles/newfolder.elf.dir/Drivers/STM32F1xx_HAL_Driver/Src/stm32f1xx_hal_dma.c.obj
 .debug_line    0x00002da4      0x63d CMakeFiles/newfolder.elf.dir/Drivers/STM32F1xx_HAL_Driver/Src/stm32f1xx_hal_gpio.c.obj
 .debug_line    0x000033e1      0xc47 CMakeFiles/newfolder.elf.dir/Drivers/STM32F1xx_HAL_Driver/Src/stm32f1xx_hal_rcc.c.obj
 .debug_line    0x00004028     0x1bec CMakeFiles/newfolder.elf.dir/Drivers/STM32F1xx_HAL_Driver/Src/stm32f1xx_hal_uart.c.obj
 .debug_line    0x00005c14      0x205 CMakeFiles/newfolder.elf.dir/Hardware/Led.c.obj
 .debug_line    0x00005e19      0x2a8 CMakeFiles/newfolder.elf.dir/Hardware/uart.c.obj
 .debug_line    0x000060c1       0x8f CMakeFiles/newfolder.elf.dir/startup/startup_stm32f103xe.s.obj

.debug_str      0x00000000     0x29d9
 .debug_str     0x00000000     0x1386 CMakeFiles/newfolder.elf.dir/Core/Src/main.c.obj
                               0x147b (size before relaxing)
 .debug_str     0x00001386      0x12d CMakeFiles/newfolder.elf.dir/Core/Src/stm32f1xx_hal_msp.c.obj
                                0xf19 (size before relaxing)
 .debug_str     0x000014b3      0x14e CMakeFiles/newfolder.elf.dir/Core/Src/stm32f1xx_it.c.obj
                                0x7e5 (size before relaxing)
 .debug_str     0x00001601      0x274 CMakeFiles/newfolder.elf.dir/Core/Src/syscalls.c.obj
                                0x83f (size before relaxing)
 .debug_str     0x00001875       0x64 CMakeFiles/newfolder.elf.dir/Core/Src/system_stm32f1xx.c.obj
                                0x315 (size before relaxing)
 .debug_str     0x000018d9      0x290 CMakeFiles/newfolder.elf.dir/Drivers/STM32F1xx_HAL_Driver/Src/stm32f1xx_hal.c.obj
                                0x976 (size before relaxing)
 .debug_str     0x00001b69      0x3a6 CMakeFiles/newfolder.elf.dir/Drivers/STM32F1xx_HAL_Driver/Src/stm32f1xx_hal_cortex.c.obj
                                0xa92 (size before relaxing)
 .debug_str     0x00001f0f      0x222 CMakeFiles/newfolder.elf.dir/Drivers/STM32F1xx_HAL_Driver/Src/stm32f1xx_hal_dma.c.obj
                                0x6fc (size before relaxing)
 .debug_str     0x00002131      0x127 CMakeFiles/newfolder.elf.dir/Drivers/STM32F1xx_HAL_Driver/Src/stm32f1xx_hal_gpio.c.obj
                                0x4ff (size before relaxing)
 .debug_str     0x00002258      0x206 CMakeFiles/newfolder.elf.dir/Drivers/STM32F1xx_HAL_Driver/Src/stm32f1xx_hal_rcc.c.obj
                                0x6e1 (size before relaxing)
 .debug_str     0x0000245e      0x4f1 CMakeFiles/newfolder.elf.dir/Drivers/STM32F1xx_HAL_Driver/Src/stm32f1xx_hal_uart.c.obj
                                0xc8f (size before relaxing)
 .debug_str     0x0000294f       0x24 CMakeFiles/newfolder.elf.dir/Hardware/Led.c.obj
                                0x374 (size before relaxing)
 .debug_str     0x00002973       0x25 CMakeFiles/newfolder.elf.dir/Hardware/uart.c.obj
                                0x67b (size before relaxing)
 .debug_str     0x00002998       0x41 CMakeFiles/newfolder.elf.dir/startup/startup_stm32f103xe.s.obj
                                 0x68 (size before relaxing)

.comment        0x00000000       0x4c
 .comment       0x00000000       0x4c CMakeFiles/newfolder.elf.dir/Core/Src/main.c.obj
                                 0x4d (size before relaxing)
 .comment       0x0000004c       0x4d CMakeFiles/newfolder.elf.dir/Core/Src/stm32f1xx_hal_msp.c.obj
 .comment       0x0000004c       0x4d CMakeFiles/newfolder.elf.dir/Core/Src/stm32f1xx_it.c.obj
 .comment       0x0000004c       0x4d CMakeFiles/newfolder.elf.dir/Core/Src/syscalls.c.obj
 .comment       0x0000004c       0x4d CMakeFiles/newfolder.elf.dir/Core/Src/system_stm32f1xx.c.obj
 .comment       0x0000004c       0x4d CMakeFiles/newfolder.elf.dir/Drivers/STM32F1xx_HAL_Driver/Src/stm32f1xx_hal.c.obj
 .comment       0x0000004c       0x4d CMakeFiles/newfolder.elf.dir/Drivers/STM32F1xx_HAL_Driver/Src/stm32f1xx_hal_cortex.c.obj
 .comment       0x0000004c       0x4d CMakeFiles/newfolder.elf.dir/Drivers/STM32F1xx_HAL_Driver/Src/stm32f1xx_hal_dma.c.obj
 .comment       0x0000004c       0x4d CMakeFiles/newfolder.elf.dir/Drivers/STM32F1xx_HAL_Driver/Src/stm32f1xx_hal_gpio.c.obj
 .comment       0x0000004c       0x4d CMakeFiles/newfolder.elf.dir/Drivers/STM32F1xx_HAL_Driver/Src/stm32f1xx_hal_rcc.c.obj
 .comment       0x0000004c       0x4d CMakeFiles/newfolder.elf.dir/Drivers/STM32F1xx_HAL_Driver/Src/stm32f1xx_hal_uart.c.obj
 .comment       0x0000004c       0x4d CMakeFiles/newfolder.elf.dir/Hardware/Led.c.obj
 .comment       0x0000004c       0x4d CMakeFiles/newfolder.elf.dir/Hardware/uart.c.obj

.debug_frame    0x00000000     0x19a8
 .debug_frame   0x00000000       0x80 CMakeFiles/newfolder.elf.dir/Core/Src/main.c.obj
 .debug_frame   0x00000080       0xb4 CMakeFiles/newfolder.elf.dir/Core/Src/stm32f1xx_hal_msp.c.obj
 .debug_frame   0x00000134       0xf0 CMakeFiles/newfolder.elf.dir/Core/Src/stm32f1xx_it.c.obj
 .debug_frame   0x00000224      0x1a8 CMakeFiles/newfolder.elf.dir/Core/Src/syscalls.c.obj
 .debug_frame   0x000003cc       0x30 CMakeFiles/newfolder.elf.dir/Core/Src/system_stm32f1xx.c.obj
 .debug_frame   0x000003fc      0x1cc CMakeFiles/newfolder.elf.dir/Drivers/STM32F1xx_HAL_Driver/Src/stm32f1xx_hal.c.obj
 .debug_frame   0x000005c8      0x12c CMakeFiles/newfolder.elf.dir/Drivers/STM32F1xx_HAL_Driver/Src/stm32f1xx_hal_cortex.c.obj
 .debug_frame   0x000006f4      0x144 CMakeFiles/newfolder.elf.dir/Drivers/STM32F1xx_HAL_Driver/Src/stm32f1xx_hal_dma.c.obj
 .debug_frame   0x00000838       0xe8 CMakeFiles/newfolder.elf.dir/Drivers/STM32F1xx_HAL_Driver/Src/stm32f1xx_hal_gpio.c.obj
 .debug_frame   0x00000920      0x190 CMakeFiles/newfolder.elf.dir/Drivers/STM32F1xx_HAL_Driver/Src/stm32f1xx_hal_rcc.c.obj
 .debug_frame   0x00000ab0      0x4e8 CMakeFiles/newfolder.elf.dir/Drivers/STM32F1xx_HAL_Driver/Src/stm32f1xx_hal_uart.c.obj
 .debug_frame   0x00000f98       0x30 CMakeFiles/newfolder.elf.dir/Hardware/Led.c.obj
 .debug_frame   0x00000fc8       0x20 CMakeFiles/newfolder.elf.dir/Hardware/uart.c.obj
 .debug_frame   0x00000fe8       0x20 d:/gcc-arm-none-eabi/bin/../lib/gcc/arm-none-eabi/9.3.1/../../../../arm-none-eabi/lib/thumb/v7-m/nofp\libg.a(lib_a-errno.o)
 .debug_frame   0x00001008       0x2c d:/gcc-arm-none-eabi/bin/../lib/gcc/arm-none-eabi/9.3.1/../../../../arm-none-eabi/lib/thumb/v7-m/nofp\libg.a(lib_a-init.o)
 .debug_frame   0x00001034       0x38 d:/gcc-arm-none-eabi/bin/../lib/gcc/arm-none-eabi/9.3.1/../../../../arm-none-eabi/lib/thumb/v7-m/nofp\libg.a(lib_a-memset.o)
 .debug_frame   0x0000106c       0x4c d:/gcc-arm-none-eabi/bin/../lib/gcc/arm-none-eabi/9.3.1/../../../../arm-none-eabi/lib/thumb/v7-m/nofp\libg.a(lib_a-puts.o)
 .debug_frame   0x000010b8       0x20 d:/gcc-arm-none-eabi/bin/../lib/gcc/arm-none-eabi/9.3.1/../../../../arm-none-eabi/lib/thumb/v7-m/nofp\libg.a(lib_a-strlen-stub.o)
 .debug_frame   0x000010d8       0x5c d:/gcc-arm-none-eabi/bin/../lib/gcc/arm-none-eabi/9.3.1/../../../../arm-none-eabi/lib/thumb/v7-m/nofp\libg.a(lib_a-__call_atexit.o)
 .debug_frame   0x00001134       0x20 d:/gcc-arm-none-eabi/bin/../lib/gcc/arm-none-eabi/9.3.1/../../../../arm-none-eabi/lib/thumb/v7-m/nofp\libg.a(lib_a-atexit.o)
 .debug_frame   0x00001154      0x154 d:/gcc-arm-none-eabi/bin/../lib/gcc/arm-none-eabi/9.3.1/../../../../arm-none-eabi/lib/thumb/v7-m/nofp\libg.a(lib_a-findfp.o)
 .debug_frame   0x000012a8       0x34 d:/gcc-arm-none-eabi/bin/../lib/gcc/arm-none-eabi/9.3.1/../../../../arm-none-eabi/lib/thumb/v7-m/nofp\libg.a(lib_a-fini.o)
 .debug_frame   0x000012dc       0x64 d:/gcc-arm-none-eabi/bin/../lib/gcc/arm-none-eabi/9.3.1/../../../../arm-none-eabi/lib/thumb/v7-m/nofp\libg.a(lib_a-fvwrite.o)
 .debug_frame   0x00001340       0x54 d:/gcc-arm-none-eabi/bin/../lib/gcc/arm-none-eabi/9.3.1/../../../../arm-none-eabi/lib/thumb/v7-m/nofp\libg.a(lib_a-fwalk.o)
 .debug_frame   0x00001394       0xb0 d:/gcc-arm-none-eabi/bin/../lib/gcc/arm-none-eabi/9.3.1/../../../../arm-none-eabi/lib/thumb/v7-m/nofp\libg.a(lib_a-lock.o)
 .debug_frame   0x00001444       0x4c d:/gcc-arm-none-eabi/bin/../lib/gcc/arm-none-eabi/9.3.1/../../../../arm-none-eabi/lib/thumb/v7-m/nofp\libg.a(lib_a-mallocr.o)
 .debug_frame   0x00001490       0x44 d:/gcc-arm-none-eabi/bin/../lib/gcc/arm-none-eabi/9.3.1/../../../../arm-none-eabi/lib/thumb/v7-m/nofp\libg.a(lib_a-memchr-stub.o)
 .debug_frame   0x000014d4       0x40 d:/gcc-arm-none-eabi/bin/../lib/gcc/arm-none-eabi/9.3.1/../../../../arm-none-eabi/lib/thumb/v7-m/nofp\libg.a(lib_a-memmove.o)
 .debug_frame   0x00001514       0x30 d:/gcc-arm-none-eabi/bin/../lib/gcc/arm-none-eabi/9.3.1/../../../../arm-none-eabi/lib/thumb/v7-m/nofp\libg.a(lib_a-mlock.o)
 .debug_frame   0x00001544       0x48 d:/gcc-arm-none-eabi/bin/../lib/gcc/arm-none-eabi/9.3.1/../../../../arm-none-eabi/lib/thumb/v7-m/nofp\libg.a(lib_a-reallocr.o)
 .debug_frame   0x0000158c       0x2c d:/gcc-arm-none-eabi/bin/../lib/gcc/arm-none-eabi/9.3.1/../../../../arm-none-eabi/lib/thumb/v7-m/nofp\libg.a(lib_a-sbrkr.o)
 .debug_frame   0x000015b8       0x8c d:/gcc-arm-none-eabi/bin/../lib/gcc/arm-none-eabi/9.3.1/../../../../arm-none-eabi/lib/thumb/v7-m/nofp\libg.a(lib_a-stdio.o)
 .debug_frame   0x00001644       0x30 d:/gcc-arm-none-eabi/bin/../lib/gcc/arm-none-eabi/9.3.1/../../../../arm-none-eabi/lib/thumb/v7-m/nofp\libg.a(lib_a-writer.o)
 .debug_frame   0x00001674       0x2c d:/gcc-arm-none-eabi/bin/../lib/gcc/arm-none-eabi/9.3.1/../../../../arm-none-eabi/lib/thumb/v7-m/nofp\libg.a(lib_a-wsetup.o)
 .debug_frame   0x000016a0       0x34 d:/gcc-arm-none-eabi/bin/../lib/gcc/arm-none-eabi/9.3.1/../../../../arm-none-eabi/lib/thumb/v7-m/nofp\libg.a(lib_a-__atexit.o)
 .debug_frame   0x000016d4       0x2c d:/gcc-arm-none-eabi/bin/../lib/gcc/arm-none-eabi/9.3.1/../../../../arm-none-eabi/lib/thumb/v7-m/nofp\libg.a(lib_a-closer.o)
 .debug_frame   0x00001700       0x3c d:/gcc-arm-none-eabi/bin/../lib/gcc/arm-none-eabi/9.3.1/../../../../arm-none-eabi/lib/thumb/v7-m/nofp\libg.a(lib_a-fclose.o)
 .debug_frame   0x0000173c       0x5c d:/gcc-arm-none-eabi/bin/../lib/gcc/arm-none-eabi/9.3.1/../../../../arm-none-eabi/lib/thumb/v7-m/nofp\libg.a(lib_a-fflush.o)
 .debug_frame   0x00001798       0x8c d:/gcc-arm-none-eabi/bin/../lib/gcc/arm-none-eabi/9.3.1/../../../../arm-none-eabi/lib/thumb/v7-m/nofp\libg.a(lib_a-freer.o)
 .debug_frame   0x00001824       0x30 d:/gcc-arm-none-eabi/bin/../lib/gcc/arm-none-eabi/9.3.1/../../../../arm-none-eabi/lib/thumb/v7-m/nofp\libg.a(lib_a-lseekr.o)
 .debug_frame   0x00001854       0x6c d:/gcc-arm-none-eabi/bin/../lib/gcc/arm-none-eabi/9.3.1/../../../../arm-none-eabi/lib/thumb/v7-m/nofp\libg.a(lib_a-makebuf.o)
 .debug_frame   0x000018c0       0x30 d:/gcc-arm-none-eabi/bin/../lib/gcc/arm-none-eabi/9.3.1/../../../../arm-none-eabi/lib/thumb/v7-m/nofp\libg.a(lib_a-readr.o)
 .debug_frame   0x000018f0       0x60 d:/gcc-arm-none-eabi/bin/../lib/gcc/arm-none-eabi/9.3.1/../../../../arm-none-eabi/lib/thumb/v7-m/nofp\libg.a(lib_a-reent.o)
 .debug_frame   0x00001950       0x2c d:/gcc-arm-none-eabi/bin/../lib/gcc/arm-none-eabi/9.3.1/../../../../arm-none-eabi/lib/thumb/v7-m/nofp\libg.a(lib_a-fstatr.o)
 .debug_frame   0x0000197c       0x2c d:/gcc-arm-none-eabi/bin/../lib/gcc/arm-none-eabi/9.3.1/../../../../arm-none-eabi/lib/thumb/v7-m/nofp\libg.a(lib_a-isattyr.o)
